Archive member included because of file (symbol)

c:/program files (x86)/atmel studio/7.0/toolchain/arm/arm-gnu-toolchain/bin/../lib/gcc/arm-none-eabi/4.9.3/../../../../arm-none-eabi/lib/armv7e-m\libc.a(lib_a-exit.o)
                              c:/program files (x86)/atmel studio/7.0/toolchain/arm/arm-gnu-toolchain/bin/../lib/gcc/arm-none-eabi/4.9.3/../../../../arm-none-eabi/lib/armv7e-m/crt0.o (exit)
c:/program files (x86)/atmel studio/7.0/toolchain/arm/arm-gnu-toolchain/bin/../lib/gcc/arm-none-eabi/4.9.3/../../../../arm-none-eabi/lib/armv7e-m\libc.a(lib_a-impure.o)
                              c:/program files (x86)/atmel studio/7.0/toolchain/arm/arm-gnu-toolchain/bin/../lib/gcc/arm-none-eabi/4.9.3/../../../../arm-none-eabi/lib/armv7e-m\libc.a(lib_a-exit.o) (_global_impure_ptr)
c:/program files (x86)/atmel studio/7.0/toolchain/arm/arm-gnu-toolchain/bin/../lib/gcc/arm-none-eabi/4.9.3/../../../../arm-none-eabi/lib/armv7e-m\libc.a(lib_a-init.o)
                              c:/program files (x86)/atmel studio/7.0/toolchain/arm/arm-gnu-toolchain/bin/../lib/gcc/arm-none-eabi/4.9.3/../../../../arm-none-eabi/lib/armv7e-m/crt0.o (__libc_init_array)
c:/program files (x86)/atmel studio/7.0/toolchain/arm/arm-gnu-toolchain/bin/../lib/gcc/arm-none-eabi/4.9.3/../../../../arm-none-eabi/lib/armv7e-m\libc.a(lib_a-iprintf.o)
                              src/ASF/sam/utils/syscalls/gcc/syscalls.o (iprintf)
c:/program files (x86)/atmel studio/7.0/toolchain/arm/arm-gnu-toolchain/bin/../lib/gcc/arm-none-eabi/4.9.3/../../../../arm-none-eabi/lib/armv7e-m\libc.a(lib_a-memset.o)
                              c:/program files (x86)/atmel studio/7.0/toolchain/arm/arm-gnu-toolchain/bin/../lib/gcc/arm-none-eabi/4.9.3/../../../../arm-none-eabi/lib/armv7e-m/crt0.o (memset)
c:/program files (x86)/atmel studio/7.0/toolchain/arm/arm-gnu-toolchain/bin/../lib/gcc/arm-none-eabi/4.9.3/../../../../arm-none-eabi/lib/armv7e-m\libc.a(lib_a-vfiprintf.o)
                              c:/program files (x86)/atmel studio/7.0/toolchain/arm/arm-gnu-toolchain/bin/../lib/gcc/arm-none-eabi/4.9.3/../../../../arm-none-eabi/lib/armv7e-m\libc.a(lib_a-iprintf.o) (_vfiprintf_r)
c:/program files (x86)/atmel studio/7.0/toolchain/arm/arm-gnu-toolchain/bin/../lib/gcc/arm-none-eabi/4.9.3/../../../../arm-none-eabi/lib/armv7e-m\libc.a(lib_a-wsetup.o)
                              c:/program files (x86)/atmel studio/7.0/toolchain/arm/arm-gnu-toolchain/bin/../lib/gcc/arm-none-eabi/4.9.3/../../../../arm-none-eabi/lib/armv7e-m\libc.a(lib_a-vfiprintf.o) (__swsetup_r)
c:/program files (x86)/atmel studio/7.0/toolchain/arm/arm-gnu-toolchain/bin/../lib/gcc/arm-none-eabi/4.9.3/../../../../arm-none-eabi/lib/armv7e-m\libc.a(lib_a-__call_atexit.o)
                              c:/program files (x86)/atmel studio/7.0/toolchain/arm/arm-gnu-toolchain/bin/../lib/gcc/arm-none-eabi/4.9.3/../../../../arm-none-eabi/lib/armv7e-m\libc.a(lib_a-exit.o) (__call_exitprocs)
c:/program files (x86)/atmel studio/7.0/toolchain/arm/arm-gnu-toolchain/bin/../lib/gcc/arm-none-eabi/4.9.3/../../../../arm-none-eabi/lib/armv7e-m\libc.a(lib_a-atexit.o)
                              c:/program files (x86)/atmel studio/7.0/toolchain/arm/arm-gnu-toolchain/bin/../lib/gcc/arm-none-eabi/4.9.3/../../../../arm-none-eabi/lib/armv7e-m\libc.a(lib_a-__call_atexit.o) (atexit)
c:/program files (x86)/atmel studio/7.0/toolchain/arm/arm-gnu-toolchain/bin/../lib/gcc/arm-none-eabi/4.9.3/../../../../arm-none-eabi/lib/armv7e-m\libc.a(lib_a-fflush.o)
                              c:/program files (x86)/atmel studio/7.0/toolchain/arm/arm-gnu-toolchain/bin/../lib/gcc/arm-none-eabi/4.9.3/../../../../arm-none-eabi/lib/armv7e-m\libc.a(lib_a-vfiprintf.o) (_fflush_r)
c:/program files (x86)/atmel studio/7.0/toolchain/arm/arm-gnu-toolchain/bin/../lib/gcc/arm-none-eabi/4.9.3/../../../../arm-none-eabi/lib/armv7e-m\libc.a(lib_a-findfp.o)
                              c:/program files (x86)/atmel studio/7.0/toolchain/arm/arm-gnu-toolchain/bin/../lib/gcc/arm-none-eabi/4.9.3/../../../../arm-none-eabi/lib/armv7e-m\libc.a(lib_a-vfiprintf.o) (__sinit)
c:/program files (x86)/atmel studio/7.0/toolchain/arm/arm-gnu-toolchain/bin/../lib/gcc/arm-none-eabi/4.9.3/../../../../arm-none-eabi/lib/armv7e-m\libc.a(lib_a-fini.o)
                              c:/program files (x86)/atmel studio/7.0/toolchain/arm/arm-gnu-toolchain/bin/../lib/gcc/arm-none-eabi/4.9.3/../../../../arm-none-eabi/lib/armv7e-m\libc.a(lib_a-__call_atexit.o) (__libc_fini_array)
c:/program files (x86)/atmel studio/7.0/toolchain/arm/arm-gnu-toolchain/bin/../lib/gcc/arm-none-eabi/4.9.3/../../../../arm-none-eabi/lib/armv7e-m\libc.a(lib_a-fputwc.o)
                              c:/program files (x86)/atmel studio/7.0/toolchain/arm/arm-gnu-toolchain/bin/../lib/gcc/arm-none-eabi/4.9.3/../../../../arm-none-eabi/lib/armv7e-m\libc.a(lib_a-vfiprintf.o) (_fputwc_r)
[...]
Memory Configuration

Name             Origin             Length             Attributes
rom              0x00400000         0x00020000         xr
ram              0x20000000         0x00010000         xrw
*default*        0x00000000         0xffffffff

Linker script and memory map

LOAD c:/program files (x86)/atmel studio/7.0/toolchain/arm/arm-gnu-toolchain/bin/../lib/gcc/arm-none-eabi/4.9.3/armv7e-m/crti.o
LOAD c:/program files (x86)/atmel studio/7.0/toolchain/arm/arm-gnu-toolchain/bin/../lib/gcc/arm-none-eabi/4.9.3/armv7e-m/crtbegin.o
LOAD c:/program files (x86)/atmel studio/7.0/toolchain/arm/arm-gnu-toolchain/bin/../lib/gcc/arm-none-eabi/4.9.3/../../../../arm-none-eabi/lib/armv7e-m/crt0.o
LOAD src/ASF/common/services/sleepmgr/sam/sleepmgr.o
LOAD src/ASF/common/services/usb/class/vendor/device/udi_vendor.o
LOAD src/ASF/common/services/usb/udc/udc.o
LOAD src/ASF/sam/drivers/pio/pio_handler.o
LOAD src/ASF/sam/drivers/spi/spi.o
LOAD src/ASF/sam/drivers/udp/udp_device.o
LOAD src/ASF/common/services/usb/class/vendor/device/udi_vendor_desc.o
LOAD src/ASF/common/services/clock/sam4s/sysclk.o
LOAD src/ASF/sam/drivers/dacc/dacc.o
LOAD src/ASF/sam/drivers/matrix/matrix.o
LOAD src/ASF/sam/drivers/pio/pio.o
LOAD src/ASF/sam/drivers/pmc/pmc.o
LOAD src/ASF/sam/drivers/pmc/sleep.o
LOAD src/ASF/common/boards/user_board/init.o
LOAD src/ASF/common/utils/interrupt/interrupt_sam_nvic.o
LOAD src/ASF/sam/utils/cmsis/sam4s/source/templates/gcc/startup_sam4s.o
LOAD src/ASF/sam/utils/cmsis/sam4s/source/templates/system_sam4s.o
LOAD src/ASF/sam/utils/syscalls/gcc/syscalls.o
LOAD src/main.o
START GROUP
LOAD ../src/ASF/thirdparty/CMSIS/Lib/GCC\libarm_cortexM4l_math.a
LOAD c:/program files (x86)/atmel studio/7.0/toolchain/arm/arm-gnu-toolchain/bin/../lib/gcc/arm-none-eabi/4.9.3/../../../../arm-none-eabi/lib/armv7e-m\libm.a
END GROUP
START GROUP
LOAD c:/program files (x86)/atmel studio/7.0/toolchain/arm/arm-gnu-toolchain/bin/../lib/gcc/arm-none-eabi/4.9.3/armv7e-m\libgcc.a
LOAD c:/program files (x86)/atmel studio/7.0/toolchain/arm/arm-gnu-toolchain/bin/../lib/gcc/arm-none-eabi/4.9.3/../../../../arm-none-eabi/lib/armv7e-m\libc.a
END GROUP
LOAD c:/program files (x86)/atmel studio/7.0/toolchain/arm/arm-gnu-toolchain/bin/../lib/gcc/arm-none-eabi/4.9.3/armv7e-m/crtend.o
LOAD c:/program files (x86)/atmel studio/7.0/toolchain/arm/arm-gnu-toolchain/bin/../lib/gcc/arm-none-eabi/4.9.3/armv7e-m/crtn.o
                0x00003000                __stack_size__ = DEFINED (__stack_size__)?__stack_size__:0x3000
                0x2000fffc                __ram_end__ = ((ORIGIN (ram) + 0x10000) - 0x4)

.text           0x00400000     0x318c
                0x00400000                . = ALIGN (0x4)
                0x00400000                _sfixed = .
 *(.vectors .vectors.*)
 .vectors       0x00400000       0xcc src/ASF/sam/utils/cmsis/sam4s/source/templates/gcc/startup_sam4s.o
                0x00400000                exception_table
 *(.text .text.* .gnu.linkonce.t.*)
 .text          0x004000cc       0x5c c:/program files (x86)/atmel studio/7.0/toolchain/arm/arm-gnu-toolchain/bin/../lib/gcc/arm-none-eabi/4.9.3/armv7e-m/crtbegin.o
 .text.udi_vendor_disable
                0x00400128        0x4 src/ASF/common/services/usb/class/vendor/device/udi_vendor.o
                0x00400128                udi_vendor_disable
 .text.udi_vendor_setup
                0x0040012c        0x4 src/ASF/common/services/usb/class/vendor/device/udi_vendor.o
                0x0040012c                udi_vendor_setup
 .text.udi_vendor_getsetting
                0x00400130        0xc src/ASF/common/services/usb/class/vendor/device/udi_vendor.o
                0x00400130                udi_vendor_getsetting
 .text.udi_vendor_enable
                0x0040013c       0x18 src/ASF/common/services/usb/class/vendor/device/udi_vendor.o
                0x0040013c                udi_vendor_enable
 .text.udi_vendor_interrupt_out_run
                0x00400154       0x1c src/ASF/common/services/usb/class/vendor/device/udi_vendor.o
                0x00400154                udi_vendor_interrupt_out_run
 .text.udi_vendor_bulk_out_run
                0x00400170       0x1c src/ASF/common/services/usb/class/vendor/device/udi_vendor.o
                0x00400170                udi_vendor_bulk_out_run
 .text.udc_next_desc_in_iface
                0x0040018c       0x44 src/ASF/common/services/usb/udc/udc.o
 .text.udc_valid_address
                0x004001d0       0x18 src/ASF/common/services/usb/udc/udc.o
 .text.udc_update_iface_desc
                0x004001e8       0x68 src/ASF/common/services/usb/udc/udc.o
 .text.udc_iface_disable
                0x00400250       0x68 src/ASF/common/services/usb/udc/udc.o
 .text.udc_iface_enable
                0x004002b8       0x5c src/ASF/common/services/usb/udc/udc.o
 .text.udc_get_interface_desc
                0x00400314        0xc src/ASF/common/services/usb/udc/udc.o
                0x00400314                udc_get_interface_desc
 .text.udc_start
                0x00400320        0xc src/ASF/common/services/usb/udc/udc.o
                0x00400320                udc_start
 .text.udc_reset
                0x0040032c       0x48 src/ASF/common/services/usb/udc/udc.o
                0x0040032c                udc_reset
 .text.udc_sof_notify
                0x00400374       0x3c src/ASF/common/services/usb/udc/udc.o
                0x00400374                udc_sof_notify
 .text.udc_process_setup
                0x004003b0      0x440 src/ASF/common/services/usb/udc/udc.o
                0x004003b0                udc_process_setup
 .text.pio_handler_process
                0x004007f0       0x68 src/ASF/sam/drivers/pio/pio_handler.o
                0x004007f0                pio_handler_process
 .text.PIOA_Handler
                0x00400858       0x14 src/ASF/sam/drivers/pio/pio_handler.o
                0x00400858                PIOA_Handler
 .text.PIOB_Handler
                0x0040086c       0x14 src/ASF/sam/drivers/pio/pio_handler.o
                0x0040086c                PIOB_Handler
 .text.spi_enable_clock
                0x00400880       0x10 src/ASF/sam/drivers/spi/spi.o
                0x00400880                spi_enable_clock
 .text.spi_set_peripheral_chip_select_value
                0x00400890       0x18 src/ASF/sam/drivers/spi/spi.o
                0x00400890                spi_set_peripheral_chip_select_value
 .text.spi_set_delay_between_chip_select
                0x004008a8       0x14 src/ASF/sam/drivers/spi/spi.o
                0x004008a8                spi_set_delay_between_chip_select
 .text.spi_write
                0x004008bc       0x38 src/ASF/sam/drivers/spi/spi.o
                0x004008bc                spi_write
 .text.spi_set_clock_polarity
                0x004008f4       0x20 src/ASF/sam/drivers/spi/spi.o
                0x004008f4                spi_set_clock_polarity
 .text.spi_set_clock_phase
                0x00400914       0x20 src/ASF/sam/drivers/spi/spi.o
                0x00400914                spi_set_clock_phase
 .text.spi_configure_cs_behavior
                0x00400934       0x44 src/ASF/sam/drivers/spi/spi.o
                0x00400934                spi_configure_cs_behavior
 .text.spi_set_bits_per_transfer
                0x00400978       0x14 src/ASF/sam/drivers/spi/spi.o
                0x00400978                spi_set_bits_per_transfer
 .text.spi_set_baudrate_div
                0x0040098c       0x18 src/ASF/sam/drivers/spi/spi.o
                0x0040098c                spi_set_baudrate_div
 .text.spi_set_transfer_delay
                0x004009a4       0x20 src/ASF/sam/drivers/spi/spi.o
                0x004009a4                spi_set_transfer_delay
 .text.udd_ctrl_init
                0x004009c4       0x18 src/ASF/sam/drivers/udp/udp_device.o
 .text.udd_ctrl_stall_data
                0x004009dc       0x48 src/ASF/sam/drivers/udp/udp_device.o
 .text.udd_ctrl_send_zlp_in
                0x00400a24       0x48 src/ASF/sam/drivers/udp/udp_device.o
 .text.udd_ctrl_endofrequest
                0x00400a6c       0x10 src/ASF/sam/drivers/udp/udp_device.o
 .text.udd_ctrl_in_sent
                0x00400a7c      0x200 src/ASF/sam/drivers/udp/udp_device.o
 .text.udd_ep_finish_job
                0x00400c7c       0x40 src/ASF/sam/drivers/udp/udp_device.o
 .text.udd_ep_ack_out_received
                0x00400cbc       0xf4 src/ASF/sam/drivers/udp/udp_device.o
 .text.udd_ep_in_sent
                0x00400db0      0x1c8 src/ASF/sam/drivers/udp/udp_device.o
 .text.UDP_Handler
                0x00400f78      0xaf0 src/ASF/sam/drivers/udp/udp_device.o
                0x00400f78                UDP_Handler
 .text.udd_attach
                0x00401a68       0x70 src/ASF/sam/drivers/udp/udp_device.o
                0x00401a68                udd_attach
 .text.udd_enable
                0x00401ad8       0x90 src/ASF/sam/drivers/udp/udp_device.o
                0x00401ad8                udd_enable
 .text.udd_set_address
                0x00401b68       0x38 src/ASF/sam/drivers/udp/udp_device.o
                0x00401b68                udd_set_address
 .text.udd_getaddress
                0x00401ba0       0x1c src/ASF/sam/drivers/udp/udp_device.o
                0x00401ba0                udd_getaddress
 .text.udd_set_setup_payload
                0x00401bbc        0xc src/ASF/sam/drivers/udp/udp_device.o
                0x00401bbc                udd_set_setup_payload
 .text.udd_ep_alloc
                0x00401bc8      0x108 src/ASF/sam/drivers/udp/udp_device.o
                0x00401bc8                udd_ep_alloc
 .text.udd_ep_free
                0x00401cd0       0x68 src/ASF/sam/drivers/udp/udp_device.o
                0x00401cd0                udd_ep_free
 .text.udd_ep_is_halted
                0x00401d38       0x40 src/ASF/sam/drivers/udp/udp_device.o
                0x00401d38                udd_ep_is_halted
 .text.udd_ep_set_halt
                0x00401d78       0xec src/ASF/sam/drivers/udp/udp_device.o
                0x00401d78                udd_ep_set_halt
 .text.udd_ep_clear_halt
                0x00401e64       0xf0 src/ASF/sam/drivers/udp/udp_device.o
                0x00401e64                udd_ep_clear_halt
 .text.udd_ep_run
                0x00401f54      0x174 src/ASF/sam/drivers/udp/udp_device.o
                0x00401f54                udd_ep_run
 .text.udd_ep_abort
                0x004020c8      0x19c src/ASF/sam/drivers/udp/udp_device.o
                0x004020c8                udd_ep_abort
 .text.sysclk_enable_usb
                0x00402264       0x50 src/ASF/common/services/clock/sam4s/sysclk.o
                0x00402264                sysclk_enable_usb
 .text.sysclk_init
                0x004022b4       0x68 src/ASF/common/services/clock/sam4s/sysclk.o
                0x004022b4                sysclk_init
 .text.dacc_reset
                0x0040231c        0x8 src/ASF/sam/drivers/dacc/dacc.o
                0x0040231c                dacc_reset
 .text.dacc_set_transfer_mode
                0x00402324       0x28 src/ASF/sam/drivers/dacc/dacc.o
                0x00402324                dacc_set_transfer_mode
 .text.dacc_get_interrupt_status
                0x0040234c        0x4 src/ASF/sam/drivers/dacc/dacc.o
                0x0040234c                dacc_get_interrupt_status
 .text.dacc_write_conversion_data
                0x00402350        0x4 src/ASF/sam/drivers/dacc/dacc.o
                0x00402350                dacc_write_conversion_data
 .text.dacc_set_channel_selection
                0x00402354       0x18 src/ASF/sam/drivers/dacc/dacc.o
                0x00402354                dacc_set_channel_selection
 .text.dacc_enable_channel
                0x0040236c       0x14 src/ASF/sam/drivers/dacc/dacc.o
                0x0040236c                dacc_enable_channel
 .text.pio_set_peripheral
                0x00402380       0x94 src/ASF/sam/drivers/pio/pio.o
                0x00402380                pio_set_peripheral
 .text.pio_set_input
                0x00402414       0x34 src/ASF/sam/drivers/pio/pio.o
                0x00402414                pio_set_input
 .text.pio_set_output
                0x00402448       0x28 src/ASF/sam/drivers/pio/pio.o
                0x00402448                pio_set_output
 .text.pio_get_interrupt_status
                0x00402470        0x4 src/ASF/sam/drivers/pio/pio.o
                0x00402470                pio_get_interrupt_status
 .text.pio_get_interrupt_mask
                0x00402474        0x4 src/ASF/sam/drivers/pio/pio.o
                0x00402474                pio_get_interrupt_mask
 .text.pio_configure_pin
                0x00402478      0x124 src/ASF/sam/drivers/pio/pio.o
                0x00402478                pio_configure_pin
 .text.pmc_switch_mck_to_pllack
                0x0040259c       0x68 src/ASF/sam/drivers/pmc/pmc.o
                0x0040259c                pmc_switch_mck_to_pllack
 .text.pmc_switch_mainck_to_xtal
                0x00402604       0x54 src/ASF/sam/drivers/pmc/pmc.o
                0x00402604                pmc_switch_mainck_to_xtal
 .text.pmc_osc_is_ready_mainck
                0x00402658       0x10 src/ASF/sam/drivers/pmc/pmc.o
                0x00402658                pmc_osc_is_ready_mainck
 .text.pmc_disable_pllack
                0x00402668       0x10 src/ASF/sam/drivers/pmc/pmc.o
                0x00402668                pmc_disable_pllack
 .text.pmc_is_locked_pllack
                0x00402678       0x10 src/ASF/sam/drivers/pmc/pmc.o
                0x00402678                pmc_is_locked_pllack
 .text.pmc_disable_pllbck
                0x00402688        0xc src/ASF/sam/drivers/pmc/pmc.o
                0x00402688                pmc_disable_pllbck
 .text.pmc_is_locked_pllbck
                0x00402694       0x10 src/ASF/sam/drivers/pmc/pmc.o
                0x00402694                pmc_is_locked_pllbck
 .text.pmc_enable_periph_clk
                0x004026a4       0x54 src/ASF/sam/drivers/pmc/pmc.o
                0x004026a4                pmc_enable_periph_clk
 .text.pmc_disable_periph_clk
                0x004026f8       0x54 src/ASF/sam/drivers/pmc/pmc.o
                0x004026f8                pmc_disable_periph_clk
 .text.pmc_switch_udpck_to_pllbck
                0x0040274c       0x14 src/ASF/sam/drivers/pmc/pmc.o
                0x0040274c                pmc_switch_udpck_to_pllbck
 .text.pmc_enable_udpck
                0x00402760        0xc src/ASF/sam/drivers/pmc/pmc.o
                0x00402760                pmc_enable_udpck
 .text.pmc_set_fast_startup_input
                0x0040276c       0x14 src/ASF/sam/drivers/pmc/pmc.o
                0x0040276c                pmc_set_fast_startup_input
 .text.pmc_is_wakeup_clocks_restored
                0x00402780       0x10 src/ASF/sam/drivers/pmc/sleep.o
                0x00402780                pmc_is_wakeup_clocks_restored
 .text.cpu_irq_enter_critical
                0x00402790       0x3c src/ASF/common/utils/interrupt/interrupt_sam_nvic.o
                0x00402790                cpu_irq_enter_critical
 .text.cpu_irq_leave_critical
                0x004027cc       0x30 src/ASF/common/utils/interrupt/interrupt_sam_nvic.o
                0x004027cc                cpu_irq_leave_critical
 .text.Dummy_Handler
                0x004027fc        0x4 src/ASF/sam/utils/cmsis/sam4s/source/templates/gcc/startup_sam4s.o
                0x004027fc                DACC_Handler
                0x004027fc                DebugMon_Handler
                0x004027fc                HardFault_Handler
                0x004027fc                TC2_Handler
                0x004027fc                SPI_Handler
                0x004027fc                TWI1_Handler
                0x004027fc                PendSV_Handler
                0x004027fc                NMI_Handler
                0x004027fc                ADC_Handler
                0x004027fc                CRCCU_Handler
                0x004027fc                USART0_Handler
                0x004027fc                RTT_Handler
                0x004027fc                RTC_Handler
                0x004027fc                UsageFault_Handler
                0x004027fc                WDT_Handler
                0x004027fc                TC1_Handler
                0x004027fc                HSMCI_Handler
                0x004027fc                UART1_Handler
                0x004027fc                Dummy_Handler
                0x004027fc                TWI0_Handler
                0x004027fc                USART1_Handler
                0x004027fc                SSC_Handler
                0x004027fc                EFC0_Handler
                0x004027fc                ACC_Handler
                0x004027fc                PMC_Handler
                0x004027fc                PWM_Handler
                0x004027fc                MemManage_Handler
                0x004027fc                SUPC_Handler
                0x004027fc                SVC_Handler
                0x004027fc                UART0_Handler
                0x004027fc                BusFault_Handler
                0x004027fc                RSTC_Handler
                0x004027fc                TC0_Handler
 .text.Reset_Handler
                0x00402800       0xb0 src/ASF/sam/utils/cmsis/sam4s/source/templates/gcc/startup_sam4s.o
                0x00402800                Reset_Handler
 .text.SystemCoreClockUpdate
                0x004028b0      0x114 src/ASF/sam/utils/cmsis/sam4s/source/templates/system_sam4s.o
                0x004028b0                SystemCoreClockUpdate
 .text.system_init_flash
                0x004029c4       0x74 src/ASF/sam/utils/cmsis/sam4s/source/templates/system_sam4s.o
                0x004029c4                system_init_flash
 .text.point_output
                0x00402a38       0xb8 src/main.o
                0x00402a38                point_output
 .text.blank_and_center
                0x00402af0       0x80 src/main.o
                0x00402af0                blank_and_center
 .text.speed_set
                0x00402b70       0x5c src/main.o
                0x00402b70                speed_set
 .text.usb_bulk_out_callback
                0x00402bcc       0xf4 src/main.o
                0x00402bcc                usb_bulk_out_callback
 .text.SysTick_Handler
                0x00402cc0       0xdc src/main.o
                0x00402cc0                SysTick_Handler
 .text.shutter_set
                0x00402d9c       0x1c src/main.o
                0x00402d9c                shutter_set
 .text.usb_interrupt_out_callback
                0x00402db8       0x68 src/main.o
                0x00402db8                usb_interrupt_out_callback
 .text.iopins_init
                0x00402e20       0x4c src/main.o
                0x00402e20                iopins_init
 .text.spi_init
                0x00402e6c       0xcc src/main.o
                0x00402e6c                spi_init
 .text.dac_init
                0x00402f38       0x3c src/main.o
                0x00402f38                dac_init
 .text.main     0x00402f74       0xa4 src/main.o
                0x00402f74                main
 .text.__libc_init_array
                0x00403018       0x50 c:/program files (x86)/atmel studio/7.0/toolchain/arm/arm-gnu-toolchain/bin/../lib/gcc/arm-none-eabi/4.9.3/../../../../arm-none-eabi/lib/armv7e-m\libc.a(lib_a-init.o)
                0x00403018                __libc_init_array
 .text.startup.register_fini
                0x00403068       0x14 c:/program files (x86)/atmel studio/7.0/toolchain/arm/arm-gnu-toolchain/bin/../lib/gcc/arm-none-eabi/4.9.3/../../../../arm-none-eabi/lib/armv7e-m\libc.a(lib_a-__call_atexit.o)
 .text.atexit   0x0040307c        0xc c:/program files (x86)/atmel studio/7.0/toolchain/arm/arm-gnu-toolchain/bin/../lib/gcc/arm-none-eabi/4.9.3/../../../../arm-none-eabi/lib/armv7e-m\libc.a(lib_a-atexit.o)
                0x0040307c                atexit
 .text.__libc_fini_array
                0x00403088       0x2c c:/program files (x86)/atmel studio/7.0/toolchain/arm/arm-gnu-toolchain/bin/../lib/gcc/arm-none-eabi/4.9.3/../../../../arm-none-eabi/lib/armv7e-m\libc.a(lib_a-fini.o)
                0x00403088                __libc_fini_array
 .text.__register_exitproc
                0x004030b4       0xa4 c:/program files (x86)/atmel studio/7.0/toolchain/arm/arm-gnu-toolchain/bin/../lib/gcc/arm-none-eabi/4.9.3/../../../../arm-none-eabi/lib/armv7e-m\libc.a(lib_a-__atexit.o)
                0x004030b4                __register_exitproc
 *(.glue_7t)
 .glue_7t       0x00000000        0x0 linker stubs
 *(.glue_7)
 .glue_7        0x00000000        0x0 linker stubs
 *(.rodata .rodata* .gnu.linkonce.r.*)
 .rodata.str1.4
                0x00403158        0x6 src/ASF/common/services/usb/udc/udc.o
 *fill*         0x0040315e        0x2 
 .rodata.str1.4
                0x00403160        0x4 c:/program files (x86)/atmel studio/7.0/toolchain/arm/arm-gnu-toolchain/bin/../lib/gcc/arm-none-eabi/4.9.3/../../../../arm-none-eabi/lib/armv7e-m\libc.a(lib_a-impure.o)
                                  0x2 (size before relaxing)
 .rodata._global_impure_ptr
                0x00403164        0x4 c:/program files (x86)/atmel studio/7.0/toolchain/arm/arm-gnu-toolchain/bin/../lib/gcc/arm-none-eabi/4.9.3/../../../../arm-none-eabi/lib/armv7e-m\libc.a(lib_a-impure.o)
                0x00403164                _global_impure_ptr
 *(.ARM.extab* .gnu.linkonce.armextab.*)
                0x00403168                . = ALIGN (0x4)
 *(.init)
 .init          0x00403168        0x4 c:/program files (x86)/atmel studio/7.0/toolchain/arm/arm-gnu-toolchain/bin/../lib/gcc/arm-none-eabi/4.9.3/armv7e-m/crti.o
                0x00403168                _init
 .init          0x0040316c        0x8 c:/program files (x86)/atmel studio/7.0/toolchain/arm/arm-gnu-toolchain/bin/../lib/gcc/arm-none-eabi/4.9.3/armv7e-m/crtn.o
                0x00403174                . = ALIGN (0x4)
                0x00403174                __preinit_array_start = .
 *(.preinit_array)
                0x00403174                __preinit_array_end = .
                0x00403174                . = ALIGN (0x4)
                0x00403174                __init_array_start = .
 *(SORT(.init_array.*))
 .init_array.00000
                0x00403174        0x4 c:/program files (x86)/atmel studio/7.0/toolchain/arm/arm-gnu-toolchain/bin/../lib/gcc/arm-none-eabi/4.9.3/../../../../arm-none-eabi/lib/armv7e-m\libc.a(lib_a-__call_atexit.o)
 *(.init_array)
 .init_array    0x00403178        0x4 c:/program files (x86)/atmel studio/7.0/toolchain/arm/arm-gnu-toolchain/bin/../lib/gcc/arm-none-eabi/4.9.3/armv7e-m/crtbegin.o
                0x0040317c                __init_array_end = .
                0x0040317c                . = ALIGN (0x4)
 *crtbegin.o(.ctors)
 *(EXCLUDE_FILE(*crtend.o) .ctors)
 *(SORT(.ctors.*))
 *crtend.o(.ctors)
                0x0040317c                . = ALIGN (0x4)
 *(.fini)
 .fini          0x0040317c        0x4 c:/program files (x86)/atmel studio/7.0/toolchain/arm/arm-gnu-toolchain/bin/../lib/gcc/arm-none-eabi/4.9.3/armv7e-m/crti.o
                0x0040317c                _fini
 .fini          0x00403180        0x8 c:/program files (x86)/atmel studio/7.0/toolchain/arm/arm-gnu-toolchain/bin/../lib/gcc/arm-none-eabi/4.9.3/armv7e-m/crtn.o
                0x00403188                . = ALIGN (0x4)
                0x00403188                __fini_array_start = .
 *(.fini_array)
 .fini_array    0x00403188        0x4 c:/program files (x86)/atmel studio/7.0/toolchain/arm/arm-gnu-toolchain/bin/../lib/gcc/arm-none-eabi/4.9.3/armv7e-m/crtbegin.o
 *(SORT(.fini_array.*))
                0x0040318c                __fini_array_end = .
 *crtbegin.o(.dtors)
 *(EXCLUDE_FILE(*crtend.o) .dtors)
 *(SORT(.dtors.*))
 *crtend.o(.dtors)
                0x0040318c                . = ALIGN (0x4)
                0x0040318c                _efixed = .
                0x0040318c                PROVIDE (__exidx_start, .)

.vfp11_veneer   0x0040318c        0x0
 .vfp11_veneer  0x00000000        0x0 linker stubs

.v4_bx          0x0040318c        0x0
 .v4_bx         0x00000000        0x0 linker stubs

.iplt           0x0040318c        0x0
 .iplt          0x00000000        0x0 c:/program files (x86)/atmel studio/7.0/toolchain/arm/arm-gnu-toolchain/bin/../lib/gcc/arm-none-eabi/4.9.3/armv7e-m/crtbegin.o

.eh_frame       0x0040318c        0x0
 .eh_frame      0x0040318c        0x0 c:/program files (x86)/atmel studio/7.0/toolchain/arm/arm-gnu-toolchain/bin/../lib/gcc/arm-none-eabi/4.9.3/armv7e-m/crtbegin.o

.rel.dyn        0x0040318c        0x0
 .rel.iplt      0x00000000        0x0 c:/program files (x86)/atmel studio/7.0/toolchain/arm/arm-gnu-toolchain/bin/../lib/gcc/arm-none-eabi/4.9.3/armv7e-m/crtbegin.o

.jcr            0x0040318c        0x0
 .jcr           0x0040318c        0x0 c:/program files (x86)/atmel studio/7.0/toolchain/arm/arm-gnu-toolchain/bin/../lib/gcc/arm-none-eabi/4.9.3/armv7e-m/crtbegin.o

.igot.plt       0x0040318c        0x0
 .igot.plt      0x00000000        0x0 c:/program files (x86)/atmel studio/7.0/toolchain/arm/arm-gnu-toolchain/bin/../lib/gcc/arm-none-eabi/4.9.3/armv7e-m/crtbegin.o

.ARM.exidx
 *(.ARM.exidx* .gnu.linkonce.armexidx.*)
                0x0040318c                PROVIDE (__exidx_end, .)
                0x0040318c                . = ALIGN (0x4)
                0x0040318c                _etext = .

.relocate       0x20000000      0x4e0 load address 0x0040318c
                0x20000000                . = ALIGN (0x4)
                0x20000000                _srelocate = .
 *(.ramfunc .ramfunc.*)
 *(.data .data.*)
 .data.udi_api_vendor
                0x20000000       0x14 src/ASF/common/services/usb/class/vendor/device/udi_vendor.o
                0x20000000                udi_api_vendor
 .data.udc_string_product_name
                0x20000014        0x7 src/ASF/common/services/usb/udc/udc.o
 *fill*         0x2000001b        0x1 
 .data.udc_string_manufacturer_name
                0x2000001c        0x4 src/ASF/common/services/usb/udc/udc.o
 .data.udc_string_desc
                0x20000020        0xe src/ASF/common/services/usb/udc/udc.o
 *fill*         0x2000002e        0x2 
 .data.udc_string_desc_languageid
                0x20000030        0x4 src/ASF/common/services/usb/udc/udc.o
 .data.udc_config_lsfs
                0x20000034        0x8 src/ASF/common/services/usb/class/vendor/device/udi_vendor_desc.o
                0x20000034                udc_config_lsfs
 .data.udc_config
                0x2000003c        0xc src/ASF/common/services/usb/class/vendor/device/udi_vendor_desc.o
                0x2000003c                udc_config
 .data.udi_apis
                0x20000048        0x4 src/ASF/common/services/usb/class/vendor/device/udi_vendor_desc.o
                0x20000048                udi_apis
 .data.udc_device_desc
                0x2000004c       0x12 src/ASF/common/services/usb/class/vendor/device/udi_vendor_desc.o
                0x2000004c                udc_device_desc
 *fill*         0x2000005e        0x2 
 .data.udc_desc_fs
                0x20000060       0x37 src/ASF/common/services/usb/class/vendor/device/udi_vendor_desc.o
                0x20000060                udc_desc_fs
 .data.g_interrupt_enabled
                0x20000097        0x1 src/ASF/common/utils/interrupt/interrupt_sam_nvic.o
                0x20000097                g_interrupt_enabled
 .data.SystemCoreClock
                0x20000098        0x4 src/ASF/sam/utils/cmsis/sam4s/source/templates/system_sam4s.o
                0x20000098                SystemCoreClock
 .data.usbInterruptBufferAddress
                0x2000009c        0x4 src/main.o
                0x2000009c                usbInterruptBufferAddress
 .data.notRepeat
                0x200000a0        0x1 src/main.o
                0x200000a0                notRepeat
 *fill*         0x200000a1        0x3 
 .data.newFrameAddress
                0x200000a4        0x4 src/main.o
                0x200000a4                newFrameAddress
 .data.outputSpeed
                0x200000a8        0x4 src/main.o
                0x200000a8                outputSpeed
 .data.usbBulkBufferAddress
                0x200000ac        0x4 src/main.o
                0x200000ac                usbBulkBufferAddress
 .data.frameAddress
                0x200000b0        0x4 src/main.o
                0x200000b0                frameAddress
 .data.newNotRepeat
                0x200000b4        0x1 src/main.o
                0x200000b4                newNotRepeat
 *fill*         0x200000b5        0x3 
 .data.impure_data
                0x200000b8      0x428 c:/program files (x86)/atmel studio/7.0/toolchain/arm/arm-gnu-toolchain/bin/../lib/gcc/arm-none-eabi/4.9.3/../../../../arm-none-eabi/lib/armv7e-m\libc.a(lib_a-impure.o)
                0x200004e0                . = ALIGN (0x4)
                0x200004e0                _erelocate = .

.bss            0x200004e0     0xbcc8 load address 0x0040366c
                0x200004e0                . = ALIGN (0x4)
                0x200004e0                _sbss = .
                0x200004e0                _szero = .
 *(.bss .bss.*)
 .bss           0x200004e0       0x1c c:/program files (x86)/atmel studio/7.0/toolchain/arm/arm-gnu-toolchain/bin/../lib/gcc/arm-none-eabi/4.9.3/armv7e-m/crtbegin.o
 .bss.udi_vendor_alternate_setting
                0x200004fc        0x1 src/ASF/common/services/usb/class/vendor/device/udi_vendor.o
 *fill*         0x200004fd        0x1 
 .bss.udc_ep_status.7567
                0x200004fe        0x2 src/ASF/common/services/usb/udc/udc.o
 .bss.udc_ptr_conf
                0x20000500        0x4 src/ASF/common/services/usb/udc/udc.o
 .bss.udc_iface_setting
                0x20000504        0x1 src/ASF/common/services/usb/udc/udc.o
 *fill*         0x20000505        0x1 
 .bss.udc_device_status
                0x20000506        0x2 src/ASF/common/services/usb/udc/udc.o
 .bss.udc_num_configuration
                0x20000508        0x1 src/ASF/common/services/usb/udc/udc.o
 *fill*         0x20000509        0x3 
 .bss.udc_ptr_iface
                0x2000050c        0x4 src/ASF/common/services/usb/udc/udc.o
 .bss.pio_capture_handler
                0x20000510        0x4 src/ASF/sam/drivers/pio/pio_handler.o
 .bss.gs_interrupt_sources
                0x20000514       0x70 src/ASF/sam/drivers/pio/pio_handler.o
 .bss.b_shortpacket.8597
                0x20000584        0x1 src/ASF/sam/drivers/udp/udp_device.o
 *fill*         0x20000585        0x1 
 .bss.udd_ctrl_prev_payload_nb_trans
                0x20000586        0x2 src/ASF/sam/drivers/udp/udp_device.o
 .bss.udd_ep_job
                0x20000588       0x50 src/ASF/sam/drivers/udp/udp_device.o
 .bss.udd_b_idle
                0x200005d8        0x1 src/ASF/sam/drivers/udp/udp_device.o
 *fill*         0x200005d9        0x1 
 .bss.udd_ctrl_payload_nb_trans
                0x200005da        0x2 src/ASF/sam/drivers/udp/udp_device.o
 .bss.udd_ep_control_state
                0x200005dc        0x1 src/ASF/sam/drivers/udp/udp_device.o
 .bss.b_is_sleep_clock_used
                0x200005dd        0x1 src/ASF/sam/drivers/pmc/sleep.o
 *fill*         0x200005de        0x2 
 .bss.cpu_irq_critical_section_counter
                0x200005e0        0x4 src/ASF/common/utils/interrupt/interrupt_sam_nvic.o
 .bss.cpu_irq_prev_interrupt_state
                0x200005e4        0x1 src/ASF/common/utils/interrupt/interrupt_sam_nvic.o
 .bss.newFrameReady
                0x200005e5        0x1 src/main.o
                0x200005e5                newFrameReady
 .bss.playing   0x200005e6        0x1 src/main.o
                0x200005e6                playing
 *fill*         0x200005e7        0x1 
 .bss.newFrameSize
                0x200005e8        0x2 src/main.o
                0x200005e8                newFrameSize
 .bss.frameSize
                0x200005ea        0x2 src/main.o
                0x200005ea                frameSize
 .bss.framePos  0x200005ec        0x2 src/main.o
                0x200005ec                framePos
 *(COMMON)
 *fill*         0x200005ee        0x2 
 COMMON         0x200005f0       0x18 src/ASF/sam/drivers/udp/udp_device.o
                0x200005f0                udd_g_ctrlreq
 COMMON         0x20000608        0x4 src/ASF/sam/drivers/pio/pio.o
                0x20000608                pio_capture_enable_flag
 COMMON         0x2000060c     0xbb9c src/main.o
                0x2000060c                usbInterruptBuffer
                0x20000610                frame1
                0x20004498                frame3
                0x20008320                frame2
                0x2000c1a8                . = ALIGN (0x4)
                0x2000c1a8                _ebss = .
                0x2000c1a8                _ezero = .

.stack          0x2000c1a8     0x3000 load address 0x0040f334
                0x2000c1a8                . = ALIGN (0x8)
                0x2000c1a8                _sstack = .
                0x2000f1a8                . = (. + __stack_size__)
 *fill*         0x2000c1a8     0x3000 
                0x2000f1a8                . = ALIGN (0x8)
                0x2000f1a8                _estack = .
                0x2000f1a8                . = ALIGN (0x4)
                0x2000f1a8                _end = .
OUTPUT(lasdac_mainfirmware.elf elf32-littlearm)

.ARM.attributes
                0x00000000       0x2a
 .ARM.attributes
                0x00000000       0x1e c:/program files (x86)/atmel studio/7.0/toolchain/arm/arm-gnu-toolchain/bin/../lib/gcc/arm-none-eabi/4.9.3/armv7e-m/crti.o
 .ARM.attributes
                0x0000001e       0x2e c:/program files (x86)/atmel studio/7.0/toolchain/arm/arm-gnu-toolchain/bin/../lib/gcc/arm-none-eabi/4.9.3/armv7e-m/crtbegin.o
 .ARM.attributes
                0x0000004c       0x33 src/ASF/common/services/usb/class/vendor/device/udi_vendor.o
 .ARM.attributes
                0x0000007f       0x33 src/ASF/common/services/usb/udc/udc.o
 .ARM.attributes
                0x000000b2       0x33 src/ASF/sam/drivers/pio/pio_handler.o
 .ARM.attributes
                0x000000e5       0x33 src/ASF/sam/drivers/spi/spi.o
 .ARM.attributes
                0x00000118       0x33 src/ASF/sam/drivers/udp/udp_device.o
 .ARM.attributes
                0x0000014b       0x33 src/ASF/common/services/usb/class/vendor/device/udi_vendor_desc.o
 .ARM.attributes
                0x0000017e       0x33 src/ASF/common/services/clock/sam4s/sysclk.o
 .ARM.attributes
                0x000001b1       0x33 src/ASF/sam/drivers/dacc/dacc.o
 .ARM.attributes
                0x000001e4       0x33 src/ASF/sam/drivers/pio/pio.o
 .ARM.attributes
                0x00000217       0x33 src/ASF/sam/drivers/pmc/pmc.o
 .ARM.attributes
                0x0000024a       0x33 src/ASF/sam/drivers/pmc/sleep.o
 .ARM.attributes
                0x0000027d       0x33 src/ASF/common/utils/interrupt/interrupt_sam_nvic.o
 .ARM.attributes
                0x000002b0       0x33 src/ASF/sam/utils/cmsis/sam4s/source/templates/gcc/startup_sam4s.o
 .ARM.attributes
                0x000002e3       0x33 src/ASF/sam/utils/cmsis/sam4s/source/templates/system_sam4s.o
 .ARM.attributes
                0x00000316       0x33 src/main.o
 .ARM.attributes
                0x00000349       0x2e c:/program files (x86)/atmel studio/7.0/toolchain/arm/arm-gnu-toolchain/bin/../lib/gcc/arm-none-eabi/4.9.3/../../../../arm-none-eabi/lib/armv7e-m\libc.a(lib_a-impure.o)
 .ARM.attributes
                0x00000377       0x2e c:/program files (x86)/atmel studio/7.0/toolchain/arm/arm-gnu-toolchain/bin/../lib/gcc/arm-none-eabi/4.9.3/../../../../arm-none-eabi/lib/armv7e-m\libc.a(lib_a-init.o)
 .ARM.attributes
                0x000003a5       0x2e c:/program files (x86)/atmel studio/7.0/toolchain/arm/arm-gnu-toolchain/bin/../lib/gcc/arm-none-eabi/4.9.3/../../../../arm-none-eabi/lib/armv7e-m\libc.a(lib_a-__call_atexit.o)
 .ARM.attributes
                0x000003d3       0x2e c:/program files (x86)/atmel studio/7.0/toolchain/arm/arm-gnu-toolchain/bin/../lib/gcc/arm-none-eabi/4.9.3/../../../../arm-none-eabi/lib/armv7e-m\libc.a(lib_a-atexit.o)
 .ARM.attributes
                0x00000401       0x2e c:/program files (x86)/atmel studio/7.0/toolchain/arm/arm-gnu-toolchain/bin/../lib/gcc/arm-none-eabi/4.9.3/../../../../arm-none-eabi/lib/armv7e-m\libc.a(lib_a-fini.o)
 .ARM.attributes
                0x0000042f       0x2e c:/program files (x86)/atmel studio/7.0/toolchain/arm/arm-gnu-toolchain/bin/../lib/gcc/arm-none-eabi/4.9.3/../../../../arm-none-eabi/lib/armv7e-m\libc.a(lib_a-__atexit.o)
 .ARM.attributes
                0x0000045d       0x1e c:/program files (x86)/atmel studio/7.0/toolchain/arm/arm-gnu-toolchain/bin/../lib/gcc/arm-none-eabi/4.9.3/armv7e-m/crtn.o

.comment        0x00000000       0x5b
 .comment       0x00000000       0x5b src/ASF/common/services/usb/class/vendor/device/udi_vendor.o
                                 0x5c (size before relaxing)
 .comment       0x00000000       0x5c src/ASF/common/services/usb/udc/udc.o
 .comment       0x00000000       0x5c src/ASF/sam/drivers/pio/pio_handler.o
 .comment       0x00000000       0x5c src/ASF/sam/drivers/spi/spi.o
 .comment       0x00000000       0x5c src/ASF/sam/drivers/udp/udp_device.o
 .comment       0x00000000       0x5c src/ASF/common/services/usb/class/vendor/device/udi_vendor_desc.o
 .comment       0x00000000       0x5c src/ASF/common/services/clock/sam4s/sysclk.o
 .comment       0x00000000       0x5c src/ASF/sam/drivers/dacc/dacc.o
 .comment       0x00000000       0x5c src/ASF/sam/drivers/pio/pio.o
 .comment       0x00000000       0x5c src/ASF/sam/drivers/pmc/pmc.o
 .comment       0x00000000       0x5c src/ASF/sam/drivers/pmc/sleep.o
 .comment       0x00000000       0x5c src/ASF/common/utils/interrupt/interrupt_sam_nvic.o
 .comment       0x00000000       0x5c src/ASF/sam/utils/cmsis/sam4s/source/templates/gcc/startup_sam4s.o
 .comment       0x00000000       0x5c src/ASF/sam/utils/cmsis/sam4s/source/templates/system_sam4s.o
 .comment       0x00000000       0x5c src/main.o

.debug_info     0x00000000     0xd1fe
 .debug_info    0x00000000      0x551 src/ASF/common/services/usb/class/vendor/device/udi_vendor.o
 .debug_info    0x00000551     0x1064 src/ASF/common/services/usb/udc/udc.o
 .debug_info    0x000015b5      0xf24 src/ASF/sam/drivers/pio/pio_handler.o
 .debug_info    0x000024d9      0x875 src/ASF/sam/drivers/spi/spi.o
 .debug_info    0x00002d4e     0x2bdc src/ASF/sam/drivers/udp/udp_device.o
 .debug_info    0x0000592a      0x6bc src/ASF/common/services/usb/class/vendor/device/udi_vendor_desc.o
 .debug_info    0x00005fe6      0x865 src/ASF/common/services/clock/sam4s/sysclk.o
 .debug_info    0x0000684b      0x841 src/ASF/sam/drivers/dacc/dacc.o
 .debug_info    0x0000708c     0x1951 src/ASF/sam/drivers/pio/pio.o
 .debug_info    0x000089dd     0x10d2 src/ASF/sam/drivers/pmc/pmc.o
 .debug_info    0x00009aaf      0xa1f src/ASF/sam/drivers/pmc/sleep.o
 .debug_info    0x0000a4ce      0x1e8 src/ASF/common/utils/interrupt/interrupt_sam_nvic.o
 .debug_info    0x0000a6b6      0x68d src/ASF/sam/utils/cmsis/sam4s/source/templates/gcc/startup_sam4s.o
 .debug_info    0x0000ad43      0x469 src/ASF/sam/utils/cmsis/sam4s/source/templates/system_sam4s.o
 .debug_info    0x0000b1ac     0x2052 src/main.o

.debug_abbrev   0x00000000     0x22eb
 .debug_abbrev  0x00000000      0x1a5 src/ASF/common/services/usb/class/vendor/device/udi_vendor.o
 .debug_abbrev  0x000001a5      0x36a src/ASF/common/services/usb/udc/udc.o
 .debug_abbrev  0x0000050f      0x280 src/ASF/sam/drivers/pio/pio_handler.o
 .debug_abbrev  0x0000078f      0x28c src/ASF/sam/drivers/spi/spi.o
 .debug_abbrev  0x00000a1b      0x52a src/ASF/sam/drivers/udp/udp_device.o
 .debug_abbrev  0x00000f45      0x116 src/ASF/common/services/usb/class/vendor/device/udi_vendor_desc.o
 .debug_abbrev  0x0000105b      0x22a src/ASF/common/services/clock/sam4s/sysclk.o
 .debug_abbrev  0x00001285      0x1c6 src/ASF/sam/drivers/dacc/dacc.o
 .debug_abbrev  0x0000144b      0x30b src/ASF/sam/drivers/pio/pio.o
 .debug_abbrev  0x00001756      0x277 src/ASF/sam/drivers/pmc/pmc.o
 .debug_abbrev  0x000019cd      0x228 src/ASF/sam/drivers/pmc/sleep.o
 .debug_abbrev  0x00001bf5       0xef src/ASF/common/utils/interrupt/interrupt_sam_nvic.o
 .debug_abbrev  0x00001ce4      0x168 src/ASF/sam/utils/cmsis/sam4s/source/templates/gcc/startup_sam4s.o
 .debug_abbrev  0x00001e4c       0xf5 src/ASF/sam/utils/cmsis/sam4s/source/templates/system_sam4s.o
 .debug_abbrev  0x00001f41      0x3aa src/main.o

.debug_loc      0x00000000     0x562a
 .debug_loc     0x00000000      0x340 src/ASF/common/services/usb/class/vendor/device/udi_vendor.o
 .debug_loc     0x00000340      0x507 src/ASF/common/services/usb/udc/udc.o
 .debug_loc     0x00000847      0x533 src/ASF/sam/drivers/pio/pio_handler.o
 .debug_loc     0x00000d7a      0x55e src/ASF/sam/drivers/spi/spi.o
 .debug_loc     0x000012d8     0x1b9c src/ASF/sam/drivers/udp/udp_device.o
 .debug_loc     0x00002e74      0x12d src/ASF/common/services/clock/sam4s/sysclk.o
 .debug_loc     0x00002fa1      0x33a src/ASF/sam/drivers/dacc/dacc.o
 .debug_loc     0x000032db      0xdd7 src/ASF/sam/drivers/pio/pio.o
 .debug_loc     0x000040b2      0xd88 src/ASF/sam/drivers/pmc/pmc.o
 .debug_loc     0x00004e3a      0x2bb src/ASF/sam/drivers/pmc/sleep.o
 .debug_loc     0x000050f5       0x1e src/ASF/common/utils/interrupt/interrupt_sam_nvic.o
 .debug_loc     0x00005113       0xc6 src/ASF/sam/utils/cmsis/sam4s/source/templates/gcc/startup_sam4s.o
 .debug_loc     0x000051d9      0x451 src/main.o

.debug_aranges  0x00000000      0x8a0
 .debug_aranges
                0x00000000       0x58 src/ASF/common/services/usb/class/vendor/device/udi_vendor.o
 .debug_aranges
                0x00000058       0x70 src/ASF/common/services/usb/udc/udc.o
 .debug_aranges
                0x000000c8       0x50 src/ASF/sam/drivers/pio/pio_handler.o
 .debug_aranges
                0x00000118       0x90 src/ASF/sam/drivers/spi/spi.o
 .debug_aranges
                0x000001a8      0x100 src/ASF/sam/drivers/udp/udp_device.o
 .debug_aranges
                0x000002a8       0x18 src/ASF/common/services/usb/class/vendor/device/udi_vendor_desc.o
 .debug_aranges
                0x000002c0       0x40 src/ASF/common/services/clock/sam4s/sysclk.o
 .debug_aranges
                0x00000300       0xb8 src/ASF/sam/drivers/dacc/dacc.o
 .debug_aranges
                0x000003b8      0x1a8 src/ASF/sam/drivers/pio/pio.o
 .debug_aranges
                0x00000560      0x208 src/ASF/sam/drivers/pmc/pmc.o
 .debug_aranges
                0x00000768       0x30 src/ASF/sam/drivers/pmc/sleep.o
 .debug_aranges
                0x00000798       0x28 src/ASF/common/utils/interrupt/interrupt_sam_nvic.o
 .debug_aranges
                0x000007c0       0x28 src/ASF/sam/utils/cmsis/sam4s/source/templates/gcc/startup_sam4s.o
 .debug_aranges
                0x000007e8       0x30 src/ASF/sam/utils/cmsis/sam4s/source/templates/system_sam4s.o
 .debug_aranges
                0x00000818       0x88 src/main.o

.debug_ranges   0x00000000      0x878
 .debug_ranges  0x00000000       0x48 src/ASF/common/services/usb/class/vendor/device/udi_vendor.o
 .debug_ranges  0x00000048       0xb0 src/ASF/common/services/usb/udc/udc.o
 .debug_ranges  0x000000f8       0x40 src/ASF/sam/drivers/pio/pio_handler.o
 .debug_ranges  0x00000138       0x80 src/ASF/sam/drivers/spi/spi.o
 .debug_ranges  0x000001b8      0x170 src/ASF/sam/drivers/udp/udp_device.o
 .debug_ranges  0x00000328       0x30 src/ASF/common/services/clock/sam4s/sysclk.o
 .debug_ranges  0x00000358       0xa8 src/ASF/sam/drivers/dacc/dacc.o
 .debug_ranges  0x00000400      0x198 src/ASF/sam/drivers/pio/pio.o
 .debug_ranges  0x00000598      0x1f8 src/ASF/sam/drivers/pmc/pmc.o
 .debug_ranges  0x00000790       0x20 src/ASF/sam/drivers/pmc/sleep.o
 .debug_ranges  0x000007b0       0x18 src/ASF/common/utils/interrupt/interrupt_sam_nvic.o
 .debug_ranges  0x000007c8       0x18 src/ASF/sam/utils/cmsis/sam4s/source/templates/gcc/startup_sam4s.o
 .debug_ranges  0x000007e0       0x20 src/ASF/sam/utils/cmsis/sam4s/source/templates/system_sam4s.o
 .debug_ranges  0x00000800       0x78 src/main.o

.debug_macro    0x00000000     0x5877
 .debug_macro   0x00000000      0x50a src/ASF/common/services/usb/class/vendor/device/udi_vendor.o
 .debug_macro   0x0000050a       0x7c src/ASF/common/services/usb/class/vendor/device/udi_vendor.o
 .debug_macro   0x00000586       0x52 src/ASF/common/services/usb/class/vendor/device/udi_vendor.o
 .debug_macro   0x000005d8      0x24b src/ASF/common/services/usb/class/vendor/device/udi_vendor.o
 .debug_macro   0x00000823      0x162 src/ASF/common/services/usb/class/vendor/device/udi_vendor.o
 .debug_macro   0x00000985       0x1c src/ASF/common/services/usb/class/vendor/device/udi_vendor.o
 .debug_macro   0x000009a1       0x16 src/ASF/common/services/usb/class/vendor/device/udi_vendor.o
 .debug_macro   0x000009b7       0x1c src/ASF/common/services/usb/class/vendor/device/udi_vendor.o
 .debug_macro   0x000009d3       0x78 src/ASF/common/services/usb/class/vendor/device/udi_vendor.o
 .debug_macro   0x00000a4b       0x16 src/ASF/common/services/usb/class/vendor/device/udi_vendor.o
 .debug_macro   0x00000a61      0x506 src/ASF/common/services/usb/udc/udc.o
 .debug_macro   0x00000f67      0x481 src/ASF/sam/drivers/pio/pio_handler.o
 .debug_macro   0x000013e8       0x8e src/ASF/sam/drivers/pio/pio_handler.o
 .debug_macro   0x00001476      0x4ea src/ASF/sam/drivers/spi/spi.o
 .debug_macro   0x00001960       0x10 src/ASF/sam/drivers/spi/spi.o
 .debug_macro   0x00001970       0x46 src/ASF/sam/drivers/spi/spi.o
 .debug_macro   0x000019b6      0x28e src/ASF/sam/drivers/spi/spi.o
 .debug_macro   0x00001c44       0x6a src/ASF/sam/drivers/spi/spi.o
 .debug_macro   0x00001cae       0x16 src/ASF/sam/drivers/spi/spi.o
 .debug_macro   0x00001cc4       0x58 src/ASF/sam/drivers/spi/spi.o
 .debug_macro   0x00001d1c       0x64 src/ASF/sam/drivers/spi/spi.o
 .debug_macro   0x00001d80       0x46 src/ASF/sam/drivers/spi/spi.o
 .debug_macro   0x00001dc6       0x90 src/ASF/sam/drivers/spi/spi.o
 .debug_macro   0x00001e56      0x5fb src/ASF/sam/drivers/udp/udp_device.o
 .debug_macro   0x00002451       0x88 src/ASF/sam/drivers/udp/udp_device.o
 .debug_macro   0x000024d9       0x94 src/ASF/sam/drivers/udp/udp_device.o
 .debug_macro   0x0000256d      0x3f3 src/ASF/sam/drivers/udp/udp_device.o
 .debug_macro   0x00002960      0x4eb src/ASF/common/services/usb/class/vendor/device/udi_vendor_desc.o
 .debug_macro   0x00002e4b      0x4e1 src/ASF/common/services/clock/sam4s/sysclk.o
 .debug_macro   0x0000332c      0x288 src/ASF/common/services/clock/sam4s/sysclk.o
 .debug_macro   0x000035b4      0x483 src/ASF/sam/drivers/dacc/dacc.o
 .debug_macro   0x00003a37       0x10 src/ASF/sam/drivers/dacc/dacc.o
 .debug_macro   0x00003a47      0x477 src/ASF/sam/drivers/pio/pio.o
 .debug_macro   0x00003ebe      0x477 src/ASF/sam/drivers/pmc/pmc.o
 .debug_macro   0x00004335       0x52 src/ASF/sam/drivers/pmc/pmc.o
 .debug_macro   0x00004387      0x496 src/ASF/sam/drivers/pmc/sleep.o
 .debug_macro   0x0000481d      0x462 src/ASF/common/utils/interrupt/interrupt_sam_nvic.o
 .debug_macro   0x00004c7f      0x2d0 src/ASF/sam/utils/cmsis/sam4s/source/templates/gcc/startup_sam4s.o
 .debug_macro   0x00004f4f      0x2d8 src/ASF/sam/utils/cmsis/sam4s/source/templates/system_sam4s.o
 .debug_macro   0x00005227      0x63a src/main.o
 .debug_macro   0x00005861       0x16 src/main.o

.debug_line     0x00000000     0xb870
 .debug_line    0x00000000      0xb4b src/ASF/common/services/usb/class/vendor/device/udi_vendor.o
 .debug_line    0x00000b4b      0xcc5 src/ASF/common/services/usb/udc/udc.o
 .debug_line    0x00001810      0xa45 src/ASF/sam/drivers/pio/pio_handler.o
 .debug_line    0x00002255      0xbf9 src/ASF/sam/drivers/spi/spi.o
 .debug_line    0x00002e4e     0x16cb src/ASF/sam/drivers/udp/udp_device.o
 .debug_line    0x00004519      0xa9f src/ASF/common/services/usb/class/vendor/device/udi_vendor_desc.o
 .debug_line    0x00004fb8      0xb2e src/ASF/common/services/clock/sam4s/sysclk.o
 .debug_line    0x00005ae6      0xafb src/ASF/sam/drivers/dacc/dacc.o
 .debug_line    0x000065e1      0xe31 src/ASF/sam/drivers/pio/pio.o
 .debug_line    0x00007412      0xf5d src/ASF/sam/drivers/pmc/pmc.o
 .debug_line    0x0000836f      0xb1d src/ASF/sam/drivers/pmc/sleep.o
 .debug_line    0x00008e8c      0x9bd src/ASF/common/utils/interrupt/interrupt_sam_nvic.o
 .debug_line    0x00009849      0x7f5 src/ASF/sam/utils/cmsis/sam4s/source/templates/gcc/startup_sam4s.o
 .debug_line    0x0000a03e      0x807 src/ASF/sam/utils/cmsis/sam4s/source/templates/system_sam4s.o
 .debug_line    0x0000a845     0x102b src/main.o

.debug_str      0x00000000    0x510df
 .debug_str     0x00000000    0x489ea src/ASF/common/services/usb/class/vendor/device/udi_vendor.o
                              0x48d78 (size before relaxing)
 .debug_str     0x000489ea      0xaa6 src/ASF/common/services/usb/udc/udc.o
                              0x49688 (size before relaxing)
 .debug_str     0x00049490      0x9fe src/ASF/sam/drivers/pio/pio_handler.o
                              0x4712e (size before relaxing)
 .debug_str     0x00049e8e     0x17e4 src/ASF/sam/drivers/spi/spi.o
                              0x47ef7 (size before relaxing)
 .debug_str     0x0004b672     0x3863 src/ASF/sam/drivers/udp/udp_device.o
                              0x4deae (size before relaxing)
 .debug_str     0x0004eed5       0xf9 src/ASF/common/services/usb/class/vendor/device/udi_vendor_desc.o
                              0x49012 (size before relaxing)
 .debug_str     0x0004efce      0x2d8 src/ASF/common/services/clock/sam4s/sysclk.o
                              0x47d92 (size before relaxing)
 .debug_str     0x0004f2a6      0x446 src/ASF/sam/drivers/dacc/dacc.o
                              0x46b24 (size before relaxing)
 .debug_str     0x0004f6ec      0x587 src/ASF/sam/drivers/pio/pio.o
                              0x472ef (size before relaxing)
 .debug_str     0x0004fc73      0x6d9 src/ASF/sam/drivers/pmc/pmc.o
                              0x4713e (size before relaxing)
 .debug_str     0x0005034c      0x175 src/ASF/sam/drivers/pmc/sleep.o
                              0x4774c (size before relaxing)
 .debug_str     0x000504c1       0x65 src/ASF/common/utils/interrupt/interrupt_sam_nvic.o
                              0x4672b (size before relaxing)
 .debug_str     0x00050526      0x401 src/ASF/sam/utils/cmsis/sam4s/source/templates/gcc/startup_sam4s.o
                              0x37f2d (size before relaxing)
 .debug_str     0x00050927       0xcd src/ASF/sam/utils/cmsis/sam4s/source/templates/system_sam4s.o
                              0x37d03 (size before relaxing)
 .debug_str     0x000509f4      0x6eb src/main.o
                              0x4b62c (size before relaxing)

.debug_frame    0x00000000     0x149c
 .debug_frame   0x00000000       0xd8 src/ASF/common/services/usb/class/vendor/device/udi_vendor.o
 .debug_frame   0x000000d8      0x138 src/ASF/common/services/usb/udc/udc.o
 .debug_frame   0x00000210       0xdc src/ASF/sam/drivers/pio/pio_handler.o
 .debug_frame   0x000002ec      0x134 src/ASF/sam/drivers/spi/spi.o
 .debug_frame   0x00000420      0x328 src/ASF/sam/drivers/udp/udp_device.o
 .debug_frame   0x00000748       0x88 src/ASF/common/services/clock/sam4s/sysclk.o
 .debug_frame   0x000007d0      0x15c src/ASF/sam/drivers/dacc/dacc.o
 .debug_frame   0x0000092c      0x38c src/ASF/sam/drivers/pio/pio.o
 .debug_frame   0x00000cb8      0x46c src/ASF/sam/drivers/pmc/pmc.o
 .debug_frame   0x00001124       0x68 src/ASF/sam/drivers/pmc/sleep.o
 .debug_frame   0x0000118c       0x30 src/ASF/common/utils/interrupt/interrupt_sam_nvic.o
 .debug_frame   0x000011bc       0x38 src/ASF/sam/utils/cmsis/sam4s/source/templates/gcc/startup_sam4s.o
 .debug_frame   0x000011f4       0x40 src/ASF/sam/utils/cmsis/sam4s/source/templates/system_sam4s.o
 .debug_frame   0x00001234      0x164 src/main.o
 .debug_frame   0x00001398       0x2c c:/program files (x86)/atmel studio/7.0/toolchain/arm/arm-gnu-toolchain/bin/../lib/gcc/arm-none-eabi/4.9.3/../../../../arm-none-eabi/lib/armv7e-m\libc.a(lib_a-init.o)
 .debug_frame   0x000013c4       0x50 c:/program files (x86)/atmel studio/7.0/toolchain/arm/arm-gnu-toolchain/bin/../lib/gcc/arm-none-eabi/4.9.3/../../../../arm-none-eabi/lib/armv7e-m\libc.a(lib_a-__call_atexit.o)
 .debug_frame   0x00001414       0x20 c:/program files (x86)/atmel studio/7.0/toolchain/arm/arm-gnu-toolchain/bin/../lib/gcc/arm-none-eabi/4.9.3/../../../../arm-none-eabi/lib/armv7e-m\libc.a(lib_a-atexit.o)
 .debug_frame   0x00001434       0x34 c:/program files (x86)/atmel studio/7.0/toolchain/arm/arm-gnu-toolchain/bin/../lib/gcc/arm-none-eabi/4.9.3/../../../../arm-none-eabi/lib/armv7e-m\libc.a(lib_a-fini.o)
 .debug_frame   0x00001468       0x34 c:/program files (x86)/atmel studio/7.0/toolchain/arm/arm-gnu-toolchain/bin/../lib/gcc/arm-none-eabi/4.9.3/../../../../arm-none-eabi/lib/armv7e-m\libc.a(lib_a-__atexit.o)

Cross Reference Table

Symbol                                            File
ACC_Handler                                       src/ASF/sam/utils/cmsis/sam4s/source/templates/gcc/startup_sam4s.o
ADC_Handler                                       src/ASF/sam/utils/cmsis/sam4s/source/templates/gcc/startup_sam4s.o
BusFault_Handler                                  src/ASF/sam/utils/cmsis/sam4s/source/templates/gcc/startup_sam4s.o
CRCCU_Handler                                     src/ASF/sam/utils/cmsis/sam4s/source/templates/gcc/startup_sam4s.o
DACC_Handler                                      src/ASF/sam/utils/cmsis/sam4s/source/templates/gcc/startup_sam4s.o
DebugMon_Handler                                  src/ASF/sam/utils/cmsis/sam4s/source/templates/gcc/startup_sam4s.o
Dummy_Handler                                     src/ASF/sam/utils/cmsis/sam4s/source/templates/gcc/startup_sam4s.o
EFC0_Handler                                      src/ASF/sam/utils/cmsis/sam4s/source/templates/gcc/startup_sam4s.o
HSMCI_Handler                                     src/ASF/sam/utils/cmsis/sam4s/source/templates/gcc/startup_sam4s.o
HardFault_Handler                                 src/ASF/sam/utils/cmsis/sam4s/source/templates/gcc/startup_sam4s.o
MemManage_Handler                                 src/ASF/sam/utils/cmsis/sam4s/source/templates/gcc/startup_sam4s.o
NMI_Handler                                       src/ASF/sam/utils/cmsis/sam4s/source/templates/gcc/startup_sam4s.o
PIOA_Handler                                      src/ASF/sam/drivers/pio/pio_handler.o
PIOB_Handler                                      src/ASF/sam/drivers/pio/pio_handler.o
PMC_Handler                                       src/ASF/sam/utils/cmsis/sam4s/source/templates/gcc/startup_sam4s.o
PWM_Handler                                       src/ASF/sam/utils/cmsis/sam4s/source/templates/gcc/startup_sam4s.o
PendSV_Handler                                    src/ASF/sam/utils/cmsis/sam4s/source/templates/gcc/startup_sam4s.o
RSTC_Handler                                      src/ASF/sam/utils/cmsis/sam4s/source/templates/gcc/startup_sam4s.o
RTC_Handler                                       src/ASF/sam/utils/cmsis/sam4s/source/templates/gcc/startup_sam4s.o
RTT_Handler                                       src/ASF/sam/utils/cmsis/sam4s/source/templates/gcc/startup_sam4s.o
Reset_Handler                                     src/ASF/sam/utils/cmsis/sam4s/source/templates/gcc/startup_sam4s.o
SPI_Handler                                       src/ASF/sam/utils/cmsis/sam4s/source/templates/gcc/startup_sam4s.o
SSC_Handler                                       src/ASF/sam/utils/cmsis/sam4s/source/templates/gcc/startup_sam4s.o
SUPC_Handler                                      src/ASF/sam/utils/cmsis/sam4s/source/templates/gcc/startup_sam4s.o
SVC_Handler                                       src/ASF/sam/utils/cmsis/sam4s/source/templates/gcc/startup_sam4s.o
SysTick_Handler                                   src/main.o
                                                  src/ASF/sam/utils/cmsis/sam4s/source/templates/gcc/startup_sam4s.o
SystemCoreClock                                   src/ASF/sam/utils/cmsis/sam4s/source/templates/system_sam4s.o
SystemCoreClockUpdate                             src/ASF/sam/utils/cmsis/sam4s/source/templates/system_sam4s.o
                                                  src/ASF/common/services/clock/sam4s/sysclk.o
SystemInit                                        src/ASF/sam/utils/cmsis/sam4s/source/templates/system_sam4s.o
TC0_Handler                                       src/ASF/sam/utils/cmsis/sam4s/source/templates/gcc/startup_sam4s.o
TC1_Handler                                       src/ASF/sam/utils/cmsis/sam4s/source/templates/gcc/startup_sam4s.o
TC2_Handler                                       src/ASF/sam/utils/cmsis/sam4s/source/templates/gcc/startup_sam4s.o
TWI0_Handler                                      src/ASF/sam/utils/cmsis/sam4s/source/templates/gcc/startup_sam4s.o
TWI1_Handler                                      src/ASF/sam/utils/cmsis/sam4s/source/templates/gcc/startup_sam4s.o
UART0_Handler                                     src/ASF/sam/utils/cmsis/sam4s/source/templates/gcc/startup_sam4s.o
UART1_Handler                                     src/ASF/sam/utils/cmsis/sam4s/source/templates/gcc/startup_sam4s.o
UDP_Handler                                       src/ASF/sam/drivers/udp/udp_device.o
USART0_Handler                                    src/ASF/sam/utils/cmsis/sam4s/source/templates/gcc/startup_sam4s.o
USART1_Handler                                    src/ASF/sam/utils/cmsis/sam4s/source/templates/gcc/startup_sam4s.o
UsageFault_Handler                                src/ASF/sam/utils/cmsis/sam4s/source/templates/gcc/startup_sam4s.o
WDT_Handler                                       src/ASF/sam/utils/cmsis/sam4s/source/templates/gcc/startup_sam4s.o
_Jv_RegisterClasses                               c:/program files (x86)/atmel studio/7.0/toolchain/arm/arm-gnu-toolchain/bin/../lib/gcc/arm-none-eabi/4.9.3/armv7e-m/crtbegin.o
_PathLocale                                       c:/program files (x86)/atmel studio/7.0/toolchain/arm/arm-gnu-toolchain/bin/../lib/gcc/arm-none-eabi/4.9.3/../../../../arm-none-eabi/lib/armv7e-m\libc.a(lib_a-locale.o)
__aeabi_idiv0                                     c:/program files (x86)/atmel studio/7.0/toolchain/arm/arm-gnu-toolchain/bin/../lib/gcc/arm-none-eabi/4.9.3/armv7e-m\libgcc.a(_dvmd_tls.o)
__aeabi_ldiv0                                     c:/program files (x86)/atmel studio/7.0/toolchain/arm/arm-gnu-toolchain/bin/../lib/gcc/arm-none-eabi/4.9.3/armv7e-m\libgcc.a(_dvmd_tls.o)
                                                  c:/program files (x86)/atmel studio/7.0/toolchain/arm/arm-gnu-toolchain/bin/../lib/gcc/arm-none-eabi/4.9.3/armv7e-m\libgcc.a(_aeabi_uldivmod.o)
__aeabi_uldivmod                                  c:/program files (x86)/atmel studio/7.0/toolchain/arm/arm-gnu-toolchain/bin/../lib/gcc/arm-none-eabi/4.9.3/armv7e-m\libgcc.a(_aeabi_uldivmod.o)
                                                  c:/program files (x86)/atmel studio/7.0/toolchain/arm/arm-gnu-toolchain/bin/../lib/gcc/arm-none-eabi/4.9.3/../../../../arm-none-eabi/lib/armv7e-m\libc.a(lib_a-vfiprintf.o)
__ascii_wctomb                                    c:/program files (x86)/atmel studio/7.0/toolchain/arm/arm-gnu-toolchain/bin/../lib/gcc/arm-none-eabi/4.9.3/../../../../arm-none-eabi/lib/armv7e-m\libc.a(lib_a-wctomb_r.o)
__bss_end__                                       c:/program files (x86)/atmel studio/7.0/toolchain/arm/arm-gnu-toolchain/bin/../lib/gcc/arm-none-eabi/4.9.3/../../../../arm-none-eabi/lib/armv7e-m/crt0.o
__bss_start__                                     c:/program files (x86)/atmel studio/7.0/toolchain/arm/arm-gnu-toolchain/bin/../lib/gcc/arm-none-eabi/4.9.3/../../../../arm-none-eabi/lib/armv7e-m/crt0.o
__call_exitprocs                                  c:/program files (x86)/atmel studio/7.0/toolchain/arm/arm-gnu-toolchain/bin/../lib/gcc/arm-none-eabi/4.9.3/../../../../arm-none-eabi/lib/armv7e-m\libc.a(lib_a-__call_atexit.o)
                                                  c:/program files (x86)/atmel studio/7.0/toolchain/arm/arm-gnu-toolchain/bin/../lib/gcc/arm-none-eabi/4.9.3/../../../../arm-none-eabi/lib/armv7e-m\libc.a(lib_a-exit.o)
__deregister_frame_info                           c:/program files (x86)/atmel studio/7.0/toolchain/arm/arm-gnu-toolchain/bin/../lib/gcc/arm-none-eabi/4.9.3/armv7e-m/crtbegin.o
__divdi3                                          c:/program files (x86)/atmel studio/7.0/toolchain/arm/arm-gnu-toolchain/bin/../lib/gcc/arm-none-eabi/4.9.3/armv7e-m\libgcc.a(_divdi3.o)
                                                  c:/program files (x86)/atmel studio/7.0/toolchain/arm/arm-gnu-toolchain/bin/../lib/gcc/arm-none-eabi/4.9.3/armv7e-m\libgcc.a(bpabi.o)
__dso_handle                                      c:/program files (x86)/atmel studio/7.0/toolchain/arm/arm-gnu-toolchain/bin/../lib/gcc/arm-none-eabi/4.9.3/armv7e-m/crtbegin.o
__fini_array_end                                  c:/program files (x86)/atmel studio/7.0/toolchain/arm/arm-gnu-toolchain/bin/../lib/gcc/arm-none-eabi/4.9.3/../../../../arm-none-eabi/lib/armv7e-m\libc.a(lib_a-fini.o)
__fini_array_start                                c:/program files (x86)/atmel studio/7.0/toolchain/arm/arm-gnu-toolchain/bin/../lib/gcc/arm-none-eabi/4.9.3/../../../../arm-none-eabi/lib/armv7e-m\libc.a(lib_a-fini.o)
__fp_lock_all                                     c:/program files (x86)/atmel studio/7.0/toolchain/arm/arm-gnu-toolchain/bin/../lib/gcc/arm-none-eabi/4.9.3/../../../../arm-none-eabi/lib/armv7e-m\libc.a(lib_a-findfp.o)
__fp_unlock_all                                   c:/program files (x86)/atmel studio/7.0/toolchain/arm/arm-gnu-toolchain/bin/../lib/gcc/arm-none-eabi/4.9.3/../../../../arm-none-eabi/lib/armv7e-m\libc.a(lib_a-findfp.o)
__fputwc                                          c:/program files (x86)/atmel studio/7.0/toolchain/arm/arm-gnu-toolchain/bin/../lib/gcc/arm-none-eabi/4.9.3/../../../../arm-none-eabi/lib/armv7e-m\libc.a(lib_a-fputwc.o)
__gnu_ldivmod_helper                              c:/program files (x86)/atmel studio/7.0/toolchain/arm/arm-gnu-toolchain/bin/../lib/gcc/arm-none-eabi/4.9.3/armv7e-m\libgcc.a(bpabi.o)
__gnu_uldivmod_helper                             c:/program files (x86)/atmel studio/7.0/toolchain/arm/arm-gnu-toolchain/bin/../lib/gcc/arm-none-eabi/4.9.3/armv7e-m\libgcc.a(bpabi.o)
                                                  c:/program files (x86)/atmel studio/7.0/toolchain/arm/arm-gnu-toolchain/bin/../lib/gcc/arm-none-eabi/4.9.3/armv7e-m\libgcc.a(_aeabi_uldivmod.o)
__init_array_end                                  c:/program files (x86)/atmel studio/7.0/toolchain/arm/arm-gnu-toolchain/bin/../lib/gcc/arm-none-eabi/4.9.3/../../../../arm-none-eabi/lib/armv7e-m\libc.a(lib_a-init.o)
__init_array_start                                c:/program files (x86)/atmel studio/7.0/toolchain/arm/arm-gnu-toolchain/bin/../lib/gcc/arm-none-eabi/4.9.3/../../../../arm-none-eabi/lib/armv7e-m\libc.a(lib_a-init.o)
__libc_fini                                       c:/program files (x86)/atmel studio/7.0/toolchain/arm/arm-gnu-toolchain/bin/../lib/gcc/arm-none-eabi/4.9.3/../../../../arm-none-eabi/lib/armv7e-m\libc.a(lib_a-__call_atexit.o)
__libc_fini_array                                 c:/program files (x86)/atmel studio/7.0/toolchain/arm/arm-gnu-toolchain/bin/../lib/gcc/arm-none-eabi/4.9.3/../../../../arm-none-eabi/lib/armv7e-m\libc.a(lib_a-fini.o)
                                                  c:/program files (x86)/atmel studio/7.0/toolchain/arm/arm-gnu-toolchain/bin/../lib/gcc/arm-none-eabi/4.9.3/../../../../arm-none-eabi/lib/armv7e-m\libc.a(lib_a-__call_atexit.o)
                                                  c:/program files (x86)/atmel studio/7.0/toolchain/arm/arm-gnu-toolchain/bin/../lib/gcc/arm-none-eabi/4.9.3/../../../../arm-none-eabi/lib/armv7e-m/crt0.o
__libc_init_array                                 c:/program files (x86)/atmel studio/7.0/toolchain/arm/arm-gnu-toolchain/bin/../lib/gcc/arm-none-eabi/4.9.3/../../../../arm-none-eabi/lib/armv7e-m\libc.a(lib_a-init.o)
                                                  src/ASF/sam/utils/cmsis/sam4s/source/templates/gcc/startup_sam4s.o
                                                  c:/program files (x86)/atmel studio/7.0/toolchain/arm/arm-gnu-toolchain/bin/../lib/gcc/arm-none-eabi/4.9.3/../../../../arm-none-eabi/lib/armv7e-m/crt0.o
__locale_charset                                  c:/program files (x86)/atmel studio/7.0/toolchain/arm/arm-gnu-toolchain/bin/../lib/gcc/arm-none-eabi/4.9.3/../../../../arm-none-eabi/lib/armv7e-m\libc.a(lib_a-locale.o)
                                                  c:/program files (x86)/atmel studio/7.0/toolchain/arm/arm-gnu-toolchain/bin/../lib/gcc/arm-none-eabi/4.9.3/../../../../arm-none-eabi/lib/armv7e-m\libc.a(lib_a-wctomb_r.o)
                                                  c:/program files (x86)/atmel studio/7.0/toolchain/arm/arm-gnu-toolchain/bin/../lib/gcc/arm-none-eabi/4.9.3/../../../../arm-none-eabi/lib/armv7e-m\libc.a(lib_a-wcrtomb.o)
__locale_cjk_lang                                 c:/program files (x86)/atmel studio/7.0/toolchain/arm/arm-gnu-toolchain/bin/../lib/gcc/arm-none-eabi/4.9.3/../../../../arm-none-eabi/lib/armv7e-m\libc.a(lib_a-locale.o)
__locale_mb_cur_max                               c:/program files (x86)/atmel studio/7.0/toolchain/arm/arm-gnu-toolchain/bin/../lib/gcc/arm-none-eabi/4.9.3/../../../../arm-none-eabi/lib/armv7e-m\libc.a(lib_a-locale.o)
                                                  c:/program files (x86)/atmel studio/7.0/toolchain/arm/arm-gnu-toolchain/bin/../lib/gcc/arm-none-eabi/4.9.3/../../../../arm-none-eabi/lib/armv7e-m\libc.a(lib_a-fputwc.o)
__locale_msgcharset                               c:/program files (x86)/atmel studio/7.0/toolchain/arm/arm-gnu-toolchain/bin/../lib/gcc/arm-none-eabi/4.9.3/../../../../arm-none-eabi/lib/armv7e-m\libc.a(lib_a-locale.o)
__malloc_av_                                      c:/program files (x86)/atmel studio/7.0/toolchain/arm/arm-gnu-toolchain/bin/../lib/gcc/arm-none-eabi/4.9.3/../../../../arm-none-eabi/lib/armv7e-m\libc.a(lib_a-mallocr.o)
                                                  c:/program files (x86)/atmel studio/7.0/toolchain/arm/arm-gnu-toolchain/bin/../lib/gcc/arm-none-eabi/4.9.3/../../../../arm-none-eabi/lib/armv7e-m\libc.a(lib_a-reallocr.o)
                                                  c:/program files (x86)/atmel studio/7.0/toolchain/arm/arm-gnu-toolchain/bin/../lib/gcc/arm-none-eabi/4.9.3/../../../../arm-none-eabi/lib/armv7e-m\libc.a(lib_a-freer.o)
__malloc_current_mallinfo                         c:/program files (x86)/atmel studio/7.0/toolchain/arm/arm-gnu-toolchain/bin/../lib/gcc/arm-none-eabi/4.9.3/../../../../arm-none-eabi/lib/armv7e-m\libc.a(lib_a-mallocr.o)
                                                  c:/program files (x86)/atmel studio/7.0/toolchain/arm/arm-gnu-toolchain/bin/../lib/gcc/arm-none-eabi/4.9.3/../../../../arm-none-eabi/lib/armv7e-m\libc.a(lib_a-freer.o)
__malloc_lock                                     c:/program files (x86)/atmel studio/7.0/toolchain/arm/arm-gnu-toolchain/bin/../lib/gcc/arm-none-eabi/4.9.3/../../../../arm-none-eabi/lib/armv7e-m\libc.a(lib_a-mlock.o)
                                                  c:/program files (x86)/atmel studio/7.0/toolchain/arm/arm-gnu-toolchain/bin/../lib/gcc/arm-none-eabi/4.9.3/../../../../arm-none-eabi/lib/armv7e-m\libc.a(lib_a-reallocr.o)
                                                  c:/program files (x86)/atmel studio/7.0/toolchain/arm/arm-gnu-toolchain/bin/../lib/gcc/arm-none-eabi/4.9.3/../../../../arm-none-eabi/lib/armv7e-m\libc.a(lib_a-mallocr.o)
                                                  c:/program files (x86)/atmel studio/7.0/toolchain/arm/arm-gnu-toolchain/bin/../lib/gcc/arm-none-eabi/4.9.3/../../../../arm-none-eabi/lib/armv7e-m\libc.a(lib_a-freer.o)
__malloc_max_sbrked_mem                           c:/program files (x86)/atmel studio/7.0/toolchain/arm/arm-gnu-toolchain/bin/../lib/gcc/arm-none-eabi/4.9.3/../../../../arm-none-eabi/lib/armv7e-m\libc.a(lib_a-mallocr.o)
__malloc_max_total_mem                            c:/program files (x86)/atmel studio/7.0/toolchain/arm/arm-gnu-toolchain/bin/../lib/gcc/arm-none-eabi/4.9.3/../../../../arm-none-eabi/lib/armv7e-m\libc.a(lib_a-mallocr.o)
__malloc_sbrk_base                                c:/program files (x86)/atmel studio/7.0/toolchain/arm/arm-gnu-toolchain/bin/../lib/gcc/arm-none-eabi/4.9.3/../../../../arm-none-eabi/lib/armv7e-m\libc.a(lib_a-mallocr.o)
                                                  c:/program files (x86)/atmel studio/7.0/toolchain/arm/arm-gnu-toolchain/bin/../lib/gcc/arm-none-eabi/4.9.3/../../../../arm-none-eabi/lib/armv7e-m\libc.a(lib_a-freer.o)
__malloc_top_pad                                  c:/program files (x86)/atmel studio/7.0/toolchain/arm/arm-gnu-toolchain/bin/../lib/gcc/arm-none-eabi/4.9.3/../../../../arm-none-eabi/lib/armv7e-m\libc.a(lib_a-mallocr.o)
                                                  c:/program files (x86)/atmel studio/7.0/toolchain/arm/arm-gnu-toolchain/bin/../lib/gcc/arm-none-eabi/4.9.3/../../../../arm-none-eabi/lib/armv7e-m\libc.a(lib_a-freer.o)
__malloc_trim_threshold                           c:/program files (x86)/atmel studio/7.0/toolchain/arm/arm-gnu-toolchain/bin/../lib/gcc/arm-none-eabi/4.9.3/../../../../arm-none-eabi/lib/armv7e-m\libc.a(lib_a-mallocr.o)
                                                  c:/program files (x86)/atmel studio/7.0/toolchain/arm/arm-gnu-toolchain/bin/../lib/gcc/arm-none-eabi/4.9.3/../../../../arm-none-eabi/lib/armv7e-m\libc.a(lib_a-freer.o)
__malloc_unlock                                   c:/program files (x86)/atmel studio/7.0/toolchain/arm/arm-gnu-toolchain/bin/../lib/gcc/arm-none-eabi/4.9.3/../../../../arm-none-eabi/lib/armv7e-m\libc.a(lib_a-mlock.o)
                                                  c:/program files (x86)/atmel studio/7.0/toolchain/arm/arm-gnu-toolchain/bin/../lib/gcc/arm-none-eabi/4.9.3/../../../../arm-none-eabi/lib/armv7e-m\libc.a(lib_a-reallocr.o)
                                                  c:/program files (x86)/atmel studio/7.0/toolchain/arm/arm-gnu-toolchain/bin/../lib/gcc/arm-none-eabi/4.9.3/../../../../arm-none-eabi/lib/armv7e-m\libc.a(lib_a-mallocr.o)
                                                  c:/program files (x86)/atmel studio/7.0/toolchain/arm/arm-gnu-toolchain/bin/../lib/gcc/arm-none-eabi/4.9.3/../../../../arm-none-eabi/lib/armv7e-m\libc.a(lib_a-freer.o)
__mb_cur_max                                      c:/program files (x86)/atmel studio/7.0/toolchain/arm/arm-gnu-toolchain/bin/../lib/gcc/arm-none-eabi/4.9.3/../../../../arm-none-eabi/lib/armv7e-m\libc.a(lib_a-locale.o)
__mlocale_changed                                 c:/program files (x86)/atmel studio/7.0/toolchain/arm/arm-gnu-toolchain/bin/../lib/gcc/arm-none-eabi/4.9.3/../../../../arm-none-eabi/lib/armv7e-m\libc.a(lib_a-locale.o)
__nlocale_changed                                 c:/program files (x86)/atmel studio/7.0/toolchain/arm/arm-gnu-toolchain/bin/../lib/gcc/arm-none-eabi/4.9.3/../../../../arm-none-eabi/lib/armv7e-m\libc.a(lib_a-locale.o)
__preinit_array_end                               c:/program files (x86)/atmel studio/7.0/toolchain/arm/arm-gnu-toolchain/bin/../lib/gcc/arm-none-eabi/4.9.3/../../../../arm-none-eabi/lib/armv7e-m\libc.a(lib_a-init.o)
__preinit_array_start                             c:/program files (x86)/atmel studio/7.0/toolchain/arm/arm-gnu-toolchain/bin/../lib/gcc/arm-none-eabi/4.9.3/../../../../arm-none-eabi/lib/armv7e-m\libc.a(lib_a-init.o)
__ram_end__                                       src/ASF/sam/utils/syscalls/gcc/syscalls.o
__register_exitproc                               c:/program files (x86)/atmel studio/7.0/toolchain/arm/arm-gnu-toolchain/bin/../lib/gcc/arm-none-eabi/4.9.3/../../../../arm-none-eabi/lib/armv7e-m\libc.a(lib_a-__atexit.o)
                                                  c:/program files (x86)/atmel studio/7.0/toolchain/arm/arm-gnu-toolchain/bin/../lib/gcc/arm-none-eabi/4.9.3/../../../../arm-none-eabi/lib/armv7e-m\libc.a(lib_a-atexit.o)
__register_frame_info                             c:/program files (x86)/atmel studio/7.0/toolchain/arm/arm-gnu-toolchain/bin/../lib/gcc/arm-none-eabi/4.9.3/armv7e-m/crtbegin.o
__sclose                                          c:/program files (x86)/atmel studio/7.0/toolchain/arm/arm-gnu-toolchain/bin/../lib/gcc/arm-none-eabi/4.9.3/../../../../arm-none-eabi/lib/armv7e-m\libc.a(lib_a-stdio.o)
                                                  c:/program files (x86)/atmel studio/7.0/toolchain/arm/arm-gnu-toolchain/bin/../lib/gcc/arm-none-eabi/4.9.3/../../../../arm-none-eabi/lib/armv7e-m\libc.a(lib_a-findfp.o)
__seofread                                        c:/program files (x86)/atmel studio/7.0/toolchain/arm/arm-gnu-toolchain/bin/../lib/gcc/arm-none-eabi/4.9.3/../../../../arm-none-eabi/lib/armv7e-m\libc.a(lib_a-stdio.o)
__sflush_r                                        c:/program files (x86)/atmel studio/7.0/toolchain/arm/arm-gnu-toolchain/bin/../lib/gcc/arm-none-eabi/4.9.3/../../../../arm-none-eabi/lib/armv7e-m\libc.a(lib_a-fflush.o)
                                                  c:/program files (x86)/atmel studio/7.0/toolchain/arm/arm-gnu-toolchain/bin/../lib/gcc/arm-none-eabi/4.9.3/../../../../arm-none-eabi/lib/armv7e-m\libc.a(lib_a-fclose.o)
__sfmoreglue                                      c:/program files (x86)/atmel studio/7.0/toolchain/arm/arm-gnu-toolchain/bin/../lib/gcc/arm-none-eabi/4.9.3/../../../../arm-none-eabi/lib/armv7e-m\libc.a(lib_a-findfp.o)
__sfp                                             c:/program files (x86)/atmel studio/7.0/toolchain/arm/arm-gnu-toolchain/bin/../lib/gcc/arm-none-eabi/4.9.3/../../../../arm-none-eabi/lib/armv7e-m\libc.a(lib_a-findfp.o)
__sfp_lock_acquire                                c:/program files (x86)/atmel studio/7.0/toolchain/arm/arm-gnu-toolchain/bin/../lib/gcc/arm-none-eabi/4.9.3/../../../../arm-none-eabi/lib/armv7e-m\libc.a(lib_a-findfp.o)
                                                  c:/program files (x86)/atmel studio/7.0/toolchain/arm/arm-gnu-toolchain/bin/../lib/gcc/arm-none-eabi/4.9.3/../../../../arm-none-eabi/lib/armv7e-m\libc.a(lib_a-fclose.o)
__sfp_lock_release                                c:/program files (x86)/atmel studio/7.0/toolchain/arm/arm-gnu-toolchain/bin/../lib/gcc/arm-none-eabi/4.9.3/../../../../arm-none-eabi/lib/armv7e-m\libc.a(lib_a-findfp.o)
                                                  c:/program files (x86)/atmel studio/7.0/toolchain/arm/arm-gnu-toolchain/bin/../lib/gcc/arm-none-eabi/4.9.3/../../../../arm-none-eabi/lib/armv7e-m\libc.a(lib_a-fclose.o)
__sfvwrite_r                                      c:/program files (x86)/atmel studio/7.0/toolchain/arm/arm-gnu-toolchain/bin/../lib/gcc/arm-none-eabi/4.9.3/../../../../arm-none-eabi/lib/armv7e-m\libc.a(lib_a-fvwrite.o)
                                                  c:/program files (x86)/atmel studio/7.0/toolchain/arm/arm-gnu-toolchain/bin/../lib/gcc/arm-none-eabi/4.9.3/../../../../arm-none-eabi/lib/armv7e-m\libc.a(lib_a-vfiprintf.o)
__sinit                                           c:/program files (x86)/atmel studio/7.0/toolchain/arm/arm-gnu-toolchain/bin/../lib/gcc/arm-none-eabi/4.9.3/../../../../arm-none-eabi/lib/armv7e-m\libc.a(lib_a-findfp.o)
                                                  c:/program files (x86)/atmel studio/7.0/toolchain/arm/arm-gnu-toolchain/bin/../lib/gcc/arm-none-eabi/4.9.3/../../../../arm-none-eabi/lib/armv7e-m\libc.a(lib_a-fclose.o)
                                                  c:/program files (x86)/atmel studio/7.0/toolchain/arm/arm-gnu-toolchain/bin/../lib/gcc/arm-none-eabi/4.9.3/../../../../arm-none-eabi/lib/armv7e-m\libc.a(lib_a-wbuf.o)
                                                  c:/program files (x86)/atmel studio/7.0/toolchain/arm/arm-gnu-toolchain/bin/../lib/gcc/arm-none-eabi/4.9.3/../../../../arm-none-eabi/lib/armv7e-m\libc.a(lib_a-fputwc.o)
                                                  c:/program files (x86)/atmel studio/7.0/toolchain/arm/arm-gnu-toolchain/bin/../lib/gcc/arm-none-eabi/4.9.3/../../../../arm-none-eabi/lib/armv7e-m\libc.a(lib_a-fflush.o)
                                                  c:/program files (x86)/atmel studio/7.0/toolchain/arm/arm-gnu-toolchain/bin/../lib/gcc/arm-none-eabi/4.9.3/../../../../arm-none-eabi/lib/armv7e-m\libc.a(lib_a-wsetup.o)
                                                  c:/program files (x86)/atmel studio/7.0/toolchain/arm/arm-gnu-toolchain/bin/../lib/gcc/arm-none-eabi/4.9.3/../../../../arm-none-eabi/lib/armv7e-m\libc.a(lib_a-vfiprintf.o)
__sinit_lock_acquire                              c:/program files (x86)/atmel studio/7.0/toolchain/arm/arm-gnu-toolchain/bin/../lib/gcc/arm-none-eabi/4.9.3/../../../../arm-none-eabi/lib/armv7e-m\libc.a(lib_a-findfp.o)
__sinit_lock_release                              c:/program files (x86)/atmel studio/7.0/toolchain/arm/arm-gnu-toolchain/bin/../lib/gcc/arm-none-eabi/4.9.3/../../../../arm-none-eabi/lib/armv7e-m\libc.a(lib_a-findfp.o)
__smakebuf_r                                      c:/program files (x86)/atmel studio/7.0/toolchain/arm/arm-gnu-toolchain/bin/../lib/gcc/arm-none-eabi/4.9.3/../../../../arm-none-eabi/lib/armv7e-m\libc.a(lib_a-makebuf.o)
                                                  c:/program files (x86)/atmel studio/7.0/toolchain/arm/arm-gnu-toolchain/bin/../lib/gcc/arm-none-eabi/4.9.3/../../../../arm-none-eabi/lib/armv7e-m\libc.a(lib_a-wsetup.o)
__sprint_r                                        c:/program files (x86)/atmel studio/7.0/toolchain/arm/arm-gnu-toolchain/bin/../lib/gcc/arm-none-eabi/4.9.3/../../../../arm-none-eabi/lib/armv7e-m\libc.a(lib_a-vfiprintf.o)
__sread                                           c:/program files (x86)/atmel studio/7.0/toolchain/arm/arm-gnu-toolchain/bin/../lib/gcc/arm-none-eabi/4.9.3/../../../../arm-none-eabi/lib/armv7e-m\libc.a(lib_a-stdio.o)
                                                  c:/program files (x86)/atmel studio/7.0/toolchain/arm/arm-gnu-toolchain/bin/../lib/gcc/arm-none-eabi/4.9.3/../../../../arm-none-eabi/lib/armv7e-m\libc.a(lib_a-findfp.o)
__sseek                                           c:/program files (x86)/atmel studio/7.0/toolchain/arm/arm-gnu-toolchain/bin/../lib/gcc/arm-none-eabi/4.9.3/../../../../arm-none-eabi/lib/armv7e-m\libc.a(lib_a-stdio.o)
                                                  c:/program files (x86)/atmel studio/7.0/toolchain/arm/arm-gnu-toolchain/bin/../lib/gcc/arm-none-eabi/4.9.3/../../../../arm-none-eabi/lib/armv7e-m\libc.a(lib_a-makebuf.o)
                                                  c:/program files (x86)/atmel studio/7.0/toolchain/arm/arm-gnu-toolchain/bin/../lib/gcc/arm-none-eabi/4.9.3/../../../../arm-none-eabi/lib/armv7e-m\libc.a(lib_a-findfp.o)
__stack                                           c:/program files (x86)/atmel studio/7.0/toolchain/arm/arm-gnu-toolchain/bin/../lib/gcc/arm-none-eabi/4.9.3/../../../../arm-none-eabi/lib/armv7e-m/crt0.o
__swbuf                                           c:/program files (x86)/atmel studio/7.0/toolchain/arm/arm-gnu-toolchain/bin/../lib/gcc/arm-none-eabi/4.9.3/../../../../arm-none-eabi/lib/armv7e-m\libc.a(lib_a-wbuf.o)
__swbuf_r                                         c:/program files (x86)/atmel studio/7.0/toolchain/arm/arm-gnu-toolchain/bin/../lib/gcc/arm-none-eabi/4.9.3/../../../../arm-none-eabi/lib/armv7e-m\libc.a(lib_a-wbuf.o)
                                                  c:/program files (x86)/atmel studio/7.0/toolchain/arm/arm-gnu-toolchain/bin/../lib/gcc/arm-none-eabi/4.9.3/../../../../arm-none-eabi/lib/armv7e-m\libc.a(lib_a-fputwc.o)
__swrite                                          c:/program files (x86)/atmel studio/7.0/toolchain/arm/arm-gnu-toolchain/bin/../lib/gcc/arm-none-eabi/4.9.3/../../../../arm-none-eabi/lib/armv7e-m\libc.a(lib_a-stdio.o)
                                                  c:/program files (x86)/atmel studio/7.0/toolchain/arm/arm-gnu-toolchain/bin/../lib/gcc/arm-none-eabi/4.9.3/../../../../arm-none-eabi/lib/armv7e-m\libc.a(lib_a-findfp.o)
__swsetup_r                                       c:/program files (x86)/atmel studio/7.0/toolchain/arm/arm-gnu-toolchain/bin/../lib/gcc/arm-none-eabi/4.9.3/../../../../arm-none-eabi/lib/armv7e-m\libc.a(lib_a-wsetup.o)
                                                  c:/program files (x86)/atmel studio/7.0/toolchain/arm/arm-gnu-toolchain/bin/../lib/gcc/arm-none-eabi/4.9.3/../../../../arm-none-eabi/lib/armv7e-m\libc.a(lib_a-wbuf.o)
                                                  c:/program files (x86)/atmel studio/7.0/toolchain/arm/arm-gnu-toolchain/bin/../lib/gcc/arm-none-eabi/4.9.3/../../../../arm-none-eabi/lib/armv7e-m\libc.a(lib_a-fvwrite.o)
                                                  c:/program files (x86)/atmel studio/7.0/toolchain/arm/arm-gnu-toolchain/bin/../lib/gcc/arm-none-eabi/4.9.3/../../../../arm-none-eabi/lib/armv7e-m\libc.a(lib_a-vfiprintf.o)
__udivdi3                                         c:/program files (x86)/atmel studio/7.0/toolchain/arm/arm-gnu-toolchain/bin/../lib/gcc/arm-none-eabi/4.9.3/armv7e-m\libgcc.a(_udivdi3.o)
                                                  c:/program files (x86)/atmel studio/7.0/toolchain/arm/arm-gnu-toolchain/bin/../lib/gcc/arm-none-eabi/4.9.3/armv7e-m\libgcc.a(bpabi.o)
__wctomb                                          c:/program files (x86)/atmel studio/7.0/toolchain/arm/arm-gnu-toolchain/bin/../lib/gcc/arm-none-eabi/4.9.3/../../../../arm-none-eabi/lib/armv7e-m\libc.a(lib_a-wctomb_r.o)
                                                  c:/program files (x86)/atmel studio/7.0/toolchain/arm/arm-gnu-toolchain/bin/../lib/gcc/arm-none-eabi/4.9.3/../../../../arm-none-eabi/lib/armv7e-m\libc.a(lib_a-wcrtomb.o)
_cleanup                                          c:/program files (x86)/atmel studio/7.0/toolchain/arm/arm-gnu-toolchain/bin/../lib/gcc/arm-none-eabi/4.9.3/../../../../arm-none-eabi/lib/armv7e-m\libc.a(lib_a-findfp.o)
_cleanup_r                                        c:/program files (x86)/atmel studio/7.0/toolchain/arm/arm-gnu-toolchain/bin/../lib/gcc/arm-none-eabi/4.9.3/../../../../arm-none-eabi/lib/armv7e-m\libc.a(lib_a-findfp.o)
                                                  c:/program files (x86)/atmel studio/7.0/toolchain/arm/arm-gnu-toolchain/bin/../lib/gcc/arm-none-eabi/4.9.3/../../../../arm-none-eabi/lib/armv7e-m\libc.a(lib_a-makebuf.o)
_close                                            src/ASF/sam/utils/syscalls/gcc/syscalls.o
                                                  c:/program files (x86)/atmel studio/7.0/toolchain/arm/arm-gnu-toolchain/bin/../lib/gcc/arm-none-eabi/4.9.3/../../../../arm-none-eabi/lib/armv7e-m\libc.a(lib_a-closer.o)
_close_r                                          c:/program files (x86)/atmel studio/7.0/toolchain/arm/arm-gnu-toolchain/bin/../lib/gcc/arm-none-eabi/4.9.3/../../../../arm-none-eabi/lib/armv7e-m\libc.a(lib_a-closer.o)
                                                  c:/program files (x86)/atmel studio/7.0/toolchain/arm/arm-gnu-toolchain/bin/../lib/gcc/arm-none-eabi/4.9.3/../../../../arm-none-eabi/lib/armv7e-m\libc.a(lib_a-stdio.o)
_end                                              src/ASF/sam/utils/syscalls/gcc/syscalls.o
_erelocate                                        src/ASF/sam/utils/cmsis/sam4s/source/templates/gcc/startup_sam4s.o
_estack                                           src/ASF/sam/utils/cmsis/sam4s/source/templates/gcc/startup_sam4s.o
_etext                                            src/ASF/sam/utils/cmsis/sam4s/source/templates/gcc/startup_sam4s.o
_exit                                             src/ASF/sam/utils/syscalls/gcc/syscalls.o
                                                  c:/program files (x86)/atmel studio/7.0/toolchain/arm/arm-gnu-toolchain/bin/../lib/gcc/arm-none-eabi/4.9.3/../../../../arm-none-eabi/lib/armv7e-m\libc.a(lib_a-exit.o)
_ezero                                            src/ASF/sam/utils/cmsis/sam4s/source/templates/gcc/startup_sam4s.o
_fclose_r                                         c:/program files (x86)/atmel studio/7.0/toolchain/arm/arm-gnu-toolchain/bin/../lib/gcc/arm-none-eabi/4.9.3/../../../../arm-none-eabi/lib/armv7e-m\libc.a(lib_a-fclose.o)
                                                  c:/program files (x86)/atmel studio/7.0/toolchain/arm/arm-gnu-toolchain/bin/../lib/gcc/arm-none-eabi/4.9.3/../../../../arm-none-eabi/lib/armv7e-m\libc.a(lib_a-findfp.o)
_fflush_r                                         c:/program files (x86)/atmel studio/7.0/toolchain/arm/arm-gnu-toolchain/bin/../lib/gcc/arm-none-eabi/4.9.3/../../../../arm-none-eabi/lib/armv7e-m\libc.a(lib_a-fflush.o)
                                                  c:/program files (x86)/atmel studio/7.0/toolchain/arm/arm-gnu-toolchain/bin/../lib/gcc/arm-none-eabi/4.9.3/../../../../arm-none-eabi/lib/armv7e-m\libc.a(lib_a-wbuf.o)
                                                  c:/program files (x86)/atmel studio/7.0/toolchain/arm/arm-gnu-toolchain/bin/../lib/gcc/arm-none-eabi/4.9.3/../../../../arm-none-eabi/lib/armv7e-m\libc.a(lib_a-fvwrite.o)
                                                  c:/program files (x86)/atmel studio/7.0/toolchain/arm/arm-gnu-toolchain/bin/../lib/gcc/arm-none-eabi/4.9.3/../../../../arm-none-eabi/lib/armv7e-m\libc.a(lib_a-vfiprintf.o)
_fini                                             c:/program files (x86)/atmel studio/7.0/toolchain/arm/arm-gnu-toolchain/bin/../lib/gcc/arm-none-eabi/4.9.3/armv7e-m/crti.o
                                                  c:/program files (x86)/atmel studio/7.0/toolchain/arm/arm-gnu-toolchain/bin/../lib/gcc/arm-none-eabi/4.9.3/../../../../arm-none-eabi/lib/armv7e-m\libc.a(lib_a-fini.o)
_fputwc_r                                         c:/program files (x86)/atmel studio/7.0/toolchain/arm/arm-gnu-toolchain/bin/../lib/gcc/arm-none-eabi/4.9.3/../../../../arm-none-eabi/lib/armv7e-m\libc.a(lib_a-fputwc.o)
                                                  c:/program files (x86)/atmel studio/7.0/toolchain/arm/arm-gnu-toolchain/bin/../lib/gcc/arm-none-eabi/4.9.3/../../../../arm-none-eabi/lib/armv7e-m\libc.a(lib_a-vfiprintf.o)
_free_r                                           c:/program files (x86)/atmel studio/7.0/toolchain/arm/arm-gnu-toolchain/bin/../lib/gcc/arm-none-eabi/4.9.3/../../../../arm-none-eabi/lib/armv7e-m\libc.a(lib_a-freer.o)
                                                  c:/program files (x86)/atmel studio/7.0/toolchain/arm/arm-gnu-toolchain/bin/../lib/gcc/arm-none-eabi/4.9.3/../../../../arm-none-eabi/lib/armv7e-m\libc.a(lib_a-reent.o)
                                                  c:/program files (x86)/atmel studio/7.0/toolchain/arm/arm-gnu-toolchain/bin/../lib/gcc/arm-none-eabi/4.9.3/../../../../arm-none-eabi/lib/armv7e-m\libc.a(lib_a-fclose.o)
                                                  c:/program files (x86)/atmel studio/7.0/toolchain/arm/arm-gnu-toolchain/bin/../lib/gcc/arm-none-eabi/4.9.3/../../../../arm-none-eabi/lib/armv7e-m\libc.a(lib_a-reallocr.o)
                                                  c:/program files (x86)/atmel studio/7.0/toolchain/arm/arm-gnu-toolchain/bin/../lib/gcc/arm-none-eabi/4.9.3/../../../../arm-none-eabi/lib/armv7e-m\libc.a(lib_a-mallocr.o)
                                                  c:/program files (x86)/atmel studio/7.0/toolchain/arm/arm-gnu-toolchain/bin/../lib/gcc/arm-none-eabi/4.9.3/../../../../arm-none-eabi/lib/armv7e-m\libc.a(lib_a-fvwrite.o)
                                                  c:/program files (x86)/atmel studio/7.0/toolchain/arm/arm-gnu-toolchain/bin/../lib/gcc/arm-none-eabi/4.9.3/../../../../arm-none-eabi/lib/armv7e-m\libc.a(lib_a-fflush.o)
                                                  c:/program files (x86)/atmel studio/7.0/toolchain/arm/arm-gnu-toolchain/bin/../lib/gcc/arm-none-eabi/4.9.3/../../../../arm-none-eabi/lib/armv7e-m\libc.a(lib_a-wsetup.o)
_fstat                                            src/ASF/sam/utils/syscalls/gcc/syscalls.o
                                                  c:/program files (x86)/atmel studio/7.0/toolchain/arm/arm-gnu-toolchain/bin/../lib/gcc/arm-none-eabi/4.9.3/../../../../arm-none-eabi/lib/armv7e-m\libc.a(lib_a-fstatr.o)
_fstat_r                                          c:/program files (x86)/atmel studio/7.0/toolchain/arm/arm-gnu-toolchain/bin/../lib/gcc/arm-none-eabi/4.9.3/../../../../arm-none-eabi/lib/armv7e-m\libc.a(lib_a-fstatr.o)
                                                  c:/program files (x86)/atmel studio/7.0/toolchain/arm/arm-gnu-toolchain/bin/../lib/gcc/arm-none-eabi/4.9.3/../../../../arm-none-eabi/lib/armv7e-m\libc.a(lib_a-makebuf.o)
_fwalk                                            c:/program files (x86)/atmel studio/7.0/toolchain/arm/arm-gnu-toolchain/bin/../lib/gcc/arm-none-eabi/4.9.3/../../../../arm-none-eabi/lib/armv7e-m\libc.a(lib_a-fwalk.o)
                                                  c:/program files (x86)/atmel studio/7.0/toolchain/arm/arm-gnu-toolchain/bin/../lib/gcc/arm-none-eabi/4.9.3/../../../../arm-none-eabi/lib/armv7e-m\libc.a(lib_a-findfp.o)
_fwalk_reent                                      c:/program files (x86)/atmel studio/7.0/toolchain/arm/arm-gnu-toolchain/bin/../lib/gcc/arm-none-eabi/4.9.3/../../../../arm-none-eabi/lib/armv7e-m\libc.a(lib_a-fwalk.o)
                                                  c:/program files (x86)/atmel studio/7.0/toolchain/arm/arm-gnu-toolchain/bin/../lib/gcc/arm-none-eabi/4.9.3/../../../../arm-none-eabi/lib/armv7e-m\libc.a(lib_a-findfp.o)
                                                  c:/program files (x86)/atmel studio/7.0/toolchain/arm/arm-gnu-toolchain/bin/../lib/gcc/arm-none-eabi/4.9.3/../../../../arm-none-eabi/lib/armv7e-m\libc.a(lib_a-fflush.o)
_getpid                                           src/ASF/sam/utils/syscalls/gcc/syscalls.o
_global_impure_ptr                                c:/program files (x86)/atmel studio/7.0/toolchain/arm/arm-gnu-toolchain/bin/../lib/gcc/arm-none-eabi/4.9.3/../../../../arm-none-eabi/lib/armv7e-m\libc.a(lib_a-impure.o)
                                                  c:/program files (x86)/atmel studio/7.0/toolchain/arm/arm-gnu-toolchain/bin/../lib/gcc/arm-none-eabi/4.9.3/../../../../arm-none-eabi/lib/armv7e-m\libc.a(lib_a-__atexit.o)
                                                  c:/program files (x86)/atmel studio/7.0/toolchain/arm/arm-gnu-toolchain/bin/../lib/gcc/arm-none-eabi/4.9.3/../../../../arm-none-eabi/lib/armv7e-m\libc.a(lib_a-findfp.o)
                                                  c:/program files (x86)/atmel studio/7.0/toolchain/arm/arm-gnu-toolchain/bin/../lib/gcc/arm-none-eabi/4.9.3/../../../../arm-none-eabi/lib/armv7e-m\libc.a(lib_a-fflush.o)
                                                  c:/program files (x86)/atmel studio/7.0/toolchain/arm/arm-gnu-toolchain/bin/../lib/gcc/arm-none-eabi/4.9.3/../../../../arm-none-eabi/lib/armv7e-m\libc.a(lib_a-__call_atexit.o)
                                                  c:/program files (x86)/atmel studio/7.0/toolchain/arm/arm-gnu-toolchain/bin/../lib/gcc/arm-none-eabi/4.9.3/../../../../arm-none-eabi/lib/armv7e-m\libc.a(lib_a-exit.o)
_impure_ptr                                       c:/program files (x86)/atmel studio/7.0/toolchain/arm/arm-gnu-toolchain/bin/../lib/gcc/arm-none-eabi/4.9.3/../../../../arm-none-eabi/lib/armv7e-m\libc.a(lib_a-impure.o)
                                                  c:/program files (x86)/atmel studio/7.0/toolchain/arm/arm-gnu-toolchain/bin/../lib/gcc/arm-none-eabi/4.9.3/../../../../arm-none-eabi/lib/armv7e-m\libc.a(lib_a-reent.o)
                                                  c:/program files (x86)/atmel studio/7.0/toolchain/arm/arm-gnu-toolchain/bin/../lib/gcc/arm-none-eabi/4.9.3/../../../../arm-none-eabi/lib/armv7e-m\libc.a(lib_a-fclose.o)
                                                  c:/program files (x86)/atmel studio/7.0/toolchain/arm/arm-gnu-toolchain/bin/../lib/gcc/arm-none-eabi/4.9.3/../../../../arm-none-eabi/lib/armv7e-m\libc.a(lib_a-wcrtomb.o)
                                                  c:/program files (x86)/atmel studio/7.0/toolchain/arm/arm-gnu-toolchain/bin/../lib/gcc/arm-none-eabi/4.9.3/../../../../arm-none-eabi/lib/armv7e-m\libc.a(lib_a-wbuf.o)
                                                  c:/program files (x86)/atmel studio/7.0/toolchain/arm/arm-gnu-toolchain/bin/../lib/gcc/arm-none-eabi/4.9.3/../../../../arm-none-eabi/lib/armv7e-m\libc.a(lib_a-locale.o)
                                                  c:/program files (x86)/atmel studio/7.0/toolchain/arm/arm-gnu-toolchain/bin/../lib/gcc/arm-none-eabi/4.9.3/../../../../arm-none-eabi/lib/armv7e-m\libc.a(lib_a-fputwc.o)
                                                  c:/program files (x86)/atmel studio/7.0/toolchain/arm/arm-gnu-toolchain/bin/../lib/gcc/arm-none-eabi/4.9.3/../../../../arm-none-eabi/lib/armv7e-m\libc.a(lib_a-findfp.o)
                                                  c:/program files (x86)/atmel studio/7.0/toolchain/arm/arm-gnu-toolchain/bin/../lib/gcc/arm-none-eabi/4.9.3/../../../../arm-none-eabi/lib/armv7e-m\libc.a(lib_a-fflush.o)
                                                  c:/program files (x86)/atmel studio/7.0/toolchain/arm/arm-gnu-toolchain/bin/../lib/gcc/arm-none-eabi/4.9.3/../../../../arm-none-eabi/lib/armv7e-m\libc.a(lib_a-wsetup.o)
                                                  c:/program files (x86)/atmel studio/7.0/toolchain/arm/arm-gnu-toolchain/bin/../lib/gcc/arm-none-eabi/4.9.3/../../../../arm-none-eabi/lib/armv7e-m\libc.a(lib_a-vfiprintf.o)
                                                  c:/program files (x86)/atmel studio/7.0/toolchain/arm/arm-gnu-toolchain/bin/../lib/gcc/arm-none-eabi/4.9.3/../../../../arm-none-eabi/lib/armv7e-m\libc.a(lib_a-iprintf.o)
_init                                             c:/program files (x86)/atmel studio/7.0/toolchain/arm/arm-gnu-toolchain/bin/../lib/gcc/arm-none-eabi/4.9.3/armv7e-m/crti.o
                                                  c:/program files (x86)/atmel studio/7.0/toolchain/arm/arm-gnu-toolchain/bin/../lib/gcc/arm-none-eabi/4.9.3/../../../../arm-none-eabi/lib/armv7e-m\libc.a(lib_a-init.o)
_iprintf_r                                        c:/program files (x86)/atmel studio/7.0/toolchain/arm/arm-gnu-toolchain/bin/../lib/gcc/arm-none-eabi/4.9.3/../../../../arm-none-eabi/lib/armv7e-m\libc.a(lib_a-iprintf.o)
_isatty                                           src/ASF/sam/utils/syscalls/gcc/syscalls.o