Archive member included because of file (symbol)

c:/program files (x86)/atmel studio/7.0/toolchain/arm/arm-gnu-toolchain/bin/../lib/gcc/arm-none-eabi/4.9.3/../../../../arm-none-eabi/lib/armv7e-m\libc.a(lib_a-exit.o)
                              c:/program files (x86)/atmel studio/7.0/toolchain/arm/arm-gnu-toolchain/bin/../lib/gcc/arm-none-eabi/4.9.3/../../../../arm-none-eabi/lib/armv7e-m/crt0.o (exit)
c:/program files (x86)/atmel studio/7.0/toolchain/arm/arm-gnu-toolchain/bin/../lib/gcc/arm-none-eabi/4.9.3/../../../../arm-none-eabi/lib/armv7e-m\libc.a(lib_a-impure.o)
                              c:/program files (x86)/atmel studio/7.0/toolchain/arm/arm-gnu-toolchain/bin/../lib/gcc/arm-none-eabi/4.9.3/../../../../arm-none-eabi/lib/armv7e-m\libc.a(lib_a-exit.o) (_global_impure_ptr)
c:/program files (x86)/atmel studio/7.0/toolchain/arm/arm-gnu-toolchain/bin/../lib/gcc/arm-none-eabi/4.9.3/../../../../arm-none-eabi/lib/armv7e-m\libc.a(lib_a-init.o)
                              c:/program files (x86)/atmel studio/7.0/toolchain/arm/arm-gnu-toolchain/bin/../lib/gcc/arm-none-eabi/4.9.3/../../../../arm-none-eabi/lib/armv7e-m/crt0.o (__libc_init_array)
c:/program files (x86)/atmel studio/7.0/toolchain/arm/arm-gnu-toolchain/bin/../lib/gcc/arm-none-eabi/4.9.3/../../../../arm-none-eabi/lib/armv7e-m\libc.a(lib_a-iprintf.o)
                              src/ASF/sam/utils/syscalls/gcc/syscalls.o (iprintf)
c:/program files (x86)/atmel studio/7.0/toolchain/arm/arm-gnu-toolchain/bin/../lib/gcc/arm-none-eabi/4.9.3/../../../../arm-none-eabi/lib/armv7e-m\libc.a(lib_a-malloc.o)
                              src/main.o (malloc)
c:/program files (x86)/atmel studio/7.0/toolchain/arm/arm-gnu-toolchain/bin/../lib/gcc/arm-none-eabi/4.9.3/../../../../arm-none-eabi/lib/armv7e-m\libc.a(lib_a-mallocr.o)
                              c:/program files (x86)/atmel studio/7.0/toolchain/arm/arm-gnu-toolchain/bin/../lib/gcc/arm-none-eabi/4.9.3/../../../../arm-none-eabi/lib/armv7e-m\libc.a(lib_a-malloc.o) (_malloc_r)
c:/program files (x86)/atmel studio/7.0/toolchain/arm/arm-gnu-toolchain/bin/../lib/gcc/arm-none-eabi/4.9.3/../../../../arm-none-eabi/lib/armv7e-m\libc.a(lib_a-memset.o)
                              c:/program files (x86)/atmel studio/7.0/toolchain/arm/arm-gnu-toolchain/bin/../lib/gcc/arm-none-eabi/4.9.3/../../../../arm-none-eabi/lib/armv7e-m/crt0.o (memset)
c:/program files (x86)/atmel studio/7.0/toolchain/arm/arm-gnu-toolchain/bin/../lib/gcc/arm-none-eabi/4.9.3/../../../../arm-none-eabi/lib/armv7e-m\libc.a(lib_a-mlock.o)
                              c:/program files (x86)/atmel studio/7.0/toolchain/arm/arm-gnu-toolchain/bin/../lib/gcc/arm-none-eabi/4.9.3/../../../../arm-none-eabi/lib/armv7e-m\libc.a(lib_a-mallocr.o) (__malloc_lock)
c:/program files (x86)/atmel studio/7.0/toolchain/arm/arm-gnu-toolchain/bin/../lib/gcc/arm-none-eabi/4.9.3/../../../../arm-none-eabi/lib/armv7e-m\libc.a(lib_a-sbrkr.o)
                              c:/program files (x86)/atmel studio/7.0/toolchain/arm/arm-gnu-toolchain/bin/../lib/gcc/arm-none-eabi/4.9.3/../../../../arm-none-eabi/lib/armv7e-m\libc.a(lib_a-mallocr.o) (_sbrk_r)
c:/program files (x86)/atmel studio/7.0/toolchain/arm/arm-gnu-toolchain/bin/../lib/gcc/arm-none-eabi/4.9.3/../../../../arm-none-eabi/lib/armv7e-m\libc.a(lib_a-vfiprintf.o)
                              c:/program files (x86)/atmel studio/7.0/toolchain/arm/arm-gnu-toolchain/bin/../lib/gcc/arm-none-eabi/4.9.3/../../../../arm-none-eabi/lib/armv7e-m\libc.a(lib_a-iprintf.o) (_vfiprintf_r)
c:/program files (x86)/atmel studio/7.0/toolchain/arm/arm-gnu-toolchain/bin/../lib/gcc/arm-none-eabi/4.9.3/../../../../arm-none-eabi/lib/armv7e-m\libc.a(lib_a-wsetup.o)
                              c:/program files (x86)/atmel studio/7.0/toolchain/arm/arm-gnu-toolchain/bin/../lib/gcc/arm-none-eabi/4.9.3/../../../../arm-none-eabi/lib/armv7e-m\libc.a(lib_a-vfiprintf.o) (__swsetup_r)
c:/program files (x86)/atmel studio/7.0/toolchain/arm/arm-gnu-toolchain/bin/../lib/gcc/arm-none-eabi/4.9.3/../../../../arm-none-eabi/lib/armv7e-m\libc.a(lib_a-__call_atexit.o)
                              c:/program files (x86)/atmel studio/7.0/toolchain/arm/arm-gnu-toolchain/bin/../lib/gcc/arm-none-eabi/4.9.3/../../../../arm-none-eabi/lib/armv7e-m\libc.a(lib_a-exit.o) (__call_exitprocs)
c:/program files (x86)/atmel studio/7.0/toolchain/arm/arm-gnu-toolchain/bin/../lib/gcc/arm-none-eabi/4.9.3/../../../../arm-none-eabi/lib/armv7e-m\libc.a(lib_a-atexit.o)
                              c:/program files (x86)/atmel studio/7.0/toolchain/arm/arm-gnu-toolchain/bin/../lib/gcc/arm-none-eabi/4.9.3/../../../../arm-none-eabi/lib/armv7e-m\libc.a(lib_a-__call_atexit.o) (atexit)
c:/program files (x86)/atmel studio/7.0/toolchain/arm/arm-gnu-toolchain/bin/../lib/gcc/arm-none-eabi/4.9.3/../../../../arm-none-eabi/lib/armv7e-m\libc.a(lib_a-fflush.o)
[...]
Memory Configuration

Name             Origin             Length             Attributes
rom              0x00400000         0x00020000         xr
ram              0x20000000         0x00010000         xrw
*default*        0x00000000         0xffffffff

Linker script and memory map

LOAD c:/program files (x86)/atmel studio/7.0/toolchain/arm/arm-gnu-toolchain/bin/../lib/gcc/arm-none-eabi/4.9.3/armv7e-m/crti.o
LOAD c:/program files (x86)/atmel studio/7.0/toolchain/arm/arm-gnu-toolchain/bin/../lib/gcc/arm-none-eabi/4.9.3/armv7e-m/crtbegin.o
LOAD c:/program files (x86)/atmel studio/7.0/toolchain/arm/arm-gnu-toolchain/bin/../lib/gcc/arm-none-eabi/4.9.3/../../../../arm-none-eabi/lib/armv7e-m/crt0.o
LOAD src/ASF/common/services/sleepmgr/sam/sleepmgr.o
LOAD src/ASF/common/services/usb/class/vendor/device/udi_vendor.o
LOAD src/ASF/common/services/usb/udc/udc.o
LOAD src/ASF/sam/drivers/pio/pio_handler.o
LOAD src/ASF/sam/drivers/spi/spi.o
LOAD src/ASF/sam/drivers/udp/udp_device.o
LOAD src/ASF/common/services/usb/class/vendor/device/udi_vendor_desc.o
LOAD src/ASF/common/services/clock/sam4s/sysclk.o
LOAD src/ASF/sam/drivers/dacc/dacc.o
LOAD src/ASF/sam/drivers/matrix/matrix.o
LOAD src/ASF/sam/drivers/pio/pio.o
LOAD src/ASF/sam/drivers/pmc/pmc.o
LOAD src/ASF/sam/drivers/pmc/sleep.o
LOAD src/ASF/common/boards/user_board/init.o
LOAD src/ASF/common/utils/interrupt/interrupt_sam_nvic.o
LOAD src/ASF/sam/utils/cmsis/sam4s/source/templates/gcc/startup_sam4s.o
LOAD src/ASF/sam/utils/cmsis/sam4s/source/templates/system_sam4s.o
LOAD src/ASF/sam/utils/syscalls/gcc/syscalls.o
LOAD src/main.o
START GROUP
LOAD ../src/ASF/thirdparty/CMSIS/Lib/GCC\libarm_cortexM4l_math.a
LOAD c:/program files (x86)/atmel studio/7.0/toolchain/arm/arm-gnu-toolchain/bin/../lib/gcc/arm-none-eabi/4.9.3/../../../../arm-none-eabi/lib/armv7e-m\libm.a
END GROUP
START GROUP
LOAD c:/program files (x86)/atmel studio/7.0/toolchain/arm/arm-gnu-toolchain/bin/../lib/gcc/arm-none-eabi/4.9.3/armv7e-m\libgcc.a
LOAD c:/program files (x86)/atmel studio/7.0/toolchain/arm/arm-gnu-toolchain/bin/../lib/gcc/arm-none-eabi/4.9.3/../../../../arm-none-eabi/lib/armv7e-m\libc.a
END GROUP
LOAD c:/program files (x86)/atmel studio/7.0/toolchain/arm/arm-gnu-toolchain/bin/../lib/gcc/arm-none-eabi/4.9.3/armv7e-m/crtend.o
LOAD c:/program files (x86)/atmel studio/7.0/toolchain/arm/arm-gnu-toolchain/bin/../lib/gcc/arm-none-eabi/4.9.3/armv7e-m/crtn.o
                0x00003000                __stack_size__ = DEFINED (__stack_size__)?__stack_size__:0x3000
                0x2000fffc                __ram_end__ = ((ORIGIN (ram) + 0x10000) - 0x4)

.text           0x00400000     0x3ec8
                0x00400000                . = ALIGN (0x4)
                0x00400000                _sfixed = .
 *(.vectors .vectors.*)
 .vectors       0x00400000       0xcc src/ASF/sam/utils/cmsis/sam4s/source/templates/gcc/startup_sam4s.o
                0x00400000                exception_table
 *(.text .text.* .gnu.linkonce.t.*)
 .text          0x004000cc       0x5c c:/program files (x86)/atmel studio/7.0/toolchain/arm/arm-gnu-toolchain/bin/../lib/gcc/arm-none-eabi/4.9.3/armv7e-m/crtbegin.o
 .text.udi_vendor_setup
                0x00400128        0x4 src/ASF/common/services/usb/class/vendor/device/udi_vendor.o
                0x00400128                udi_vendor_setup
 .text.udi_vendor_getsetting
                0x0040012c        0xc src/ASF/common/services/usb/class/vendor/device/udi_vendor.o
                0x0040012c                udi_vendor_getsetting
 .text.udi_vendor_enable
                0x00400138       0x2c src/ASF/common/services/usb/class/vendor/device/udi_vendor.o
                0x00400138                udi_vendor_enable
 .text.udi_vendor_disable
                0x00400164       0x18 src/ASF/common/services/usb/class/vendor/device/udi_vendor.o
                0x00400164                udi_vendor_disable
 .text.udi_vendor_interrupt_out_run
                0x0040017c       0x1c src/ASF/common/services/usb/class/vendor/device/udi_vendor.o
                0x0040017c                udi_vendor_interrupt_out_run
 .text.udi_vendor_bulk_out_run
                0x00400198       0x1c src/ASF/common/services/usb/class/vendor/device/udi_vendor.o
                0x00400198                udi_vendor_bulk_out_run
 .text.udc_next_desc_in_iface
                0x004001b4       0x44 src/ASF/common/services/usb/udc/udc.o
 .text.udc_valid_address
                0x004001f8       0x18 src/ASF/common/services/usb/udc/udc.o
 .text.udc_update_iface_desc
                0x00400210       0x68 src/ASF/common/services/usb/udc/udc.o
 .text.udc_iface_disable
                0x00400278       0x68 src/ASF/common/services/usb/udc/udc.o
 .text.udc_iface_enable
                0x004002e0       0x5c src/ASF/common/services/usb/udc/udc.o
 .text.udc_get_interface_desc
                0x0040033c        0xc src/ASF/common/services/usb/udc/udc.o
                0x0040033c                udc_get_interface_desc
 .text.udc_start
                0x00400348        0xc src/ASF/common/services/usb/udc/udc.o
                0x00400348                udc_start
 .text.udc_reset
                0x00400354       0x48 src/ASF/common/services/usb/udc/udc.o
                0x00400354                udc_reset
 .text.udc_sof_notify
                0x0040039c       0x3c src/ASF/common/services/usb/udc/udc.o
                0x0040039c                udc_sof_notify
 .text.udc_process_setup
                0x004003d8      0x440 src/ASF/common/services/usb/udc/udc.o
                0x004003d8                udc_process_setup
 .text.pio_handler_process
                0x00400818       0x68 src/ASF/sam/drivers/pio/pio_handler.o
                0x00400818                pio_handler_process
 .text.PIOA_Handler
                0x00400880       0x14 src/ASF/sam/drivers/pio/pio_handler.o
                0x00400880                PIOA_Handler
 .text.PIOB_Handler
                0x00400894       0x14 src/ASF/sam/drivers/pio/pio_handler.o
                0x00400894                PIOB_Handler
 .text.spi_enable_clock
                0x004008a8       0x10 src/ASF/sam/drivers/spi/spi.o
                0x004008a8                spi_enable_clock
 .text.spi_set_peripheral_chip_select_value
                0x004008b8       0x18 src/ASF/sam/drivers/spi/spi.o
                0x004008b8                spi_set_peripheral_chip_select_value
 .text.spi_set_delay_between_chip_select
                0x004008d0       0x14 src/ASF/sam/drivers/spi/spi.o
                0x004008d0                spi_set_delay_between_chip_select
 .text.spi_write
                0x004008e4       0x38 src/ASF/sam/drivers/spi/spi.o
                0x004008e4                spi_write
 .text.spi_set_clock_polarity
                0x0040091c       0x20 src/ASF/sam/drivers/spi/spi.o
                0x0040091c                spi_set_clock_polarity
 .text.spi_set_clock_phase
                0x0040093c       0x20 src/ASF/sam/drivers/spi/spi.o
                0x0040093c                spi_set_clock_phase
 .text.spi_configure_cs_behavior
                0x0040095c       0x44 src/ASF/sam/drivers/spi/spi.o
                0x0040095c                spi_configure_cs_behavior
 .text.spi_set_bits_per_transfer
                0x004009a0       0x14 src/ASF/sam/drivers/spi/spi.o
                0x004009a0                spi_set_bits_per_transfer
 .text.spi_set_baudrate_div
                0x004009b4       0x18 src/ASF/sam/drivers/spi/spi.o
                0x004009b4                spi_set_baudrate_div
 .text.spi_set_transfer_delay
                0x004009cc       0x20 src/ASF/sam/drivers/spi/spi.o
                0x004009cc                spi_set_transfer_delay
 .text.udd_ctrl_init
                0x004009ec       0x18 src/ASF/sam/drivers/udp/udp_device.o
 .text.udd_ctrl_stall_data
                0x00400a04       0x48 src/ASF/sam/drivers/udp/udp_device.o
 .text.udd_ctrl_send_zlp_in
                0x00400a4c       0x48 src/ASF/sam/drivers/udp/udp_device.o
 .text.udd_ctrl_endofrequest
                0x00400a94       0x10 src/ASF/sam/drivers/udp/udp_device.o
 .text.udd_ctrl_in_sent
                0x00400aa4      0x200 src/ASF/sam/drivers/udp/udp_device.o
 .text.udd_ep_finish_job
                0x00400ca4       0x40 src/ASF/sam/drivers/udp/udp_device.o
 .text.udd_ep_ack_out_received
                0x00400ce4       0xf4 src/ASF/sam/drivers/udp/udp_device.o
 .text.udd_ep_in_sent
                0x00400dd8      0x1c0 src/ASF/sam/drivers/udp/udp_device.o
 .text.udd_sleep_mode
                0x00400f98       0x90 src/ASF/sam/drivers/udp/udp_device.o
 .text.UDP_Handler
                0x00401028      0xaec src/ASF/sam/drivers/udp/udp_device.o
                0x00401028                UDP_Handler
 .text.udd_attach
                0x00401b14       0x70 src/ASF/sam/drivers/udp/udp_device.o
                0x00401b14                udd_attach
 .text.udd_enable
                0x00401b84       0xc4 src/ASF/sam/drivers/udp/udp_device.o
                0x00401b84                udd_enable
 .text.udd_set_address
                0x00401c48       0x38 src/ASF/sam/drivers/udp/udp_device.o
                0x00401c48                udd_set_address
 .text.udd_getaddress
                0x00401c80       0x1c src/ASF/sam/drivers/udp/udp_device.o
                0x00401c80                udd_getaddress
 .text.udd_set_setup_payload
                0x00401c9c        0xc src/ASF/sam/drivers/udp/udp_device.o
                0x00401c9c                udd_set_setup_payload
 .text.udd_ep_alloc
                0x00401ca8      0x108 src/ASF/sam/drivers/udp/udp_device.o
                0x00401ca8                udd_ep_alloc
 .text.udd_ep_free
                0x00401db0       0x68 src/ASF/sam/drivers/udp/udp_device.o
                0x00401db0                udd_ep_free
 .text.udd_ep_is_halted
                0x00401e18       0x40 src/ASF/sam/drivers/udp/udp_device.o
                0x00401e18                udd_ep_is_halted
 .text.udd_ep_set_halt
                0x00401e58       0xec src/ASF/sam/drivers/udp/udp_device.o
                0x00401e58                udd_ep_set_halt
 .text.udd_ep_clear_halt
                0x00401f44       0xf0 src/ASF/sam/drivers/udp/udp_device.o
                0x00401f44                udd_ep_clear_halt
 .text.udd_ep_run
                0x00402034      0x180 src/ASF/sam/drivers/udp/udp_device.o
                0x00402034                udd_ep_run
 .text.udd_ep_abort
                0x004021b4      0x19c src/ASF/sam/drivers/udp/udp_device.o
                0x004021b4                udd_ep_abort
 .text.sysclk_enable_usb
                0x00402350       0x50 src/ASF/common/services/clock/sam4s/sysclk.o
                0x00402350                sysclk_enable_usb
 .text.sysclk_init
                0x004023a0       0x68 src/ASF/common/services/clock/sam4s/sysclk.o
                0x004023a0                sysclk_init
 .text.dacc_reset
                0x00402408        0x8 src/ASF/sam/drivers/dacc/dacc.o
                0x00402408                dacc_reset
 .text.dacc_set_transfer_mode
                0x00402410       0x28 src/ASF/sam/drivers/dacc/dacc.o
                0x00402410                dacc_set_transfer_mode
 .text.dacc_get_interrupt_status
                0x00402438        0x4 src/ASF/sam/drivers/dacc/dacc.o
                0x00402438                dacc_get_interrupt_status
 .text.dacc_write_conversion_data
                0x0040243c        0x4 src/ASF/sam/drivers/dacc/dacc.o
                0x0040243c                dacc_write_conversion_data
 .text.dacc_set_channel_selection
                0x00402440       0x18 src/ASF/sam/drivers/dacc/dacc.o
                0x00402440                dacc_set_channel_selection
 .text.dacc_enable_channel
                0x00402458       0x14 src/ASF/sam/drivers/dacc/dacc.o
                0x00402458                dacc_enable_channel
 .text.pio_set_peripheral
                0x0040246c       0x94 src/ASF/sam/drivers/pio/pio.o
                0x0040246c                pio_set_peripheral
 .text.pio_set_input
                0x00402500       0x34 src/ASF/sam/drivers/pio/pio.o
                0x00402500                pio_set_input
 .text.pio_set_output
                0x00402534       0x28 src/ASF/sam/drivers/pio/pio.o
                0x00402534                pio_set_output
 .text.pio_get_interrupt_status
                0x0040255c        0x4 src/ASF/sam/drivers/pio/pio.o
                0x0040255c                pio_get_interrupt_status
 .text.pio_get_interrupt_mask
                0x00402560        0x4 src/ASF/sam/drivers/pio/pio.o
                0x00402560                pio_get_interrupt_mask
 .text.pio_configure_pin
                0x00402564      0x124 src/ASF/sam/drivers/pio/pio.o
                0x00402564                pio_configure_pin
 .text.pmc_switch_mck_to_pllack
                0x00402688       0x68 src/ASF/sam/drivers/pmc/pmc.o
                0x00402688                pmc_switch_mck_to_pllack
 .text.pmc_switch_mainck_to_xtal
                0x004026f0       0x54 src/ASF/sam/drivers/pmc/pmc.o
                0x004026f0                pmc_switch_mainck_to_xtal
 .text.pmc_osc_is_ready_mainck
                0x00402744       0x10 src/ASF/sam/drivers/pmc/pmc.o
                0x00402744                pmc_osc_is_ready_mainck
 .text.pmc_disable_pllack
                0x00402754       0x10 src/ASF/sam/drivers/pmc/pmc.o
                0x00402754                pmc_disable_pllack
 .text.pmc_is_locked_pllack
                0x00402764       0x10 src/ASF/sam/drivers/pmc/pmc.o
                0x00402764                pmc_is_locked_pllack
 .text.pmc_disable_pllbck
                0x00402774        0xc src/ASF/sam/drivers/pmc/pmc.o
                0x00402774                pmc_disable_pllbck
 .text.pmc_is_locked_pllbck
                0x00402780       0x10 src/ASF/sam/drivers/pmc/pmc.o
                0x00402780                pmc_is_locked_pllbck
 .text.pmc_enable_periph_clk
                0x00402790       0x54 src/ASF/sam/drivers/pmc/pmc.o
                0x00402790                pmc_enable_periph_clk
 .text.pmc_disable_periph_clk
                0x004027e4       0x54 src/ASF/sam/drivers/pmc/pmc.o
                0x004027e4                pmc_disable_periph_clk
 .text.pmc_switch_udpck_to_pllbck
                0x00402838       0x14 src/ASF/sam/drivers/pmc/pmc.o
                0x00402838                pmc_switch_udpck_to_pllbck
 .text.pmc_enable_udpck
                0x0040284c        0xc src/ASF/sam/drivers/pmc/pmc.o
                0x0040284c                pmc_enable_udpck
 .text.pmc_set_fast_startup_input
                0x00402858       0x14 src/ASF/sam/drivers/pmc/pmc.o
                0x00402858                pmc_set_fast_startup_input
 .text.pmc_set_flash_in_wait_mode
                0x0040286c        0xc src/ASF/sam/drivers/pmc/pmc.o
                0x0040286c                pmc_set_flash_in_wait_mode
 .text.pmc_enable_waitmode
                0x00402878       0x50 src/ASF/sam/drivers/pmc/pmc.o
                0x00402878                pmc_enable_waitmode
 .text.pmc_sleep
                0x004028c8      0x298 src/ASF/sam/drivers/pmc/sleep.o
                0x004028c8                pmc_sleep
 .text.pmc_is_wakeup_clocks_restored
                0x00402b60       0x10 src/ASF/sam/drivers/pmc/sleep.o
                0x00402b60                pmc_is_wakeup_clocks_restored
 .text.cpu_irq_enter_critical
                0x00402b70       0x3c src/ASF/common/utils/interrupt/interrupt_sam_nvic.o
                0x00402b70                cpu_irq_enter_critical
 .text.cpu_irq_leave_critical
                0x00402bac       0x30 src/ASF/common/utils/interrupt/interrupt_sam_nvic.o
                0x00402bac                cpu_irq_leave_critical
 .text.Dummy_Handler
                0x00402bdc        0x4 src/ASF/sam/utils/cmsis/sam4s/source/templates/gcc/startup_sam4s.o
                0x00402bdc                DACC_Handler
                0x00402bdc                DebugMon_Handler
                0x00402bdc                HardFault_Handler
                0x00402bdc                TC2_Handler
                0x00402bdc                SPI_Handler
                0x00402bdc                TWI1_Handler
                0x00402bdc                PendSV_Handler
                0x00402bdc                NMI_Handler
                0x00402bdc                ADC_Handler
                0x00402bdc                CRCCU_Handler
                0x00402bdc                USART0_Handler
                0x00402bdc                RTT_Handler
                0x00402bdc                RTC_Handler
                0x00402bdc                UsageFault_Handler
                0x00402bdc                WDT_Handler
                0x00402bdc                TC1_Handler
                0x00402bdc                HSMCI_Handler
                0x00402bdc                UART1_Handler
                0x00402bdc                Dummy_Handler
                0x00402bdc                TWI0_Handler
                0x00402bdc                USART1_Handler
                0x00402bdc                SSC_Handler
                0x00402bdc                EFC0_Handler
                0x00402bdc                ACC_Handler
                0x00402bdc                PMC_Handler
                0x00402bdc                PWM_Handler
                0x00402bdc                MemManage_Handler
                0x00402bdc                SUPC_Handler
                0x00402bdc                SVC_Handler
                0x00402bdc                UART0_Handler
                0x00402bdc                BusFault_Handler
                0x00402bdc                RSTC_Handler
                0x00402bdc                TC0_Handler
 .text.Reset_Handler
                0x00402be0       0xb0 src/ASF/sam/utils/cmsis/sam4s/source/templates/gcc/startup_sam4s.o
                0x00402be0                Reset_Handler
 .text.SystemCoreClockUpdate
                0x00402c90      0x114 src/ASF/sam/utils/cmsis/sam4s/source/templates/system_sam4s.o
                0x00402c90                SystemCoreClockUpdate
 .text.system_init_flash
                0x00402da4       0x74 src/ASF/sam/utils/cmsis/sam4s/source/templates/system_sam4s.o
                0x00402da4                system_init_flash
 .text._sbrk    0x00402e18       0x34 src/ASF/sam/utils/syscalls/gcc/syscalls.o
                0x00402e18                _sbrk
 .text.point_output
                0x00402e4c       0xc4 src/main.o
                0x00402e4c                point_output
 .text.blank_and_center
                0x00402f10       0x8c src/main.o
                0x00402f10                blank_and_center
 .text.speed_set
                0x00402f9c       0x58 src/main.o
                0x00402f9c                speed_set
 .text.usb_bulk_out_callback
                0x00402ff4       0xf4 src/main.o
                0x00402ff4                usb_bulk_out_callback
 .text.SysTick_Handler
                0x004030e8       0xcc src/main.o
                0x004030e8                SysTick_Handler
 .text.callback_vendor_enable
                0x004031b4       0x70 src/main.o
                0x004031b4                callback_vendor_enable
 .text.callback_vendor_disable
                0x00403224       0xa8 src/main.o
                0x00403224                callback_vendor_disable
 .text.shutter_set
                0x004032cc       0x1c src/main.o
                0x004032cc                shutter_set
 .text.usb_interrupt_out_callback
                0x004032e8       0x68 src/main.o
                0x004032e8                usb_interrupt_out_callback
 .text.iopins_init
                0x00403350       0x1c src/main.o
                0x00403350                iopins_init
 .text.spi_init
                0x0040336c       0xcc src/main.o
                0x0040336c                spi_init
 .text.dac_init
                0x00403438       0x3c src/main.o
                0x00403438                dac_init
 .text.main     0x00403474      0x134 src/main.o
                0x00403474                main
 .text.__libc_init_array
                0x004035a8       0x50 c:/program files (x86)/atmel studio/7.0/toolchain/arm/arm-gnu-toolchain/bin/../lib/gcc/arm-none-eabi/4.9.3/../../../../arm-none-eabi/lib/armv7e-m\libc.a(lib_a-init.o)
                0x004035a8                __libc_init_array
 .text.malloc   0x004035f8       0x10 c:/program files (x86)/atmel studio/7.0/toolchain/arm/arm-gnu-toolchain/bin/../lib/gcc/arm-none-eabi/4.9.3/../../../../arm-none-eabi/lib/armv7e-m\libc.a(lib_a-malloc.o)
                0x004035f8                malloc
 .text._malloc_r
                0x00403608      0x524 c:/program files (x86)/atmel studio/7.0/toolchain/arm/arm-gnu-toolchain/bin/../lib/gcc/arm-none-eabi/4.9.3/../../../../arm-none-eabi/lib/armv7e-m\libc.a(lib_a-mallocr.o)
                0x00403608                _malloc_r
 .text.__malloc_lock
                0x00403b2c        0x4 c:/program files (x86)/atmel studio/7.0/toolchain/arm/arm-gnu-toolchain/bin/../lib/gcc/arm-none-eabi/4.9.3/../../../../arm-none-eabi/lib/armv7e-m\libc.a(lib_a-mlock.o)
                0x00403b2c                __malloc_lock
 .text.__malloc_unlock
                0x00403b30        0x4 c:/program files (x86)/atmel studio/7.0/toolchain/arm/arm-gnu-toolchain/bin/../lib/gcc/arm-none-eabi/4.9.3/../../../../arm-none-eabi/lib/armv7e-m\libc.a(lib_a-mlock.o)
                0x00403b30                __malloc_unlock
 .text._sbrk_r  0x00403b34       0x24 c:/program files (x86)/atmel studio/7.0/toolchain/arm/arm-gnu-toolchain/bin/../lib/gcc/arm-none-eabi/4.9.3/../../../../arm-none-eabi/lib/armv7e-m\libc.a(lib_a-sbrkr.o)
                0x00403b34                _sbrk_r
 .text.startup.register_fini
                0x00403b58       0x14 c:/program files (x86)/atmel studio/7.0/toolchain/arm/arm-gnu-toolchain/bin/../lib/gcc/arm-none-eabi/4.9.3/../../../../arm-none-eabi/lib/armv7e-m\libc.a(lib_a-__call_atexit.o)
 .text.atexit   0x00403b6c        0xc c:/program files (x86)/atmel studio/7.0/toolchain/arm/arm-gnu-toolchain/bin/../lib/gcc/arm-none-eabi/4.9.3/../../../../arm-none-eabi/lib/armv7e-m\libc.a(lib_a-atexit.o)
                0x00403b6c                atexit
 .text.__libc_fini_array
                0x00403b78       0x2c c:/program files (x86)/atmel studio/7.0/toolchain/arm/arm-gnu-toolchain/bin/../lib/gcc/arm-none-eabi/4.9.3/../../../../arm-none-eabi/lib/armv7e-m\libc.a(lib_a-fini.o)
                0x00403b78                __libc_fini_array
 .text._malloc_trim_r
                0x00403ba4       0x9c c:/program files (x86)/atmel studio/7.0/toolchain/arm/arm-gnu-toolchain/bin/../lib/gcc/arm-none-eabi/4.9.3/../../../../arm-none-eabi/lib/armv7e-m\libc.a(lib_a-freer.o)
                0x00403ba4                _malloc_trim_r
 .text._free_r  0x00403c40      0x1b0 c:/program files (x86)/atmel studio/7.0/toolchain/arm/arm-gnu-toolchain/bin/../lib/gcc/arm-none-eabi/4.9.3/../../../../arm-none-eabi/lib/armv7e-m\libc.a(lib_a-freer.o)
                0x00403c40                _free_r
 .text.__register_exitproc
                0x00403df0       0xa4 c:/program files (x86)/atmel studio/7.0/toolchain/arm/arm-gnu-toolchain/bin/../lib/gcc/arm-none-eabi/4.9.3/../../../../arm-none-eabi/lib/armv7e-m\libc.a(lib_a-__atexit.o)
                0x00403df0                __register_exitproc
 *(.glue_7t)
 .glue_7t       0x00000000        0x0 linker stubs
 *(.glue_7)
 .glue_7        0x00000000        0x0 linker stubs
 *(.rodata .rodata* .gnu.linkonce.r.*)
 .rodata.str1.4
                0x00403e94        0x6 src/ASF/common/services/usb/udc/udc.o
 *fill*         0x00403e9a        0x2 
 .rodata.str1.4
                0x00403e9c        0x4 c:/program files (x86)/atmel studio/7.0/toolchain/arm/arm-gnu-toolchain/bin/../lib/gcc/arm-none-eabi/4.9.3/../../../../arm-none-eabi/lib/armv7e-m\libc.a(lib_a-impure.o)
                                  0x2 (size before relaxing)
 .rodata._global_impure_ptr
                0x00403ea0        0x4 c:/program files (x86)/atmel studio/7.0/toolchain/arm/arm-gnu-toolchain/bin/../lib/gcc/arm-none-eabi/4.9.3/../../../../arm-none-eabi/lib/armv7e-m\libc.a(lib_a-impure.o)
                0x00403ea0                _global_impure_ptr
 *(.ARM.extab* .gnu.linkonce.armextab.*)
                0x00403ea4                . = ALIGN (0x4)
 *(.init)
 .init          0x00403ea4        0x4 c:/program files (x86)/atmel studio/7.0/toolchain/arm/arm-gnu-toolchain/bin/../lib/gcc/arm-none-eabi/4.9.3/armv7e-m/crti.o
                0x00403ea4                _init
 .init          0x00403ea8        0x8 c:/program files (x86)/atmel studio/7.0/toolchain/arm/arm-gnu-toolchain/bin/../lib/gcc/arm-none-eabi/4.9.3/armv7e-m/crtn.o
                0x00403eb0                . = ALIGN (0x4)
                0x00403eb0                __preinit_array_start = .
 *(.preinit_array)
                0x00403eb0                __preinit_array_end = .
                0x00403eb0                . = ALIGN (0x4)
                0x00403eb0                __init_array_start = .
 *(SORT(.init_array.*))
 .init_array.00000
                0x00403eb0        0x4 c:/program files (x86)/atmel studio/7.0/toolchain/arm/arm-gnu-toolchain/bin/../lib/gcc/arm-none-eabi/4.9.3/../../../../arm-none-eabi/lib/armv7e-m\libc.a(lib_a-__call_atexit.o)
 *(.init_array)
 .init_array    0x00403eb4        0x4 c:/program files (x86)/atmel studio/7.0/toolchain/arm/arm-gnu-toolchain/bin/../lib/gcc/arm-none-eabi/4.9.3/armv7e-m/crtbegin.o
                0x00403eb8                __init_array_end = .
                0x00403eb8                . = ALIGN (0x4)
 *crtbegin.o(.ctors)
 *(EXCLUDE_FILE(*crtend.o) .ctors)
 *(SORT(.ctors.*))
 *crtend.o(.ctors)
                0x00403eb8                . = ALIGN (0x4)
 *(.fini)
 .fini          0x00403eb8        0x4 c:/program files (x86)/atmel studio/7.0/toolchain/arm/arm-gnu-toolchain/bin/../lib/gcc/arm-none-eabi/4.9.3/armv7e-m/crti.o
                0x00403eb8                _fini
 .fini          0x00403ebc        0x8 c:/program files (x86)/atmel studio/7.0/toolchain/arm/arm-gnu-toolchain/bin/../lib/gcc/arm-none-eabi/4.9.3/armv7e-m/crtn.o
                0x00403ec4                . = ALIGN (0x4)
                0x00403ec4                __fini_array_start = .
 *(.fini_array)
 .fini_array    0x00403ec4        0x4 c:/program files (x86)/atmel studio/7.0/toolchain/arm/arm-gnu-toolchain/bin/../lib/gcc/arm-none-eabi/4.9.3/armv7e-m/crtbegin.o
 *(SORT(.fini_array.*))
                0x00403ec8                __fini_array_end = .
 *crtbegin.o(.dtors)
 *(EXCLUDE_FILE(*crtend.o) .dtors)
 *(SORT(.dtors.*))
 *crtend.o(.dtors)
                0x00403ec8                . = ALIGN (0x4)
                0x00403ec8                _efixed = .
                0x00403ec8                PROVIDE (__exidx_start, .)

.vfp11_veneer   0x00403ec8        0x0
 .vfp11_veneer  0x00000000        0x0 linker stubs

.v4_bx          0x00403ec8        0x0
 .v4_bx         0x00000000        0x0 linker stubs

.iplt           0x00403ec8        0x0
 .iplt          0x00000000        0x0 c:/program files (x86)/atmel studio/7.0/toolchain/arm/arm-gnu-toolchain/bin/../lib/gcc/arm-none-eabi/4.9.3/armv7e-m/crtbegin.o

.eh_frame       0x00403ec8        0x0
 .eh_frame      0x00403ec8        0x0 c:/program files (x86)/atmel studio/7.0/toolchain/arm/arm-gnu-toolchain/bin/../lib/gcc/arm-none-eabi/4.9.3/armv7e-m/crtbegin.o

.rel.dyn        0x00403ec8        0x0
 .rel.iplt      0x00000000        0x0 c:/program files (x86)/atmel studio/7.0/toolchain/arm/arm-gnu-toolchain/bin/../lib/gcc/arm-none-eabi/4.9.3/armv7e-m/crtbegin.o

.jcr            0x00403ec8        0x0
 .jcr           0x00403ec8        0x0 c:/program files (x86)/atmel studio/7.0/toolchain/arm/arm-gnu-toolchain/bin/../lib/gcc/arm-none-eabi/4.9.3/armv7e-m/crtbegin.o

.igot.plt       0x00403ec8        0x0
 .igot.plt      0x00000000        0x0 c:/program files (x86)/atmel studio/7.0/toolchain/arm/arm-gnu-toolchain/bin/../lib/gcc/arm-none-eabi/4.9.3/armv7e-m/crtbegin.o

.ARM.exidx
 *(.ARM.exidx* .gnu.linkonce.armexidx.*)
                0x00403ec8                PROVIDE (__exidx_end, .)
                0x00403ec8                . = ALIGN (0x4)
                0x00403ec8                _etext = .

.relocate       0x20000000      0x8fc load address 0x00403ec8
                0x20000000                . = ALIGN (0x4)
                0x20000000                _srelocate = .
 *(.ramfunc .ramfunc.*)
 *(.data .data.*)
 .data.udi_api_vendor
                0x20000000       0x14 src/ASF/common/services/usb/class/vendor/device/udi_vendor.o
                0x20000000                udi_api_vendor
 .data.udc_string_product_name
                0x20000014        0x7 src/ASF/common/services/usb/udc/udc.o
 *fill*         0x2000001b        0x1 
 .data.udc_string_manufacturer_name
                0x2000001c        0x4 src/ASF/common/services/usb/udc/udc.o
 .data.udc_string_desc
                0x20000020        0xe src/ASF/common/services/usb/udc/udc.o
 *fill*         0x2000002e        0x2 
 .data.udc_string_desc_languageid
                0x20000030        0x4 src/ASF/common/services/usb/udc/udc.o
 .data.udc_config_lsfs
                0x20000034        0x8 src/ASF/common/services/usb/class/vendor/device/udi_vendor_desc.o
                0x20000034                udc_config_lsfs
 .data.udc_config
                0x2000003c        0xc src/ASF/common/services/usb/class/vendor/device/udi_vendor_desc.o
                0x2000003c                udc_config
 .data.udi_apis
                0x20000048        0x4 src/ASF/common/services/usb/class/vendor/device/udi_vendor_desc.o
                0x20000048                udi_apis
 .data.udc_device_desc
                0x2000004c       0x12 src/ASF/common/services/usb/class/vendor/device/udi_vendor_desc.o
                0x2000004c                udc_device_desc
 *fill*         0x2000005e        0x2 
 .data.udc_desc_fs
                0x20000060       0x45 src/ASF/common/services/usb/class/vendor/device/udi_vendor_desc.o
                0x20000060                udc_desc_fs
 *fill*         0x200000a5        0x3 
 .data.ul_flash_in_wait_mode
                0x200000a8        0x4 src/ASF/sam/drivers/pmc/pmc.o
 .data.g_interrupt_enabled
                0x200000ac        0x1 src/ASF/common/utils/interrupt/interrupt_sam_nvic.o
                0x200000ac                g_interrupt_enabled
 *fill*         0x200000ad        0x3 
 .data.SystemCoreClock
                0x200000b0        0x4 src/ASF/sam/utils/cmsis/sam4s/source/templates/system_sam4s.o
                0x200000b0                SystemCoreClock
 .data.notRepeat
                0x200000b4        0x1 src/main.o
                0x200000b4                notRepeat
 *fill*         0x200000b5        0x3 
 .data.outputSpeed
                0x200000b8        0x4 src/main.o
                0x200000b8                outputSpeed
 .data.newNotRepeat
                0x200000bc        0x1 src/main.o
                0x200000bc                newNotRepeat
 *fill*         0x200000bd        0x3 
 .data.impure_data
                0x200000c0      0x428 c:/program files (x86)/atmel studio/7.0/toolchain/arm/arm-gnu-toolchain/bin/../lib/gcc/arm-none-eabi/4.9.3/../../../../arm-none-eabi/lib/armv7e-m\libc.a(lib_a-impure.o)
 .data._impure_ptr
                0x200004e8        0x4 c:/program files (x86)/atmel studio/7.0/toolchain/arm/arm-gnu-toolchain/bin/../lib/gcc/arm-none-eabi/4.9.3/../../../../arm-none-eabi/lib/armv7e-m\libc.a(lib_a-impure.o)
                0x200004e8                _impure_ptr
 .data.__malloc_av_
                0x200004ec      0x408 c:/program files (x86)/atmel studio/7.0/toolchain/arm/arm-gnu-toolchain/bin/../lib/gcc/arm-none-eabi/4.9.3/../../../../arm-none-eabi/lib/armv7e-m\libc.a(lib_a-mallocr.o)
                0x200004ec                __malloc_av_
 .data.__malloc_trim_threshold
                0x200008f4        0x4 c:/program files (x86)/atmel studio/7.0/toolchain/arm/arm-gnu-toolchain/bin/../lib/gcc/arm-none-eabi/4.9.3/../../../../arm-none-eabi/lib/armv7e-m\libc.a(lib_a-mallocr.o)
                0x200008f4                __malloc_trim_threshold
 .data.__malloc_sbrk_base
                0x200008f8        0x4 c:/program files (x86)/atmel studio/7.0/toolchain/arm/arm-gnu-toolchain/bin/../lib/gcc/arm-none-eabi/4.9.3/../../../../arm-none-eabi/lib/armv7e-m\libc.a(lib_a-mallocr.o)
                0x200008f8                __malloc_sbrk_base
                0x200008fc                . = ALIGN (0x4)
                0x200008fc                _erelocate = .

.bss            0x200008fc      0x1b4 load address 0x004047c4
                0x200008fc                . = ALIGN (0x4)
                0x200008fc                _sbss = .
                0x200008fc                _szero = .
 *(.bss .bss.*)
 .bss           0x200008fc       0x1c c:/program files (x86)/atmel studio/7.0/toolchain/arm/arm-gnu-toolchain/bin/../lib/gcc/arm-none-eabi/4.9.3/armv7e-m/crtbegin.o
 .bss.udi_vendor_alternate_setting
                0x20000918        0x1 src/ASF/common/services/usb/class/vendor/device/udi_vendor.o
 *fill*         0x20000919        0x3 
 .bss.udc_ptr_conf
                0x2000091c        0x4 src/ASF/common/services/usb/udc/udc.o
 .bss.udc_ep_status.7581
                0x20000920        0x2 src/ASF/common/services/usb/udc/udc.o
 *fill*         0x20000922        0x2 
 .bss.udc_iface_setting
                0x20000924        0x1 src/ASF/common/services/usb/udc/udc.o
 *fill*         0x20000925        0x1 
 .bss.udc_device_status
                0x20000926        0x2 src/ASF/common/services/usb/udc/udc.o
 .bss.udc_num_configuration
                0x20000928        0x1 src/ASF/common/services/usb/udc/udc.o
 *fill*         0x20000929        0x3 
 .bss.udc_ptr_iface
                0x2000092c        0x4 src/ASF/common/services/usb/udc/udc.o
 .bss.pio_capture_handler
                0x20000930        0x4 src/ASF/sam/drivers/pio/pio_handler.o
 .bss.gs_interrupt_sources
                0x20000934       0x70 src/ASF/sam/drivers/pio/pio_handler.o
 .bss.udd_ctrl_prev_payload_nb_trans
                0x200009a4        0x2 src/ASF/sam/drivers/udp/udp_device.o
 *fill*         0x200009a6        0x2 
 .bss.udd_ep_job
                0x200009a8       0x78 src/ASF/sam/drivers/udp/udp_device.o
 .bss.udd_b_idle
                0x20000a20        0x1 src/ASF/sam/drivers/udp/udp_device.o
 *fill*         0x20000a21        0x1 
 .bss.udd_ctrl_payload_nb_trans
                0x20000a22        0x2 src/ASF/sam/drivers/udp/udp_device.o
 .bss.b_shortpacket.8625
                0x20000a24        0x1 src/ASF/sam/drivers/udp/udp_device.o
 .bss.udd_ep_control_state
                0x20000a25        0x1 src/ASF/sam/drivers/udp/udp_device.o
 *fill*         0x20000a26        0x2 
 .bss.callback_clocks_restored
                0x20000a28        0x4 src/ASF/sam/drivers/pmc/sleep.o
 .bss.b_is_sleep_clock_used
                0x20000a2c        0x1 src/ASF/sam/drivers/pmc/sleep.o
 *fill*         0x20000a2d        0x3 
 .bss.cpu_irq_critical_section_counter
                0x20000a30        0x4 src/ASF/common/utils/interrupt/interrupt_sam_nvic.o
 .bss.cpu_irq_prev_interrupt_state
                0x20000a34        0x1 src/ASF/common/utils/interrupt/interrupt_sam_nvic.o
 *fill*         0x20000a35        0x3 
 .bss.heap.5212
                0x20000a38        0x4 src/ASF/sam/utils/syscalls/gcc/syscalls.o
 .bss.newFrameReady
                0x20000a3c        0x1 src/main.o
                0x20000a3c                newFrameReady
 .bss.playing   0x20000a3d        0x1 src/main.o
                0x20000a3d                playing
 .bss.newFrameSize
                0x20000a3e        0x2 src/main.o
                0x20000a3e                newFrameSize
 .bss.frameSize
                0x20000a40        0x2 src/main.o
                0x20000a40                frameSize
 .bss.framePos  0x20000a42        0x2 src/main.o
                0x20000a42                framePos
 .bss.__malloc_max_total_mem
                0x20000a44        0x4 c:/program files (x86)/atmel studio/7.0/toolchain/arm/arm-gnu-toolchain/bin/../lib/gcc/arm-none-eabi/4.9.3/../../../../arm-none-eabi/lib/armv7e-m\libc.a(lib_a-mallocr.o)
                0x20000a44                __malloc_max_total_mem
 .bss.__malloc_max_sbrked_mem
                0x20000a48        0x4 c:/program files (x86)/atmel studio/7.0/toolchain/arm/arm-gnu-toolchain/bin/../lib/gcc/arm-none-eabi/4.9.3/../../../../arm-none-eabi/lib/armv7e-m\libc.a(lib_a-mallocr.o)
                0x20000a48                __malloc_max_sbrked_mem
 .bss.__malloc_top_pad
                0x20000a4c        0x4 c:/program files (x86)/atmel studio/7.0/toolchain/arm/arm-gnu-toolchain/bin/../lib/gcc/arm-none-eabi/4.9.3/../../../../arm-none-eabi/lib/armv7e-m\libc.a(lib_a-mallocr.o)
                0x20000a4c                __malloc_top_pad
 .bss.__malloc_current_mallinfo
                0x20000a50       0x28 c:/program files (x86)/atmel studio/7.0/toolchain/arm/arm-gnu-toolchain/bin/../lib/gcc/arm-none-eabi/4.9.3/../../../../arm-none-eabi/lib/armv7e-m\libc.a(lib_a-mallocr.o)
                0x20000a50                __malloc_current_mallinfo
 *(COMMON)
 COMMON         0x20000a78        0x6 src/ASF/common/services/sleepmgr/sam/sleepmgr.o
                0x20000a78                sleepmgr_locks
 *fill*         0x20000a7e        0x2 
 COMMON         0x20000a80       0x18 src/ASF/sam/drivers/udp/udp_device.o
                0x20000a80                udd_g_ctrlreq
 COMMON         0x20000a98        0x4 src/ASF/sam/drivers/pio/pio.o
                0x20000a98                pio_capture_enable_flag
 COMMON         0x20000a9c       0x10 src/main.o
                0x20000a9c                newFrameAddress
                0x20000aa0                usbBulkBufferAddress
                0x20000aa4                usbInterruptBufferAddress
                0x20000aa8                frameAddress
 COMMON         0x20000aac        0x4 c:/program files (x86)/atmel studio/7.0/toolchain/arm/arm-gnu-toolchain/bin/../lib/gcc/arm-none-eabi/4.9.3/../../../../arm-none-eabi/lib/armv7e-m\libc.a(lib_a-reent.o)
                0x20000aac                errno
                0x20000ab0                . = ALIGN (0x4)
                0x20000ab0                _ebss = .
                0x20000ab0                _ezero = .

.stack          0x20000ab0     0x3000 load address 0x00404978
                0x20000ab0                . = ALIGN (0x8)
                0x20000ab0                _sstack = .
                0x20003ab0                . = (. + __stack_size__)
 *fill*         0x20000ab0     0x3000 
                0x20003ab0                . = ALIGN (0x8)
                0x20003ab0                _estack = .
                0x20003ab0                . = ALIGN (0x4)
                0x20003ab0                _end = .
OUTPUT(lasdac_mainfirmware.elf elf32-littlearm)

.ARM.attributes
                0x00000000       0x2a
 .ARM.attributes
                0x00000000       0x1e c:/program files (x86)/atmel studio/7.0/toolchain/arm/arm-gnu-toolchain/bin/../lib/gcc/arm-none-eabi/4.9.3/armv7e-m/crti.o
 .ARM.attributes
                0x0000001e       0x2e c:/program files (x86)/atmel studio/7.0/toolchain/arm/arm-gnu-toolchain/bin/../lib/gcc/arm-none-eabi/4.9.3/armv7e-m/crtbegin.o
 .ARM.attributes
                0x0000004c       0x33 src/ASF/common/services/sleepmgr/sam/sleepmgr.o
 .ARM.attributes
                0x0000007f       0x33 src/ASF/common/services/usb/class/vendor/device/udi_vendor.o
 .ARM.attributes
                0x000000b2       0x33 src/ASF/common/services/usb/udc/udc.o
 .ARM.attributes
                0x000000e5       0x33 src/ASF/sam/drivers/pio/pio_handler.o
 .ARM.attributes
                0x00000118       0x33 src/ASF/sam/drivers/spi/spi.o
 .ARM.attributes
                0x0000014b       0x33 src/ASF/sam/drivers/udp/udp_device.o
 .ARM.attributes
                0x0000017e       0x33 src/ASF/common/services/usb/class/vendor/device/udi_vendor_desc.o
 .ARM.attributes
                0x000001b1       0x33 src/ASF/common/services/clock/sam4s/sysclk.o
 .ARM.attributes
                0x000001e4       0x33 src/ASF/sam/drivers/dacc/dacc.o
 .ARM.attributes
                0x00000217       0x33 src/ASF/sam/drivers/pio/pio.o
 .ARM.attributes
                0x0000024a       0x33 src/ASF/sam/drivers/pmc/pmc.o
 .ARM.attributes
                0x0000027d       0x33 src/ASF/sam/drivers/pmc/sleep.o
 .ARM.attributes
                0x000002b0       0x33 src/ASF/common/utils/interrupt/interrupt_sam_nvic.o
 .ARM.attributes
                0x000002e3       0x33 src/ASF/sam/utils/cmsis/sam4s/source/templates/gcc/startup_sam4s.o
 .ARM.attributes
                0x00000316       0x33 src/ASF/sam/utils/cmsis/sam4s/source/templates/system_sam4s.o
 .ARM.attributes
                0x00000349       0x33 src/ASF/sam/utils/syscalls/gcc/syscalls.o
 .ARM.attributes
                0x0000037c       0x33 src/main.o
 .ARM.attributes
                0x000003af       0x2e c:/program files (x86)/atmel studio/7.0/toolchain/arm/arm-gnu-toolchain/bin/../lib/gcc/arm-none-eabi/4.9.3/../../../../arm-none-eabi/lib/armv7e-m\libc.a(lib_a-impure.o)
 .ARM.attributes
                0x000003dd       0x2e c:/program files (x86)/atmel studio/7.0/toolchain/arm/arm-gnu-toolchain/bin/../lib/gcc/arm-none-eabi/4.9.3/../../../../arm-none-eabi/lib/armv7e-m\libc.a(lib_a-init.o)
 .ARM.attributes
                0x0000040b       0x2e c:/program files (x86)/atmel studio/7.0/toolchain/arm/arm-gnu-toolchain/bin/../lib/gcc/arm-none-eabi/4.9.3/../../../../arm-none-eabi/lib/armv7e-m\libc.a(lib_a-malloc.o)
 .ARM.attributes
                0x00000439       0x2e c:/program files (x86)/atmel studio/7.0/toolchain/arm/arm-gnu-toolchain/bin/../lib/gcc/arm-none-eabi/4.9.3/../../../../arm-none-eabi/lib/armv7e-m\libc.a(lib_a-mallocr.o)
 .ARM.attributes
                0x00000467       0x2e c:/program files (x86)/atmel studio/7.0/toolchain/arm/arm-gnu-toolchain/bin/../lib/gcc/arm-none-eabi/4.9.3/../../../../arm-none-eabi/lib/armv7e-m\libc.a(lib_a-mlock.o)
 .ARM.attributes
                0x00000495       0x2e c:/program files (x86)/atmel studio/7.0/toolchain/arm/arm-gnu-toolchain/bin/../lib/gcc/arm-none-eabi/4.9.3/../../../../arm-none-eabi/lib/armv7e-m\libc.a(lib_a-sbrkr.o)
 .ARM.attributes
                0x000004c3       0x2e c:/program files (x86)/atmel studio/7.0/toolchain/arm/arm-gnu-toolchain/bin/../lib/gcc/arm-none-eabi/4.9.3/../../../../arm-none-eabi/lib/armv7e-m\libc.a(lib_a-__call_atexit.o)
 .ARM.attributes
                0x000004f1       0x2e c:/program files (x86)/atmel studio/7.0/toolchain/arm/arm-gnu-toolchain/bin/../lib/gcc/arm-none-eabi/4.9.3/../../../../arm-none-eabi/lib/armv7e-m\libc.a(lib_a-atexit.o)
 .ARM.attributes
                0x0000051f       0x2e c:/program files (x86)/atmel studio/7.0/toolchain/arm/arm-gnu-toolchain/bin/../lib/gcc/arm-none-eabi/4.9.3/../../../../arm-none-eabi/lib/armv7e-m\libc.a(lib_a-fini.o)
 .ARM.attributes
                0x0000054d       0x2e c:/program files (x86)/atmel studio/7.0/toolchain/arm/arm-gnu-toolchain/bin/../lib/gcc/arm-none-eabi/4.9.3/../../../../arm-none-eabi/lib/armv7e-m\libc.a(lib_a-freer.o)
 .ARM.attributes
                0x0000057b       0x2e c:/program files (x86)/atmel studio/7.0/toolchain/arm/arm-gnu-toolchain/bin/../lib/gcc/arm-none-eabi/4.9.3/../../../../arm-none-eabi/lib/armv7e-m\libc.a(lib_a-reent.o)
 .ARM.attributes
                0x000005a9       0x2e c:/program files (x86)/atmel studio/7.0/toolchain/arm/arm-gnu-toolchain/bin/../lib/gcc/arm-none-eabi/4.9.3/../../../../arm-none-eabi/lib/armv7e-m\libc.a(lib_a-__atexit.o)
 .ARM.attributes
                0x000005d7       0x1e c:/program files (x86)/atmel studio/7.0/toolchain/arm/arm-gnu-toolchain/bin/../lib/gcc/arm-none-eabi/4.9.3/armv7e-m/crtn.o

.comment        0x00000000       0x5b
 .comment       0x00000000       0x5b src/ASF/common/services/sleepmgr/sam/sleepmgr.o
                                 0x5c (size before relaxing)
 .comment       0x00000000       0x5c src/ASF/common/services/usb/class/vendor/device/udi_vendor.o
 .comment       0x00000000       0x5c src/ASF/common/services/usb/udc/udc.o
 .comment       0x00000000       0x5c src/ASF/sam/drivers/pio/pio_handler.o
 .comment       0x00000000       0x5c src/ASF/sam/drivers/spi/spi.o
 .comment       0x00000000       0x5c src/ASF/sam/drivers/udp/udp_device.o
 .comment       0x00000000       0x5c src/ASF/common/services/usb/class/vendor/device/udi_vendor_desc.o
 .comment       0x00000000       0x5c src/ASF/common/services/clock/sam4s/sysclk.o
 .comment       0x00000000       0x5c src/ASF/sam/drivers/dacc/dacc.o
 .comment       0x00000000       0x5c src/ASF/sam/drivers/pio/pio.o
 .comment       0x00000000       0x5c src/ASF/sam/drivers/pmc/pmc.o
 .comment       0x00000000       0x5c src/ASF/sam/drivers/pmc/sleep.o
 .comment       0x00000000       0x5c src/ASF/common/utils/interrupt/interrupt_sam_nvic.o
 .comment       0x00000000       0x5c src/ASF/sam/utils/cmsis/sam4s/source/templates/gcc/startup_sam4s.o
 .comment       0x00000000       0x5c src/ASF/sam/utils/cmsis/sam4s/source/templates/system_sam4s.o
 .comment       0x00000000       0x5c src/ASF/sam/utils/syscalls/gcc/syscalls.o
 .comment       0x00000000       0x5c src/main.o

.debug_info     0x00000000     0xe701
 .debug_info    0x00000000      0x172 src/ASF/common/services/sleepmgr/sam/sleepmgr.o
 .debug_info    0x00000172      0x654 src/ASF/common/services/usb/class/vendor/device/udi_vendor.o
 .debug_info    0x000007c6     0x1064 src/ASF/common/services/usb/udc/udc.o
 .debug_info    0x0000182a      0xf24 src/ASF/sam/drivers/pio/pio_handler.o
 .debug_info    0x0000274e      0x875 src/ASF/sam/drivers/spi/spi.o
 .debug_info    0x00002fc3     0x3560 src/ASF/sam/drivers/udp/udp_device.o
 .debug_info    0x00006523      0x6d8 src/ASF/common/services/usb/class/vendor/device/udi_vendor_desc.o
 .debug_info    0x00006bfb      0x865 src/ASF/common/services/clock/sam4s/sysclk.o
 .debug_info    0x00007460      0x841 src/ASF/sam/drivers/dacc/dacc.o
 .debug_info    0x00007ca1     0x1951 src/ASF/sam/drivers/pio/pio.o
 .debug_info    0x000095f2     0x10d2 src/ASF/sam/drivers/pmc/pmc.o
 .debug_info    0x0000a6c4      0xa1f src/ASF/sam/drivers/pmc/sleep.o
 .debug_info    0x0000b0e3      0x1e8 src/ASF/common/utils/interrupt/interrupt_sam_nvic.o
 .debug_info    0x0000b2cb      0x68d src/ASF/sam/utils/cmsis/sam4s/source/templates/gcc/startup_sam4s.o
 .debug_info    0x0000b958      0x469 src/ASF/sam/utils/cmsis/sam4s/source/templates/system_sam4s.o
 .debug_info    0x0000bdc1      0x43f src/ASF/sam/utils/syscalls/gcc/syscalls.o
 .debug_info    0x0000c200     0x2501 src/main.o

.debug_abbrev   0x00000000     0x25c7
 .debug_abbrev  0x00000000       0xa9 src/ASF/common/services/sleepmgr/sam/sleepmgr.o
 .debug_abbrev  0x000000a9      0x1e1 src/ASF/common/services/usb/class/vendor/device/udi_vendor.o
 .debug_abbrev  0x0000028a      0x36a src/ASF/common/services/usb/udc/udc.o
 .debug_abbrev  0x000005f4      0x280 src/ASF/sam/drivers/pio/pio_handler.o
 .debug_abbrev  0x00000874      0x28c src/ASF/sam/drivers/spi/spi.o
 .debug_abbrev  0x00000b00      0x57f src/ASF/sam/drivers/udp/udp_device.o
 .debug_abbrev  0x0000107f      0x116 src/ASF/common/services/usb/class/vendor/device/udi_vendor_desc.o
 .debug_abbrev  0x00001195      0x22a src/ASF/common/services/clock/sam4s/sysclk.o
 .debug_abbrev  0x000013bf      0x1c6 src/ASF/sam/drivers/dacc/dacc.o
 .debug_abbrev  0x00001585      0x30b src/ASF/sam/drivers/pio/pio.o
 .debug_abbrev  0x00001890      0x277 src/ASF/sam/drivers/pmc/pmc.o
 .debug_abbrev  0x00001b07      0x228 src/ASF/sam/drivers/pmc/sleep.o
 .debug_abbrev  0x00001d2f       0xef src/ASF/common/utils/interrupt/interrupt_sam_nvic.o
 .debug_abbrev  0x00001e1e      0x168 src/ASF/sam/utils/cmsis/sam4s/source/templates/gcc/startup_sam4s.o
 .debug_abbrev  0x00001f86       0xf5 src/ASF/sam/utils/cmsis/sam4s/source/templates/system_sam4s.o
 .debug_abbrev  0x0000207b      0x14e src/ASF/sam/utils/syscalls/gcc/syscalls.o
 .debug_abbrev  0x000021c9      0x3fe src/main.o

.debug_aranges  0x00000000      0x930
 .debug_aranges
                0x00000000       0x18 src/ASF/common/services/sleepmgr/sam/sleepmgr.o
 .debug_aranges
                0x00000018       0x68 src/ASF/common/services/usb/class/vendor/device/udi_vendor.o
 .debug_aranges
                0x00000080       0x70 src/ASF/common/services/usb/udc/udc.o
 .debug_aranges
                0x000000f0       0x50 src/ASF/sam/drivers/pio/pio_handler.o
 .debug_aranges
                0x00000140       0x90 src/ASF/sam/drivers/spi/spi.o
 .debug_aranges
                0x000001d0      0x108 src/ASF/sam/drivers/udp/udp_device.o
 .debug_aranges
                0x000002d8       0x18 src/ASF/common/services/usb/class/vendor/device/udi_vendor_desc.o
 .debug_aranges
                0x000002f0       0x40 src/ASF/common/services/clock/sam4s/sysclk.o
 .debug_aranges
                0x00000330       0xb8 src/ASF/sam/drivers/dacc/dacc.o
 .debug_aranges
                0x000003e8      0x1a8 src/ASF/sam/drivers/pio/pio.o
 .debug_aranges
                0x00000590      0x208 src/ASF/sam/drivers/pmc/pmc.o
 .debug_aranges
                0x00000798       0x30 src/ASF/sam/drivers/pmc/sleep.o
 .debug_aranges
                0x000007c8       0x28 src/ASF/common/utils/interrupt/interrupt_sam_nvic.o
 .debug_aranges
                0x000007f0       0x28 src/ASF/sam/utils/cmsis/sam4s/source/templates/gcc/startup_sam4s.o
 .debug_aranges
                0x00000818       0x30 src/ASF/sam/utils/cmsis/sam4s/source/templates/system_sam4s.o
 .debug_aranges
                0x00000848       0x60 src/ASF/sam/utils/syscalls/gcc/syscalls.o
 .debug_aranges
                0x000008a8       0x88 src/main.o

.debug_macro    0x00000000    0x134ae
 .debug_macro   0x00000000      0x488 src/ASF/common/services/sleepmgr/sam/sleepmgr.o
 .debug_macro   0x00000488      0x89e src/ASF/common/services/sleepmgr/sam/sleepmgr.o
 .debug_macro   0x00000d26      0x166 src/ASF/common/services/sleepmgr/sam/sleepmgr.o
 .debug_macro   0x00000e8c      0x636 src/ASF/common/services/sleepmgr/sam/sleepmgr.o
 .debug_macro   0x000014c2       0x76 src/ASF/common/services/sleepmgr/sam/sleepmgr.o
 .debug_macro   0x00001538       0x16 src/ASF/common/services/sleepmgr/sam/sleepmgr.o
 .debug_macro   0x0000154e      0x6e4 src/ASF/common/services/sleepmgr/sam/sleepmgr.o
 .debug_macro   0x00001c32       0x22 src/ASF/common/services/sleepmgr/sam/sleepmgr.o
 .debug_macro   0x00001c54       0x44 src/ASF/common/services/sleepmgr/sam/sleepmgr.o
 .debug_macro   0x00001c98       0x58 src/ASF/common/services/sleepmgr/sam/sleepmgr.o
 .debug_macro   0x00001cf0       0x22 src/ASF/common/services/sleepmgr/sam/sleepmgr.o
 .debug_macro   0x00001d12      0x1df src/ASF/common/services/sleepmgr/sam/sleepmgr.o
 .debug_macro   0x00001ef1       0x27 src/ASF/common/services/sleepmgr/sam/sleepmgr.o
 .debug_macro   0x00001f18       0x3b src/ASF/common/services/sleepmgr/sam/sleepmgr.o
 .debug_macro   0x00001f53       0x2d src/ASF/common/services/sleepmgr/sam/sleepmgr.o
 .debug_macro   0x00001f80       0x26 src/ASF/common/services/sleepmgr/sam/sleepmgr.o
 .debug_macro   0x00001fa6      0xbbf src/ASF/common/services/sleepmgr/sam/sleepmgr.o
 .debug_macro   0x00002b65      0x159 src/ASF/common/services/sleepmgr/sam/sleepmgr.o
 .debug_macro   0x00002cbe      0xaaf src/ASF/common/services/sleepmgr/sam/sleepmgr.o
 .debug_macro   0x0000376d      0x284 src/ASF/common/services/sleepmgr/sam/sleepmgr.o
 .debug_macro   0x000039f1       0xac src/ASF/common/services/sleepmgr/sam/sleepmgr.o
 .debug_macro   0x00003a9d      0x401 src/ASF/common/services/sleepmgr/sam/sleepmgr.o
 .debug_macro   0x00003e9e      0x106 src/ASF/common/services/sleepmgr/sam/sleepmgr.o
 .debug_macro   0x00003fa4       0x1c src/ASF/common/services/sleepmgr/sam/sleepmgr.o
 .debug_macro   0x00003fc0      0x738 src/ASF/common/services/sleepmgr/sam/sleepmgr.o
 .debug_macro   0x000046f8      0x2d2 src/ASF/common/services/sleepmgr/sam/sleepmgr.o
 .debug_macro   0x000049ca       0xbe src/ASF/common/services/sleepmgr/sam/sleepmgr.o
 .debug_macro   0x00004a88     0x280b src/ASF/common/services/sleepmgr/sam/sleepmgr.o
 .debug_macro   0x00007293      0x777 src/ASF/common/services/sleepmgr/sam/sleepmgr.o
 .debug_macro   0x00007a0a      0xa8e src/ASF/common/services/sleepmgr/sam/sleepmgr.o
 .debug_macro   0x00008498       0x9a src/ASF/common/services/sleepmgr/sam/sleepmgr.o
 .debug_macro   0x00008532      0x3d8 src/ASF/common/services/sleepmgr/sam/sleepmgr.o
 .debug_macro   0x0000890a       0x64 src/ASF/common/services/sleepmgr/sam/sleepmgr.o
 .debug_macro   0x0000896e      0x386 src/ASF/common/services/sleepmgr/sam/sleepmgr.o
 .debug_macro   0x00008cf4      0x624 src/ASF/common/services/sleepmgr/sam/sleepmgr.o
 .debug_macro   0x00009318      0x690 src/ASF/common/services/sleepmgr/sam/sleepmgr.o
 .debug_macro   0x000099a8      0x59f src/ASF/common/services/sleepmgr/sam/sleepmgr.o
 .debug_macro   0x00009f47      0x34d src/ASF/common/services/sleepmgr/sam/sleepmgr.o
 .debug_macro   0x0000a294      0x28c src/ASF/common/services/sleepmgr/sam/sleepmgr.o
 .debug_macro   0x0000a520      0x2d6 src/ASF/common/services/sleepmgr/sam/sleepmgr.o
 .debug_macro   0x0000a7f6      0x6d9 src/ASF/common/services/sleepmgr/sam/sleepmgr.o
 .debug_macro   0x0000aecf       0x76 src/ASF/common/services/sleepmgr/sam/sleepmgr.o
 .debug_macro   0x0000af45       0xb8 src/ASF/common/services/sleepmgr/sam/sleepmgr.o
 .debug_macro   0x0000affd       0xb2 src/ASF/common/services/sleepmgr/sam/sleepmgr.o
 .debug_macro   0x0000b0af       0x88 src/ASF/common/services/sleepmgr/sam/sleepmgr.o
 .debug_macro   0x0000b137      0x105 src/ASF/common/services/sleepmgr/sam/sleepmgr.o
 .debug_macro   0x0000b23c       0x88 src/ASF/common/services/sleepmgr/sam/sleepmgr.o
 .debug_macro   0x0000b2c4       0x88 src/ASF/common/services/sleepmgr/sam/sleepmgr.o
 .debug_macro   0x0000b34c      0x2cd src/ASF/common/services/sleepmgr/sam/sleepmgr.o
 .debug_macro   0x0000b619       0xb2 src/ASF/common/services/sleepmgr/sam/sleepmgr.o
 .debug_macro   0x0000b6cb       0xb2 src/ASF/common/services/sleepmgr/sam/sleepmgr.o
 .debug_macro   0x0000b77d       0x52 src/ASF/common/services/sleepmgr/sam/sleepmgr.o
 .debug_macro   0x0000b7cf       0xac src/ASF/common/services/sleepmgr/sam/sleepmgr.o
 .debug_macro   0x0000b87b       0x7c src/ASF/common/services/sleepmgr/sam/sleepmgr.o
 .debug_macro   0x0000b8f7       0x40 src/ASF/common/services/sleepmgr/sam/sleepmgr.o
 .debug_macro   0x0000b937       0x64 src/ASF/common/services/sleepmgr/sam/sleepmgr.o
 .debug_macro   0x0000b99b       0x4c src/ASF/common/services/sleepmgr/sam/sleepmgr.o
 .debug_macro   0x0000b9e7       0xa6 src/ASF/common/services/sleepmgr/sam/sleepmgr.o
 .debug_macro   0x0000ba8d       0x7c src/ASF/common/services/sleepmgr/sam/sleepmgr.o
 .debug_macro   0x0000bb09       0x16 src/ASF/common/services/sleepmgr/sam/sleepmgr.o
 .debug_macro   0x0000bb1f       0x7c src/ASF/common/services/sleepmgr/sam/sleepmgr.o
 .debug_macro   0x0000bb9b       0x22 src/ASF/common/services/sleepmgr/sam/sleepmgr.o
 .debug_macro   0x0000bbbd      0x195 src/ASF/common/services/sleepmgr/sam/sleepmgr.o
 .debug_macro   0x0000bd52      0x165 src/ASF/common/services/sleepmgr/sam/sleepmgr.o
 .debug_macro   0x0000beb7       0x1c src/ASF/common/services/sleepmgr/sam/sleepmgr.o
 .debug_macro   0x0000bed3       0x2e src/ASF/common/services/sleepmgr/sam/sleepmgr.o
 .debug_macro   0x0000bf01       0x22 src/ASF/common/services/sleepmgr/sam/sleepmgr.o
 .debug_macro   0x0000bf23       0x1c src/ASF/common/services/sleepmgr/sam/sleepmgr.o
 .debug_macro   0x0000bf3f       0x52 src/ASF/common/services/sleepmgr/sam/sleepmgr.o
 .debug_macro   0x0000bf91       0x10 src/ASF/common/services/sleepmgr/sam/sleepmgr.o
 .debug_macro   0x0000bfa1      0x1e7 src/ASF/common/services/sleepmgr/sam/sleepmgr.o
 .debug_macro   0x0000c188      0x60e src/ASF/common/services/sleepmgr/sam/sleepmgr.o
 .debug_macro   0x0000c796      0x100 src/ASF/common/services/sleepmgr/sam/sleepmgr.o
 .debug_macro   0x0000c896       0x58 src/ASF/common/services/sleepmgr/sam/sleepmgr.o
 .debug_macro   0x0000c8ee       0x35 src/ASF/common/services/sleepmgr/sam/sleepmgr.o
 .debug_macro   0x0000c923       0x9c src/ASF/common/services/sleepmgr/sam/sleepmgr.o
 .debug_macro   0x0000c9bf       0x16 src/ASF/common/services/sleepmgr/sam/sleepmgr.o
 .debug_macro   0x0000c9d5       0x35 src/ASF/common/services/sleepmgr/sam/sleepmgr.o
 .debug_macro   0x0000ca0a      0x29d src/ASF/common/services/sleepmgr/sam/sleepmgr.o
 .debug_macro   0x0000cca7       0x10 src/ASF/common/services/sleepmgr/sam/sleepmgr.o
 .debug_macro   0x0000ccb7       0x52 src/ASF/common/services/sleepmgr/sam/sleepmgr.o
 .debug_macro   0x0000cd09       0x16 src/ASF/common/services/sleepmgr/sam/sleepmgr.o
 .debug_macro   0x0000cd1f       0x43 src/ASF/common/services/sleepmgr/sam/sleepmgr.o
 .debug_macro   0x0000cd62      0x180 src/ASF/common/services/sleepmgr/sam/sleepmgr.o
 .debug_macro   0x0000cee2       0x10 src/ASF/common/services/sleepmgr/sam/sleepmgr.o
 .debug_macro   0x0000cef2       0x22 src/ASF/common/services/sleepmgr/sam/sleepmgr.o
 .debug_macro   0x0000cf14       0xbe src/ASF/common/services/sleepmgr/sam/sleepmgr.o
 .debug_macro   0x0000cfd2       0x16 src/ASF/common/services/sleepmgr/sam/sleepmgr.o
 .debug_macro   0x0000cfe8      0x197 src/ASF/common/services/sleepmgr/sam/sleepmgr.o
 .debug_macro   0x0000d17f       0x22 src/ASF/common/services/sleepmgr/sam/sleepmgr.o
 .debug_macro   0x0000d1a1       0x16 src/ASF/common/services/sleepmgr/sam/sleepmgr.o
 .debug_macro   0x0000d1b7       0x16 src/ASF/common/services/sleepmgr/sam/sleepmgr.o
 .debug_macro   0x0000d1cd       0x29 src/ASF/common/services/sleepmgr/sam/sleepmgr.o
 .debug_macro   0x0000d1f6       0x75 src/ASF/common/services/sleepmgr/sam/sleepmgr.o
 .debug_macro   0x0000d26b       0x3f src/ASF/common/services/sleepmgr/sam/sleepmgr.o
 .debug_macro   0x0000d2aa      0x3ca src/ASF/common/services/sleepmgr/sam/sleepmgr.o
 .debug_macro   0x0000d674       0x10 src/ASF/common/services/sleepmgr/sam/sleepmgr.o
 .debug_macro   0x0000d684       0x34 src/ASF/common/services/sleepmgr/sam/sleepmgr.o
 .debug_macro   0x0000d6b8      0x50a src/ASF/common/services/usb/class/vendor/device/udi_vendor.o
 .debug_macro   0x0000dbc2       0x7f src/ASF/common/services/usb/class/vendor/device/udi_vendor.o
 .debug_macro   0x0000dc41       0x52 src/ASF/common/services/usb/class/vendor/device/udi_vendor.o
 .debug_macro   0x0000dc93      0x24b src/ASF/common/services/usb/class/vendor/device/udi_vendor.o
 .debug_macro   0x0000dede      0x162 src/ASF/common/services/usb/class/vendor/device/udi_vendor.o
 .debug_macro   0x0000e040       0x1c src/ASF/common/services/usb/class/vendor/device/udi_vendor.o
 .debug_macro   0x0000e05c       0x16 src/ASF/common/services/usb/class/vendor/device/udi_vendor.o
 .debug_macro   0x0000e072       0x1c src/ASF/common/services/usb/class/vendor/device/udi_vendor.o
 .debug_macro   0x0000e08e       0x78 src/ASF/common/services/usb/class/vendor/device/udi_vendor.o
 .debug_macro   0x0000e106       0x16 src/ASF/common/services/usb/class/vendor/device/udi_vendor.o
 .debug_macro   0x0000e11c      0x506 src/ASF/common/services/usb/udc/udc.o
 .debug_macro   0x0000e622      0x481 src/ASF/sam/drivers/pio/pio_handler.o
 .debug_macro   0x0000eaa3       0x8e src/ASF/sam/drivers/pio/pio_handler.o
 .debug_macro   0x0000eb31      0x4ea src/ASF/sam/drivers/spi/spi.o
 .debug_macro   0x0000f01b       0x10 src/ASF/sam/drivers/spi/spi.o
 .debug_macro   0x0000f02b       0x46 src/ASF/sam/drivers/spi/spi.o
 .debug_macro   0x0000f071      0x28e src/ASF/sam/drivers/spi/spi.o
 .debug_macro   0x0000f2ff       0x6a src/ASF/sam/drivers/spi/spi.o
 .debug_macro   0x0000f369       0x16 src/ASF/sam/drivers/spi/spi.o
 .debug_macro   0x0000f37f       0x58 src/ASF/sam/drivers/spi/spi.o
 .debug_macro   0x0000f3d7       0x64 src/ASF/sam/drivers/spi/spi.o
 .debug_macro   0x0000f43b       0x46 src/ASF/sam/drivers/spi/spi.o
 .debug_macro   0x0000f481       0x90 src/ASF/sam/drivers/spi/spi.o
 .debug_macro   0x0000f511      0x5fa src/ASF/sam/drivers/udp/udp_device.o
 .debug_macro   0x0000fb0b       0x88 src/ASF/sam/drivers/udp/udp_device.o
 .debug_macro   0x0000fb93       0x94 src/ASF/sam/drivers/udp/udp_device.o
 .debug_macro   0x0000fc27      0x3f3 src/ASF/sam/drivers/udp/udp_device.o
 .debug_macro   0x0001001a      0x4eb src/ASF/common/services/usb/class/vendor/device/udi_vendor_desc.o
 .debug_macro   0x00010505      0x4e1 src/ASF/common/services/clock/sam4s/sysclk.o
 .debug_macro   0x000109e6      0x288 src/ASF/common/services/clock/sam4s/sysclk.o
 .debug_macro   0x00010c6e      0x483 src/ASF/sam/drivers/dacc/dacc.o
 .debug_macro   0x000110f1       0x10 src/ASF/sam/drivers/dacc/dacc.o
 .debug_macro   0x00011101      0x477 src/ASF/sam/drivers/pio/pio.o
 .debug_macro   0x00011578      0x477 src/ASF/sam/drivers/pmc/pmc.o
 .debug_macro   0x000119ef       0x52 src/ASF/sam/drivers/pmc/pmc.o
 .debug_macro   0x00011a41      0x496 src/ASF/sam/drivers/pmc/sleep.o
 .debug_macro   0x00011ed7      0x462 src/ASF/common/utils/interrupt/interrupt_sam_nvic.o
 .debug_macro   0x00012339      0x2d0 src/ASF/sam/utils/cmsis/sam4s/source/templates/gcc/startup_sam4s.o
 .debug_macro   0x00012609      0x2d8 src/ASF/sam/utils/cmsis/sam4s/source/templates/system_sam4s.o
 .debug_macro   0x000128e1      0x169 src/ASF/sam/utils/syscalls/gcc/syscalls.o
 .debug_macro   0x00012a4a       0x4a src/ASF/sam/utils/syscalls/gcc/syscalls.o
 .debug_macro   0x00012a94       0x97 src/ASF/sam/utils/syscalls/gcc/syscalls.o
 .debug_macro   0x00012b2b       0xef src/ASF/sam/utils/syscalls/gcc/syscalls.o
 .debug_macro   0x00012c1a       0x52 src/ASF/sam/utils/syscalls/gcc/syscalls.o
 .debug_macro   0x00012c6c       0x16 src/ASF/sam/utils/syscalls/gcc/syscalls.o
 .debug_macro   0x00012c82       0x10 src/ASF/sam/utils/syscalls/gcc/syscalls.o
 .debug_macro   0x00012c92       0x10 src/ASF/sam/utils/syscalls/gcc/syscalls.o
 .debug_macro   0x00012ca2       0x10 src/ASF/sam/utils/syscalls/gcc/syscalls.o
 .debug_macro   0x00012cb2       0x35 src/ASF/sam/utils/syscalls/gcc/syscalls.o
 .debug_macro   0x00012ce7      0x122 src/ASF/sam/utils/syscalls/gcc/syscalls.o
 .debug_macro   0x00012e09      0x643 src/main.o
 .debug_macro   0x0001344c       0x10 src/main.o
 .debug_macro   0x0001345c       0x3c src/main.o
 .debug_macro   0x00013498       0x16 src/main.o

.debug_line     0x00000000     0xc7fc
 .debug_line    0x00000000      0xa0b src/ASF/common/services/sleepmgr/sam/sleepmgr.o
 .debug_line    0x00000a0b      0xb72 src/ASF/common/services/usb/class/vendor/device/udi_vendor.o
 .debug_line    0x0000157d      0xcc5 src/ASF/common/services/usb/udc/udc.o
 .debug_line    0x00002242      0xa45 src/ASF/sam/drivers/pio/pio_handler.o
 .debug_line    0x00002c87      0xbf9 src/ASF/sam/drivers/spi/spi.o
 .debug_line    0x00003880     0x17a1 src/ASF/sam/drivers/udp/udp_device.o
 .debug_line    0x00005021      0xa9f src/ASF/common/services/usb/class/vendor/device/udi_vendor_desc.o
 .debug_line    0x00005ac0      0xb2e src/ASF/common/services/clock/sam4s/sysclk.o
 .debug_line    0x000065ee      0xafb src/ASF/sam/drivers/dacc/dacc.o
 .debug_line    0x000070e9      0xe31 src/ASF/sam/drivers/pio/pio.o
 .debug_line    0x00007f1a      0xf5d src/ASF/sam/drivers/pmc/pmc.o
 .debug_line    0x00008e77      0xb1d src/ASF/sam/drivers/pmc/sleep.o
 .debug_line    0x00009994      0x9bd src/ASF/common/utils/interrupt/interrupt_sam_nvic.o
 .debug_line    0x0000a351      0x7f5 src/ASF/sam/utils/cmsis/sam4s/source/templates/gcc/startup_sam4s.o
 .debug_line    0x0000ab46      0x807 src/ASF/sam/utils/cmsis/sam4s/source/templates/system_sam4s.o
 .debug_line    0x0000b34d      0x399 src/ASF/sam/utils/syscalls/gcc/syscalls.o
 .debug_line    0x0000b6e6     0x1116 src/main.o

.debug_str      0x00000000    0x51d43
 .debug_str     0x00000000    0x464ef src/ASF/common/services/sleepmgr/sam/sleepmgr.o
                              0x46867 (size before relaxing)
 .debug_str     0x000464ef     0x29a0 src/ASF/common/services/usb/class/vendor/device/udi_vendor.o
                              0x49087 (size before relaxing)
 .debug_str     0x00048e8f      0xaa6 src/ASF/common/services/usb/udc/udc.o
                              0x4996a (size before relaxing)
 .debug_str     0x00049935      0x9fe src/ASF/sam/drivers/pio/pio_handler.o
                              0x4712e (size before relaxing)
 .debug_str     0x0004a333     0x17e4 src/ASF/sam/drivers/spi/spi.o
                              0x47ef7 (size before relaxing)
 .debug_str     0x0004bb17     0x37e4 src/ASF/sam/drivers/udp/udp_device.o
                              0x4e535 (size before relaxing)
 .debug_str     0x0004f2fb      0x10e src/ASF/common/services/usb/class/vendor/device/udi_vendor_desc.o
                              0x49309 (size before relaxing)
 .debug_str     0x0004f409      0x2d8 src/ASF/common/services/clock/sam4s/sysclk.o
                              0x47d92 (size before relaxing)
 .debug_str     0x0004f6e1      0x446 src/ASF/sam/drivers/dacc/dacc.o
                              0x46b24 (size before relaxing)
 .debug_str     0x0004fb27      0x587 src/ASF/sam/drivers/pio/pio.o
                              0x472ef (size before relaxing)
 .debug_str     0x000500ae      0x6d9 src/ASF/sam/drivers/pmc/pmc.o
                              0x4713e (size before relaxing)
 .debug_str     0x00050787      0x175 src/ASF/sam/drivers/pmc/sleep.o
                              0x4774c (size before relaxing)
 .debug_str     0x000508fc       0x65 src/ASF/common/utils/interrupt/interrupt_sam_nvic.o
                              0x4672b (size before relaxing)
 .debug_str     0x00050961      0x401 src/ASF/sam/utils/cmsis/sam4s/source/templates/gcc/startup_sam4s.o
                              0x37f2d (size before relaxing)
 .debug_str     0x00050d62       0xcd src/ASF/sam/utils/cmsis/sam4s/source/templates/system_sam4s.o
                              0x37d03 (size before relaxing)
 .debug_str     0x00050e2f      0x857 src/ASF/sam/utils/syscalls/gcc/syscalls.o
                               0x611c (size before relaxing)
 .debug_str     0x00051686      0x6bd src/main.o
                              0x4babe (size before relaxing)

.debug_loc      0x00000000     0x5a98
 .debug_loc     0x00000000      0x4f0 src/ASF/common/services/usb/class/vendor/device/udi_vendor.o
 .debug_loc     0x000004f0      0x507 src/ASF/common/services/usb/udc/udc.o
 .debug_loc     0x000009f7      0x533 src/ASF/sam/drivers/pio/pio_handler.o
 .debug_loc     0x00000f2a      0x55e src/ASF/sam/drivers/spi/spi.o
 .debug_loc     0x00001488     0x1c21 src/ASF/sam/drivers/udp/udp_device.o
 .debug_loc     0x000030a9      0x12d src/ASF/common/services/clock/sam4s/sysclk.o
 .debug_loc     0x000031d6      0x33a src/ASF/sam/drivers/dacc/dacc.o
 .debug_loc     0x00003510      0xdd7 src/ASF/sam/drivers/pio/pio.o
 .debug_loc     0x000042e7      0xd88 src/ASF/sam/drivers/pmc/pmc.o
 .debug_loc     0x0000506f      0x2bb src/ASF/sam/drivers/pmc/sleep.o
 .debug_loc     0x0000532a       0x1e src/ASF/common/utils/interrupt/interrupt_sam_nvic.o
 .debug_loc     0x00005348       0xc6 src/ASF/sam/utils/cmsis/sam4s/source/templates/gcc/startup_sam4s.o
 .debug_loc     0x0000540e      0x12b src/ASF/sam/utils/syscalls/gcc/syscalls.o
 .debug_loc     0x00005539      0x55f src/main.o

.debug_ranges   0x00000000      0x8e0
 .debug_ranges  0x00000000       0x58 src/ASF/common/services/usb/class/vendor/device/udi_vendor.o
 .debug_ranges  0x00000058       0xb0 src/ASF/common/services/usb/udc/udc.o
 .debug_ranges  0x00000108       0x40 src/ASF/sam/drivers/pio/pio_handler.o
 .debug_ranges  0x00000148       0x80 src/ASF/sam/drivers/spi/spi.o
 .debug_ranges  0x000001c8      0x178 src/ASF/sam/drivers/udp/udp_device.o
 .debug_ranges  0x00000340       0x30 src/ASF/common/services/clock/sam4s/sysclk.o
 .debug_ranges  0x00000370       0xa8 src/ASF/sam/drivers/dacc/dacc.o
 .debug_ranges  0x00000418      0x198 src/ASF/sam/drivers/pio/pio.o
 .debug_ranges  0x000005b0      0x1f8 src/ASF/sam/drivers/pmc/pmc.o
 .debug_ranges  0x000007a8       0x20 src/ASF/sam/drivers/pmc/sleep.o
 .debug_ranges  0x000007c8       0x18 src/ASF/common/utils/interrupt/interrupt_sam_nvic.o
 .debug_ranges  0x000007e0       0x18 src/ASF/sam/utils/cmsis/sam4s/source/templates/gcc/startup_sam4s.o
 .debug_ranges  0x000007f8       0x20 src/ASF/sam/utils/cmsis/sam4s/source/templates/system_sam4s.o
 .debug_ranges  0x00000818       0x50 src/ASF/sam/utils/syscalls/gcc/syscalls.o
 .debug_ranges  0x00000868       0x78 src/main.o

.debug_frame    0x00000000     0x1760
 .debug_frame   0x00000000      0x120 src/ASF/common/services/usb/class/vendor/device/udi_vendor.o
 .debug_frame   0x00000120      0x138 src/ASF/common/services/usb/udc/udc.o
 .debug_frame   0x00000258       0xdc src/ASF/sam/drivers/pio/pio_handler.o
 .debug_frame   0x00000334      0x134 src/ASF/sam/drivers/spi/spi.o
 .debug_frame   0x00000468      0x34c src/ASF/sam/drivers/udp/udp_device.o
 .debug_frame   0x000007b4       0x88 src/ASF/common/services/clock/sam4s/sysclk.o
 .debug_frame   0x0000083c      0x15c src/ASF/sam/drivers/dacc/dacc.o
 .debug_frame   0x00000998      0x38c src/ASF/sam/drivers/pio/pio.o
 .debug_frame   0x00000d24      0x46c src/ASF/sam/drivers/pmc/pmc.o
 .debug_frame   0x00001190       0x68 src/ASF/sam/drivers/pmc/sleep.o
 .debug_frame   0x000011f8       0x30 src/ASF/common/utils/interrupt/interrupt_sam_nvic.o
 .debug_frame   0x00001228       0x38 src/ASF/sam/utils/cmsis/sam4s/source/templates/gcc/startup_sam4s.o
 .debug_frame   0x00001260       0x40 src/ASF/sam/utils/cmsis/sam4s/source/templates/system_sam4s.o
 .debug_frame   0x000012a0       0xa8 src/ASF/sam/utils/syscalls/gcc/syscalls.o
 .debug_frame   0x00001348      0x164 src/main.o
 .debug_frame   0x000014ac       0x2c c:/program files (x86)/atmel studio/7.0/toolchain/arm/arm-gnu-toolchain/bin/../lib/gcc/arm-none-eabi/4.9.3/../../../../arm-none-eabi/lib/armv7e-m\libc.a(lib_a-init.o)
 .debug_frame   0x000014d8       0x30 c:/program files (x86)/atmel studio/7.0/toolchain/arm/arm-gnu-toolchain/bin/../lib/gcc/arm-none-eabi/4.9.3/../../../../arm-none-eabi/lib/armv7e-m\libc.a(lib_a-malloc.o)
 .debug_frame   0x00001508       0x58 c:/program files (x86)/atmel studio/7.0/toolchain/arm/arm-gnu-toolchain/bin/../lib/gcc/arm-none-eabi/4.9.3/../../../../arm-none-eabi/lib/armv7e-m\libc.a(lib_a-mallocr.o)
 .debug_frame   0x00001560       0x30 c:/program files (x86)/atmel studio/7.0/toolchain/arm/arm-gnu-toolchain/bin/../lib/gcc/arm-none-eabi/4.9.3/../../../../arm-none-eabi/lib/armv7e-m\libc.a(lib_a-mlock.o)
 .debug_frame   0x00001590       0x2c c:/program files (x86)/atmel studio/7.0/toolchain/arm/arm-gnu-toolchain/bin/../lib/gcc/arm-none-eabi/4.9.3/../../../../arm-none-eabi/lib/armv7e-m\libc.a(lib_a-sbrkr.o)
 .debug_frame   0x000015bc       0x50 c:/program files (x86)/atmel studio/7.0/toolchain/arm/arm-gnu-toolchain/bin/../lib/gcc/arm-none-eabi/4.9.3/../../../../arm-none-eabi/lib/armv7e-m\libc.a(lib_a-__call_atexit.o)
 .debug_frame   0x0000160c       0x20 c:/program files (x86)/atmel studio/7.0/toolchain/arm/arm-gnu-toolchain/bin/../lib/gcc/arm-none-eabi/4.9.3/../../../../arm-none-eabi/lib/armv7e-m\libc.a(lib_a-atexit.o)
 .debug_frame   0x0000162c       0x34 c:/program files (x86)/atmel studio/7.0/toolchain/arm/arm-gnu-toolchain/bin/../lib/gcc/arm-none-eabi/4.9.3/../../../../arm-none-eabi/lib/armv7e-m\libc.a(lib_a-fini.o)
 .debug_frame   0x00001660       0x74 c:/program files (x86)/atmel studio/7.0/toolchain/arm/arm-gnu-toolchain/bin/../lib/gcc/arm-none-eabi/4.9.3/../../../../arm-none-eabi/lib/armv7e-m\libc.a(lib_a-freer.o)
 .debug_frame   0x000016d4       0x58 c:/program files (x86)/atmel studio/7.0/toolchain/arm/arm-gnu-toolchain/bin/../lib/gcc/arm-none-eabi/4.9.3/../../../../arm-none-eabi/lib/armv7e-m\libc.a(lib_a-reent.o)
 .debug_frame   0x0000172c       0x34 c:/program files (x86)/atmel studio/7.0/toolchain/arm/arm-gnu-toolchain/bin/../lib/gcc/arm-none-eabi/4.9.3/../../../../arm-none-eabi/lib/armv7e-m\libc.a(lib_a-__atexit.o)

Cross Reference Table

Symbol                                            File
ACC_Handler                                       src/ASF/sam/utils/cmsis/sam4s/source/templates/gcc/startup_sam4s.o
ADC_Handler                                       src/ASF/sam/utils/cmsis/sam4s/source/templates/gcc/startup_sam4s.o
BusFault_Handler                                  src/ASF/sam/utils/cmsis/sam4s/source/templates/gcc/startup_sam4s.o
CRCCU_Handler                                     src/ASF/sam/utils/cmsis/sam4s/source/templates/gcc/startup_sam4s.o
DACC_Handler                                      src/ASF/sam/utils/cmsis/sam4s/source/templates/gcc/startup_sam4s.o
DebugMon_Handler                                  src/ASF/sam/utils/cmsis/sam4s/source/templates/gcc/startup_sam4s.o
Dummy_Handler                                     src/ASF/sam/utils/cmsis/sam4s/source/templates/gcc/startup_sam4s.o
EFC0_Handler                                      src/ASF/sam/utils/cmsis/sam4s/source/templates/gcc/startup_sam4s.o
HSMCI_Handler                                     src/ASF/sam/utils/cmsis/sam4s/source/templates/gcc/startup_sam4s.o
HardFault_Handler                                 src/ASF/sam/utils/cmsis/sam4s/source/templates/gcc/startup_sam4s.o
MemManage_Handler                                 src/ASF/sam/utils/cmsis/sam4s/source/templates/gcc/startup_sam4s.o
NMI_Handler                                       src/ASF/sam/utils/cmsis/sam4s/source/templates/gcc/startup_sam4s.o
PIOA_Handler                                      src/ASF/sam/drivers/pio/pio_handler.o
PIOB_Handler                                      src/ASF/sam/drivers/pio/pio_handler.o
PMC_Handler                                       src/ASF/sam/utils/cmsis/sam4s/source/templates/gcc/startup_sam4s.o
PWM_Handler                                       src/ASF/sam/utils/cmsis/sam4s/source/templates/gcc/startup_sam4s.o
PendSV_Handler                                    src/ASF/sam/utils/cmsis/sam4s/source/templates/gcc/startup_sam4s.o
RSTC_Handler                                      src/ASF/sam/utils/cmsis/sam4s/source/templates/gcc/startup_sam4s.o
RTC_Handler                                       src/ASF/sam/utils/cmsis/sam4s/source/templates/gcc/startup_sam4s.o
RTT_Handler                                       src/ASF/sam/utils/cmsis/sam4s/source/templates/gcc/startup_sam4s.o
Reset_Handler                                     src/ASF/sam/utils/cmsis/sam4s/source/templates/gcc/startup_sam4s.o
SPI_Handler                                       src/ASF/sam/utils/cmsis/sam4s/source/templates/gcc/startup_sam4s.o
SSC_Handler                                       src/ASF/sam/utils/cmsis/sam4s/source/templates/gcc/startup_sam4s.o
SUPC_Handler                                      src/ASF/sam/utils/cmsis/sam4s/source/templates/gcc/startup_sam4s.o
SVC_Handler                                       src/ASF/sam/utils/cmsis/sam4s/source/templates/gcc/startup_sam4s.o
SysTick_Handler                                   src/main.o
                                                  src/ASF/sam/utils/cmsis/sam4s/source/templates/gcc/startup_sam4s.o
SystemCoreClock                                   src/ASF/sam/utils/cmsis/sam4s/source/templates/system_sam4s.o
SystemCoreClockUpdate                             src/ASF/sam/utils/cmsis/sam4s/source/templates/system_sam4s.o
                                                  src/ASF/common/services/clock/sam4s/sysclk.o
SystemInit                                        src/ASF/sam/utils/cmsis/sam4s/source/templates/system_sam4s.o
TC0_Handler                                       src/ASF/sam/utils/cmsis/sam4s/source/templates/gcc/startup_sam4s.o
TC1_Handler                                       src/ASF/sam/utils/cmsis/sam4s/source/templates/gcc/startup_sam4s.o
TC2_Handler                                       src/ASF/sam/utils/cmsis/sam4s/source/templates/gcc/startup_sam4s.o
TWI0_Handler                                      src/ASF/sam/utils/cmsis/sam4s/source/templates/gcc/startup_sam4s.o
TWI1_Handler                                      src/ASF/sam/utils/cmsis/sam4s/source/templates/gcc/startup_sam4s.o
UART0_Handler                                     src/ASF/sam/utils/cmsis/sam4s/source/templates/gcc/startup_sam4s.o
UART1_Handler                                     src/ASF/sam/utils/cmsis/sam4s/source/templates/gcc/startup_sam4s.o
UDP_Handler                                       src/ASF/sam/drivers/udp/udp_device.o
USART0_Handler                                    src/ASF/sam/utils/cmsis/sam4s/source/templates/gcc/startup_sam4s.o
USART1_Handler                                    src/ASF/sam/utils/cmsis/sam4s/source/templates/gcc/startup_sam4s.o
UsageFault_Handler                                src/ASF/sam/utils/cmsis/sam4s/source/templates/gcc/startup_sam4s.o
WDT_Handler                                       src/ASF/sam/utils/cmsis/sam4s/source/templates/gcc/startup_sam4s.o
_Jv_RegisterClasses                               c:/program files (x86)/atmel studio/7.0/toolchain/arm/arm-gnu-toolchain/bin/../lib/gcc/arm-none-eabi/4.9.3/armv7e-m/crtbegin.o
_PathLocale                                       c:/program files (x86)/atmel studio/7.0/toolchain/arm/arm-gnu-toolchain/bin/../lib/gcc/arm-none-eabi/4.9.3/../../../../arm-none-eabi/lib/armv7e-m\libc.a(lib_a-locale.o)
__aeabi_idiv0                                     c:/program files (x86)/atmel studio/7.0/toolchain/arm/arm-gnu-toolchain/bin/../lib/gcc/arm-none-eabi/4.9.3/armv7e-m\libgcc.a(_dvmd_tls.o)
__aeabi_ldiv0                                     c:/program files (x86)/atmel studio/7.0/toolchain/arm/arm-gnu-toolchain/bin/../lib/gcc/arm-none-eabi/4.9.3/armv7e-m\libgcc.a(_dvmd_tls.o)
                                                  c:/program files (x86)/atmel studio/7.0/toolchain/arm/arm-gnu-toolchain/bin/../lib/gcc/arm-none-eabi/4.9.3/armv7e-m\libgcc.a(_aeabi_uldivmod.o)
__aeabi_uldivmod                                  c:/program files (x86)/atmel studio/7.0/toolchain/arm/arm-gnu-toolchain/bin/../lib/gcc/arm-none-eabi/4.9.3/armv7e-m\libgcc.a(_aeabi_uldivmod.o)
                                                  c:/program files (x86)/atmel studio/7.0/toolchain/arm/arm-gnu-toolchain/bin/../lib/gcc/arm-none-eabi/4.9.3/../../../../arm-none-eabi/lib/armv7e-m\libc.a(lib_a-vfiprintf.o)
__ascii_wctomb                                    c:/program files (x86)/atmel studio/7.0/toolchain/arm/arm-gnu-toolchain/bin/../lib/gcc/arm-none-eabi/4.9.3/../../../../arm-none-eabi/lib/armv7e-m\libc.a(lib_a-wctomb_r.o)
__bss_end__                                       c:/program files (x86)/atmel studio/7.0/toolchain/arm/arm-gnu-toolchain/bin/../lib/gcc/arm-none-eabi/4.9.3/../../../../arm-none-eabi/lib/armv7e-m/crt0.o
__bss_start__                                     c:/program files (x86)/atmel studio/7.0/toolchain/arm/arm-gnu-toolchain/bin/../lib/gcc/arm-none-eabi/4.9.3/../../../../arm-none-eabi/lib/armv7e-m/crt0.o
__call_exitprocs                                  c:/program files (x86)/atmel studio/7.0/toolchain/arm/arm-gnu-toolchain/bin/../lib/gcc/arm-none-eabi/4.9.3/../../../../arm-none-eabi/lib/armv7e-m\libc.a(lib_a-__call_atexit.o)
                                                  c:/program files (x86)/atmel studio/7.0/toolchain/arm/arm-gnu-toolchain/bin/../lib/gcc/arm-none-eabi/4.9.3/../../../../arm-none-eabi/lib/armv7e-m\libc.a(lib_a-exit.o)
__deregister_frame_info                           c:/program files (x86)/atmel studio/7.0/toolchain/arm/arm-gnu-toolchain/bin/../lib/gcc/arm-none-eabi/4.9.3/armv7e-m/crtbegin.o
__divdi3                                          c:/program files (x86)/atmel studio/7.0/toolchain/arm/arm-gnu-toolchain/bin/../lib/gcc/arm-none-eabi/4.9.3/armv7e-m\libgcc.a(_divdi3.o)
                                                  c:/program files (x86)/atmel studio/7.0/toolchain/arm/arm-gnu-toolchain/bin/../lib/gcc/arm-none-eabi/4.9.3/armv7e-m\libgcc.a(bpabi.o)
__dso_handle                                      c:/program files (x86)/atmel studio/7.0/toolchain/arm/arm-gnu-toolchain/bin/../lib/gcc/arm-none-eabi/4.9.3/armv7e-m/crtbegin.o
__fini_array_end                                  c:/program files (x86)/atmel studio/7.0/toolchain/arm/arm-gnu-toolchain/bin/../lib/gcc/arm-none-eabi/4.9.3/../../../../arm-none-eabi/lib/armv7e-m\libc.a(lib_a-fini.o)
__fini_array_start                                c:/program files (x86)/atmel studio/7.0/toolchain/arm/arm-gnu-toolchain/bin/../lib/gcc/arm-none-eabi/4.9.3/../../../../arm-none-eabi/lib/armv7e-m\libc.a(lib_a-fini.o)
__fp_lock_all                                     c:/program files (x86)/atmel studio/7.0/toolchain/arm/arm-gnu-toolchain/bin/../lib/gcc/arm-none-eabi/4.9.3/../../../../arm-none-eabi/lib/armv7e-m\libc.a(lib_a-findfp.o)
__fp_unlock_all                                   c:/program files (x86)/atmel studio/7.0/toolchain/arm/arm-gnu-toolchain/bin/../lib/gcc/arm-none-eabi/4.9.3/../../../../arm-none-eabi/lib/armv7e-m\libc.a(lib_a-findfp.o)
__fputwc                                          c:/program files (x86)/atmel studio/7.0/toolchain/arm/arm-gnu-toolchain/bin/../lib/gcc/arm-none-eabi/4.9.3/../../../../arm-none-eabi/lib/armv7e-m\libc.a(lib_a-fputwc.o)
__gnu_ldivmod_helper                              c:/program files (x86)/atmel studio/7.0/toolchain/arm/arm-gnu-toolchain/bin/../lib/gcc/arm-none-eabi/4.9.3/armv7e-m\libgcc.a(bpabi.o)
__gnu_uldivmod_helper                             c:/program files (x86)/atmel studio/7.0/toolchain/arm/arm-gnu-toolchain/bin/../lib/gcc/arm-none-eabi/4.9.3/armv7e-m\libgcc.a(bpabi.o)
                                                  c:/program files (x86)/atmel studio/7.0/toolchain/arm/arm-gnu-toolchain/bin/../lib/gcc/arm-none-eabi/4.9.3/armv7e-m\libgcc.a(_aeabi_uldivmod.o)
__init_array_end                                  c:/program files (x86)/atmel studio/7.0/toolchain/arm/arm-gnu-toolchain/bin/../lib/gcc/arm-none-eabi/4.9.3/../../../../arm-none-eabi/lib/armv7e-m\libc.a(lib_a-init.o)
__init_array_start                                c:/program files (x86)/atmel studio/7.0/toolchain/arm/arm-gnu-toolchain/bin/../lib/gcc/arm-none-eabi/4.9.3/../../../../arm-none-eabi/lib/armv7e-m\libc.a(lib_a-init.o)
__libc_fini                                       c:/program files (x86)/atmel studio/7.0/toolchain/arm/arm-gnu-toolchain/bin/../lib/gcc/arm-none-eabi/4.9.3/../../../../arm-none-eabi/lib/armv7e-m\libc.a(lib_a-__call_atexit.o)
__libc_fini_array                                 c:/program files (x86)/atmel studio/7.0/toolchain/arm/arm-gnu-toolchain/bin/../lib/gcc/arm-none-eabi/4.9.3/../../../../arm-none-eabi/lib/armv7e-m\libc.a(lib_a-fini.o)
                                                  c:/program files (x86)/atmel studio/7.0/toolchain/arm/arm-gnu-toolchain/bin/../lib/gcc/arm-none-eabi/4.9.3/../../../../arm-none-eabi/lib/armv7e-m\libc.a(lib_a-__call_atexit.o)
                                                  c:/program files (x86)/atmel studio/7.0/toolchain/arm/arm-gnu-toolchain/bin/../lib/gcc/arm-none-eabi/4.9.3/../../../../arm-none-eabi/lib/armv7e-m/crt0.o
__libc_init_array                                 c:/program files (x86)/atmel studio/7.0/toolchain/arm/arm-gnu-toolchain/bin/../lib/gcc/arm-none-eabi/4.9.3/../../../../arm-none-eabi/lib/armv7e-m\libc.a(lib_a-init.o)
                                                  src/ASF/sam/utils/cmsis/sam4s/source/templates/gcc/startup_sam4s.o
                                                  c:/program files (x86)/atmel studio/7.0/toolchain/arm/arm-gnu-toolchain/bin/../lib/gcc/arm-none-eabi/4.9.3/../../../../arm-none-eabi/lib/armv7e-m/crt0.o
__locale_charset                                  c:/program files (x86)/atmel studio/7.0/toolchain/arm/arm-gnu-toolchain/bin/../lib/gcc/arm-none-eabi/4.9.3/../../../../arm-none-eabi/lib/armv7e-m\libc.a(lib_a-locale.o)
                                                  c:/program files (x86)/atmel studio/7.0/toolchain/arm/arm-gnu-toolchain/bin/../lib/gcc/arm-none-eabi/4.9.3/../../../../arm-none-eabi/lib/armv7e-m\libc.a(lib_a-wctomb_r.o)
                                                  c:/program files (x86)/atmel studio/7.0/toolchain/arm/arm-gnu-toolchain/bin/../lib/gcc/arm-none-eabi/4.9.3/../../../../arm-none-eabi/lib/armv7e-m\libc.a(lib_a-wcrtomb.o)
__locale_cjk_lang                                 c:/program files (x86)/atmel studio/7.0/toolchain/arm/arm-gnu-toolchain/bin/../lib/gcc/arm-none-eabi/4.9.3/../../../../arm-none-eabi/lib/armv7e-m\libc.a(lib_a-locale.o)
__locale_mb_cur_max                               c:/program files (x86)/atmel studio/7.0/toolchain/arm/arm-gnu-toolchain/bin/../lib/gcc/arm-none-eabi/4.9.3/../../../../arm-none-eabi/lib/armv7e-m\libc.a(lib_a-locale.o)
                                                  c:/program files (x86)/atmel studio/7.0/toolchain/arm/arm-gnu-toolchain/bin/../lib/gcc/arm-none-eabi/4.9.3/../../../../arm-none-eabi/lib/armv7e-m\libc.a(lib_a-fputwc.o)
__locale_msgcharset                               c:/program files (x86)/atmel studio/7.0/toolchain/arm/arm-gnu-toolchain/bin/../lib/gcc/arm-none-eabi/4.9.3/../../../../arm-none-eabi/lib/armv7e-m\libc.a(lib_a-locale.o)
__malloc_av_                                      c:/program files (x86)/atmel studio/7.0/toolchain/arm/arm-gnu-toolchain/bin/../lib/gcc/arm-none-eabi/4.9.3/../../../../arm-none-eabi/lib/armv7e-m\libc.a(lib_a-mallocr.o)
                                                  c:/program files (x86)/atmel studio/7.0/toolchain/arm/arm-gnu-toolchain/bin/../lib/gcc/arm-none-eabi/4.9.3/../../../../arm-none-eabi/lib/armv7e-m\libc.a(lib_a-reallocr.o)
                                                  c:/program files (x86)/atmel studio/7.0/toolchain/arm/arm-gnu-toolchain/bin/../lib/gcc/arm-none-eabi/4.9.3/../../../../arm-none-eabi/lib/armv7e-m\libc.a(lib_a-freer.o)
__malloc_current_mallinfo                         c:/program files (x86)/atmel studio/7.0/toolchain/arm/arm-gnu-toolchain/bin/../lib/gcc/arm-none-eabi/4.9.3/../../../../arm-none-eabi/lib/armv7e-m\libc.a(lib_a-mallocr.o)
                                                  c:/program files (x86)/atmel studio/7.0/toolchain/arm/arm-gnu-toolchain/bin/../lib/gcc/arm-none-eabi/4.9.3/../../../../arm-none-eabi/lib/armv7e-m\libc.a(lib_a-freer.o)
__malloc_lock                                     c:/program files (x86)/atmel studio/7.0/toolchain/arm/arm-gnu-toolchain/bin/../lib/gcc/arm-none-eabi/4.9.3/../../../../arm-none-eabi/lib/armv7e-m\libc.a(lib_a-mlock.o)
                                                  c:/program files (x86)/atmel studio/7.0/toolchain/arm/arm-gnu-toolchain/bin/../lib/gcc/arm-none-eabi/4.9.3/../../../../arm-none-eabi/lib/armv7e-m\libc.a(lib_a-reallocr.o)
                                                  c:/program files (x86)/atmel studio/7.0/toolchain/arm/arm-gnu-toolchain/bin/../lib/gcc/arm-none-eabi/4.9.3/../../../../arm-none-eabi/lib/armv7e-m\libc.a(lib_a-freer.o)
                                                  c:/program files (x86)/atmel studio/7.0/toolchain/arm/arm-gnu-toolchain/bin/../lib/gcc/arm-none-eabi/4.9.3/../../../../arm-none-eabi/lib/armv7e-m\libc.a(lib_a-mallocr.o)
__malloc_max_sbrked_mem                           c:/program files (x86)/atmel studio/7.0/toolchain/arm/arm-gnu-toolchain/bin/../lib/gcc/arm-none-eabi/4.9.3/../../../../arm-none-eabi/lib/armv7e-m\libc.a(lib_a-mallocr.o)
__malloc_max_total_mem                            c:/program files (x86)/atmel studio/7.0/toolchain/arm/arm-gnu-toolchain/bin/../lib/gcc/arm-none-eabi/4.9.3/../../../../arm-none-eabi/lib/armv7e-m\libc.a(lib_a-mallocr.o)
__malloc_sbrk_base                                c:/program files (x86)/atmel studio/7.0/toolchain/arm/arm-gnu-toolchain/bin/../lib/gcc/arm-none-eabi/4.9.3/../../../../arm-none-eabi/lib/armv7e-m\libc.a(lib_a-mallocr.o)
                                                  c:/program files (x86)/atmel studio/7.0/toolchain/arm/arm-gnu-toolchain/bin/../lib/gcc/arm-none-eabi/4.9.3/../../../../arm-none-eabi/lib/armv7e-m\libc.a(lib_a-freer.o)
__malloc_top_pad                                  c:/program files (x86)/atmel studio/7.0/toolchain/arm/arm-gnu-toolchain/bin/../lib/gcc/arm-none-eabi/4.9.3/../../../../arm-none-eabi/lib/armv7e-m\libc.a(lib_a-mallocr.o)
                                                  c:/program files (x86)/atmel studio/7.0/toolchain/arm/arm-gnu-toolchain/bin/../lib/gcc/arm-none-eabi/4.9.3/../../../../arm-none-eabi/lib/armv7e-m\libc.a(lib_a-freer.o)
__malloc_trim_threshold                           c:/program files (x86)/atmel studio/7.0/toolchain/arm/arm-gnu-toolchain/bin/../lib/gcc/arm-none-eabi/4.9.3/../../../../arm-none-eabi/lib/armv7e-m\libc.a(lib_a-mallocr.o)
                                                  c:/program files (x86)/atmel studio/7.0/toolchain/arm/arm-gnu-toolchain/bin/../lib/gcc/arm-none-eabi/4.9.3/../../../../arm-none-eabi/lib/armv7e-m\libc.a(lib_a-freer.o)
__malloc_unlock                                   c:/program files (x86)/atmel studio/7.0/toolchain/arm/arm-gnu-toolchain/bin/../lib/gcc/arm-none-eabi/4.9.3/../../../../arm-none-eabi/lib/armv7e-m\libc.a(lib_a-mlock.o)
                                                  c:/program files (x86)/atmel studio/7.0/toolchain/arm/arm-gnu-toolchain/bin/../lib/gcc/arm-none-eabi/4.9.3/../../../../arm-none-eabi/lib/armv7e-m\libc.a(lib_a-reallocr.o)
                                                  c:/program files (x86)/atmel studio/7.0/toolchain/arm/arm-gnu-toolchain/bin/../lib/gcc/arm-none-eabi/4.9.3/../../../../arm-none-eabi/lib/armv7e-m\libc.a(lib_a-freer.o)
                                                  c:/program files (x86)/atmel studio/7.0/toolchain/arm/arm-gnu-toolchain/bin/../lib/gcc/arm-none-eabi/4.9.3/../../../../arm-none-eabi/lib/armv7e-m\libc.a(lib_a-mallocr.o)
__mb_cur_max                                      c:/program files (x86)/atmel studio/7.0/toolchain/arm/arm-gnu-toolchain/bin/../lib/gcc/arm-none-eabi/4.9.3/../../../../arm-none-eabi/lib/armv7e-m\libc.a(lib_a-locale.o)
__mlocale_changed                                 c:/program files (x86)/atmel studio/7.0/toolchain/arm/arm-gnu-toolchain/bin/../lib/gcc/arm-none-eabi/4.9.3/../../../../arm-none-eabi/lib/armv7e-m\libc.a(lib_a-locale.o)
__nlocale_changed                                 c:/program files (x86)/atmel studio/7.0/toolchain/arm/arm-gnu-toolchain/bin/../lib/gcc/arm-none-eabi/4.9.3/../../../../arm-none-eabi/lib/armv7e-m\libc.a(lib_a-locale.o)
__preinit_array_end                               c:/program files (x86)/atmel studio/7.0/toolchain/arm/arm-gnu-toolchain/bin/../lib/gcc/arm-none-eabi/4.9.3/../../../../arm-none-eabi/lib/armv7e-m\libc.a(lib_a-init.o)
__preinit_array_start                             c:/program files (x86)/atmel studio/7.0/toolchain/arm/arm-gnu-toolchain/bin/../lib/gcc/arm-none-eabi/4.9.3/../../../../arm-none-eabi/lib/armv7e-m\libc.a(lib_a-init.o)
__ram_end__                                       src/ASF/sam/utils/syscalls/gcc/syscalls.o
__register_exitproc                               c:/program files (x86)/atmel studio/7.0/toolchain/arm/arm-gnu-toolchain/bin/../lib/gcc/arm-none-eabi/4.9.3/../../../../arm-none-eabi/lib/armv7e-m\libc.a(lib_a-__atexit.o)
                                                  c:/program files (x86)/atmel studio/7.0/toolchain/arm/arm-gnu-toolchain/bin/../lib/gcc/arm-none-eabi/4.9.3/../../../../arm-none-eabi/lib/armv7e-m\libc.a(lib_a-atexit.o)
__register_frame_info                             c:/program files (x86)/atmel studio/7.0/toolchain/arm/arm-gnu-toolchain/bin/../lib/gcc/arm-none-eabi/4.9.3/armv7e-m/crtbegin.o
__sclose                                          c:/program files (x86)/atmel studio/7.0/toolchain/arm/arm-gnu-toolchain/bin/../lib/gcc/arm-none-eabi/4.9.3/../../../../arm-none-eabi/lib/armv7e-m\libc.a(lib_a-stdio.o)
                                                  c:/program files (x86)/atmel studio/7.0/toolchain/arm/arm-gnu-toolchain/bin/../lib/gcc/arm-none-eabi/4.9.3/../../../../arm-none-eabi/lib/armv7e-m\libc.a(lib_a-findfp.o)
__seofread                                        c:/program files (x86)/atmel studio/7.0/toolchain/arm/arm-gnu-toolchain/bin/../lib/gcc/arm-none-eabi/4.9.3/../../../../arm-none-eabi/lib/armv7e-m\libc.a(lib_a-stdio.o)
__sflush_r                                        c:/program files (x86)/atmel studio/7.0/toolchain/arm/arm-gnu-toolchain/bin/../lib/gcc/arm-none-eabi/4.9.3/../../../../arm-none-eabi/lib/armv7e-m\libc.a(lib_a-fflush.o)
                                                  c:/program files (x86)/atmel studio/7.0/toolchain/arm/arm-gnu-toolchain/bin/../lib/gcc/arm-none-eabi/4.9.3/../../../../arm-none-eabi/lib/armv7e-m\libc.a(lib_a-fclose.o)
__sfmoreglue                                      c:/program files (x86)/atmel studio/7.0/toolchain/arm/arm-gnu-toolchain/bin/../lib/gcc/arm-none-eabi/4.9.3/../../../../arm-none-eabi/lib/armv7e-m\libc.a(lib_a-findfp.o)
__sfp                                             c:/program files (x86)/atmel studio/7.0/toolchain/arm/arm-gnu-toolchain/bin/../lib/gcc/arm-none-eabi/4.9.3/../../../../arm-none-eabi/lib/armv7e-m\libc.a(lib_a-findfp.o)
__sfp_lock_acquire                                c:/program files (x86)/atmel studio/7.0/toolchain/arm/arm-gnu-toolchain/bin/../lib/gcc/arm-none-eabi/4.9.3/../../../../arm-none-eabi/lib/armv7e-m\libc.a(lib_a-findfp.o)
                                                  c:/program files (x86)/atmel studio/7.0/toolchain/arm/arm-gnu-toolchain/bin/../lib/gcc/arm-none-eabi/4.9.3/../../../../arm-none-eabi/lib/armv7e-m\libc.a(lib_a-fclose.o)
__sfp_lock_release                                c:/program files (x86)/atmel studio/7.0/toolchain/arm/arm-gnu-toolchain/bin/../lib/gcc/arm-none-eabi/4.9.3/../../../../arm-none-eabi/lib/armv7e-m\libc.a(lib_a-findfp.o)
                                                  c:/program files (x86)/atmel studio/7.0/toolchain/arm/arm-gnu-toolchain/bin/../lib/gcc/arm-none-eabi/4.9.3/../../../../arm-none-eabi/lib/armv7e-m\libc.a(lib_a-fclose.o)
__sfvwrite_r                                      c:/program files (x86)/atmel studio/7.0/toolchain/arm/arm-gnu-toolchain/bin/../lib/gcc/arm-none-eabi/4.9.3/../../../../arm-none-eabi/lib/armv7e-m\libc.a(lib_a-fvwrite.o)
                                                  c:/program files (x86)/atmel studio/7.0/toolchain/arm/arm-gnu-toolchain/bin/../lib/gcc/arm-none-eabi/4.9.3/../../../../arm-none-eabi/lib/armv7e-m\libc.a(lib_a-vfiprintf.o)
__sinit                                           c:/program files (x86)/atmel studio/7.0/toolchain/arm/arm-gnu-toolchain/bin/../lib/gcc/arm-none-eabi/4.9.3/../../../../arm-none-eabi/lib/armv7e-m\libc.a(lib_a-findfp.o)